Archive member included because of file (symbol)

c:/programmi/atmel/atmel toolchain/arm gcc/native/4.7.1416/arm-gnu-toolchain/bin/../lib/gcc/arm-none-eabi/4.7.4/../../../../arm-none-eabi/lib/armv7-m\libc.a(lib_a-__atexit.o)
                              c:/programmi/atmel/atmel toolchain/arm gcc/native/4.7.1416/arm-gnu-toolchain/bin/../lib/gcc/arm-none-eabi/4.7.4/../../../../arm-none-eabi/lib/armv7-m/crt0.o (__register_exitproc)
c:/programmi/atmel/atmel toolchain/arm gcc/native/4.7.1416/arm-gnu-toolchain/bin/../lib/gcc/arm-none-eabi/4.7.4/../../../../arm-none-eabi/lib/armv7-m\libc.a(lib_a-exit.o)
                              c:/programmi/atmel/atmel toolchain/arm gcc/native/4.7.1416/arm-gnu-toolchain/bin/../lib/gcc/arm-none-eabi/4.7.4/../../../../arm-none-eabi/lib/armv7-m/crt0.o (exit)
c:/programmi/atmel/atmel toolchain/arm gcc/native/4.7.1416/arm-gnu-toolchain/bin/../lib/gcc/arm-none-eabi/4.7.4/../../../../arm-none-eabi/lib/armv7-m\libc.a(lib_a-fini.o)
                              c:/programmi/atmel/atmel toolchain/arm gcc/native/4.7.1416/arm-gnu-toolchain/bin/../lib/gcc/arm-none-eabi/4.7.4/../../../../arm-none-eabi/lib/armv7-m/crt0.o (__libc_fini_array)
c:/programmi/atmel/atmel toolchain/arm gcc/native/4.7.1416/arm-gnu-toolchain/bin/../lib/gcc/arm-none-eabi/4.7.4/../../../../arm-none-eabi/lib/armv7-m\libc.a(lib_a-impure.o)
                              c:/programmi/atmel/atmel toolchain/arm gcc/native/4.7.1416/arm-gnu-toolchain/bin/../lib/gcc/arm-none-eabi/4.7.4/../../../../arm-none-eabi/lib/armv7-m\libc.a(lib_a-__atexit.o) (_global_impure_ptr)
c:/programmi/atmel/atmel toolchain/arm gcc/native/4.7.1416/arm-gnu-toolchain/bin/../lib/gcc/arm-none-eabi/4.7.4/../../../../arm-none-eabi/lib/armv7-m\libc.a(lib_a-init.o)
                              c:/programmi/atmel/atmel toolchain/arm gcc/native/4.7.1416/arm-gnu-toolchain/bin/../lib/gcc/arm-none-eabi/4.7.4/../../../../arm-none-eabi/lib/armv7-m/crt0.o (__libc_init_array)
c:/programmi/atmel/atmel toolchain/arm gcc/native/4.7.1416/arm-gnu-toolchain/bin/../lib/gcc/arm-none-eabi/4.7.4/../../../../arm-none-eabi/lib/armv7-m\libc.a(lib_a-iprintf.o)
                              src/ASF/sam/drivers/adc/adc.o (iprintf)
c:/programmi/atmel/atmel toolchain/arm gcc/native/4.7.1416/arm-gnu-toolchain/bin/../lib/gcc/arm-none-eabi/4.7.4/../../../../arm-none-eabi/lib/armv7-m\libc.a(lib_a-memcpy.o)
                              src/ASF/common/services/usb/class/cdc/device/udi_cdc.o (memcpy)
c:/programmi/atmel/atmel toolchain/arm gcc/native/4.7.1416/arm-gnu-toolchain/bin/../lib/gcc/arm-none-eabi/4.7.4/../../../../arm-none-eabi/lib/armv7-m\libc.a(lib_a-memset.o)
                              c:/programmi/atmel/atmel toolchain/arm gcc/native/4.7.1416/arm-gnu-toolchain/bin/../lib/gcc/arm-none-eabi/4.7.4/../../../../arm-none-eabi/lib/armv7-m/crt0.o (memset)
c:/programmi/atmel/atmel toolchain/arm gcc/native/4.7.1416/arm-gnu-toolchain/bin/../lib/gcc/arm-none-eabi/4.7.4/../../../../arm-none-eabi/lib/armv7-m\libc.a(lib_a-puts.o)
                              src/ASF/sam/drivers/adc/adc.o (puts)
c:/programmi/atmel/atmel toolchain/arm gcc/native/4.7.1416/arm-gnu-toolchain/bin/../lib/gcc/arm-none-eabi/4.7.4/../../../../arm-none-eabi/lib/armv7-m\libc.a(lib_a-strlen.o)
                              c:/programmi/atmel/atmel toolchain/arm gcc/native/4.7.1416/arm-gnu-toolchain/bin/../lib/gcc/arm-none-eabi/4.7.4/../../../../arm-none-eabi/lib/armv7-m\libc.a(lib_a-puts.o) (strlen)
c:/programmi/atmel/atmel toolchain/arm gcc/native/4.7.1416/arm-gnu-toolchain/bin/../lib/gcc/arm-none-eabi/4.7.4/../../../../arm-none-eabi/lib/armv7-m\libc.a(lib_a-vfiprintf.o)
                              c:/programmi/atmel/atmel toolchain/arm gcc/native/4.7.1416/arm-gnu-toolchain/bin/../lib/gcc/arm-none-eabi/4.7.4/../../../../arm-none-eabi/lib/armv7-m\libc.a(lib_a-iprintf.o) (_vfiprintf_r)
c:/programmi/atmel/atmel toolchain/arm gcc/native/4.7.1416/arm-gnu-toolchain/bin/../lib/gcc/arm-none-eabi/4.7.4/../../../../arm-none-eabi/lib/armv7-m\libc.a(lib_a-wsetup.o)
                              c:/programmi/atmel/atmel toolchain/arm gcc/native/4.7.1416/arm-gnu-toolchain/bin/../lib/gcc/arm-none-eabi/4.7.4/../../../../arm-none-eabi/lib/armv7-m\libc.a(lib_a-vfiprintf.o) (__swsetup_r)
c:/programmi/atmel/atmel toolchain/arm gcc/native/4.7.1416/arm-gnu-toolchain/bin/../lib/gcc/arm-none-eabi/4.7.4/../../../../arm-none-eabi/lib/armv7-m\libc.a(lib_a-__call_atexit.o)
                              c:/programmi/atmel/atmel toolchain/arm gcc/native/4.7.1416/arm-gnu-toolchain/bin/../lib/gcc/arm-none-eabi/4.7.4/../../../../arm-none-eabi/lib/armv7-m\libc.a(lib_a-exit.o) (__call_exitprocs)
c:/programmi/atmel/atmel toolchain/arm gcc/native/4.7.1416/arm-gnu-toolchain/bin/../lib/gcc/arm-none-eabi/4.7.4/../../../../arm-none-eabi/lib/armv7-m\libc.a(lib_a-atexit.o)
[...]
Memory Configuration

Name             Origin             Length             Attributes
rom              0x00080000         0x00080000         xr
sram0            0x20000000         0x00010000         xrw
sram1            0x20080000         0x00008000         xrw
ram              0x20070000         0x00018000         xrw
*default*        0x00000000         0xffffffff

Linker script and memory map

LOAD c:/programmi/atmel/atmel toolchain/arm gcc/native/4.7.1416/arm-gnu-toolchain/bin/../lib/gcc/arm-none-eabi/4.7.4/armv7-m/crti.o
LOAD c:/programmi/atmel/atmel toolchain/arm gcc/native/4.7.1416/arm-gnu-toolchain/bin/../lib/gcc/arm-none-eabi/4.7.4/armv7-m/crtbegin.o
LOAD c:/programmi/atmel/atmel toolchain/arm gcc/native/4.7.1416/arm-gnu-toolchain/bin/../lib/gcc/arm-none-eabi/4.7.4/../../../../arm-none-eabi/lib/armv7-m/crt0.o
LOAD src/ASF/common/services/delay/sam/cycle_counter.o
LOAD src/ASF/common/services/sleepmgr/sam/sleepmgr.o
LOAD src/ASF/common/services/usb/class/cdc/device/udi_cdc.o
LOAD src/ASF/common/services/usb/class/cdc/device/udi_cdc_desc.o
LOAD src/ASF/common/services/usb/udc/udc.o
LOAD src/ASF/sam/drivers/adc/adc.o
LOAD src/ASF/sam/drivers/adc/adc_sam3u.o
LOAD src/ASF/sam/drivers/can/can.o
LOAD src/ASF/sam/drivers/dacc/dacc.o
LOAD src/ASF/sam/drivers/dmac/dmac.o
LOAD src/ASF/sam/drivers/pdc/pdc.o
LOAD src/ASF/sam/drivers/pwm/pwm.o
LOAD src/ASF/sam/drivers/rtc/rtc.o
LOAD src/ASF/sam/drivers/rtt/rtt.o
LOAD src/ASF/sam/drivers/tc/tc.o
LOAD src/ASF/sam/drivers/uotghs/uotghs_device.o
LOAD src/ASF/sam/drivers/wdt/wdt.o
LOAD src/main.o
LOAD src/ASF/common/services/clock/sam3x/sysclk.o
LOAD src/ASF/common/utils/interrupt/interrupt_sam_nvic.o
LOAD src/ASF/sam/boards/arduino_due_x/init.o
LOAD src/ASF/sam/drivers/pio/pio.o
LOAD src/ASF/sam/drivers/pio/pio_handler.o
LOAD src/ASF/sam/drivers/pmc/pmc.o
LOAD src/ASF/sam/drivers/pmc/sleep.o
LOAD src/ASF/sam/utils/cmsis/sam3x/source/templates/exceptions.o
LOAD src/ASF/sam/utils/cmsis/sam3x/source/templates/gcc/startup_sam3x.o
LOAD src/ASF/sam/utils/cmsis/sam3x/source/templates/system_sam3x.o
LOAD src/ASF/sam/utils/syscalls/gcc/syscalls.o
START GROUP
LOAD ../src/ASF/thirdparty/CMSIS/Lib/GCC\libarm_cortexM3l_math.a
LOAD c:/programmi/atmel/atmel toolchain/arm gcc/native/4.7.1416/arm-gnu-toolchain/bin/../lib/gcc/arm-none-eabi/4.7.4/../../../../arm-none-eabi/lib/armv7-m\libm.a
END GROUP
START GROUP
LOAD c:/programmi/atmel/atmel toolchain/arm gcc/native/4.7.1416/arm-gnu-toolchain/bin/../lib/gcc/arm-none-eabi/4.7.4/armv7-m\libgcc.a
LOAD c:/programmi/atmel/atmel toolchain/arm gcc/native/4.7.1416/arm-gnu-toolchain/bin/../lib/gcc/arm-none-eabi/4.7.4/../../../../arm-none-eabi/lib/armv7-m\libc.a
END GROUP
LOAD c:/programmi/atmel/atmel toolchain/arm gcc/native/4.7.1416/arm-gnu-toolchain/bin/../lib/gcc/arm-none-eabi/4.7.4/armv7-m/crtend.o
LOAD c:/programmi/atmel/atmel toolchain/arm gcc/native/4.7.1416/arm-gnu-toolchain/bin/../lib/gcc/arm-none-eabi/4.7.4/armv7-m/crtn.o
                [0x00002000]                __stack_size__ = DEFINED (__stack_size__)?__stack_size__:0x2000

.text           0x00080000     0x1e90
                0x00080000                . = ALIGN (0x4)
                0x00080000                _sfixed = .
 *(.vectors .vectors.*)
 .vectors       0x00080000       0xf4 src/ASF/sam/utils/cmsis/sam3x/source/templates/gcc/startup_sam3x.o
                0x00080000                exception_table
 *(.text .text.* .gnu.linkonce.t.*)
 .text          0x000800f4       0xb0 c:/programmi/atmel/atmel toolchain/arm gcc/native/4.7.1416/arm-gnu-toolchain/bin/../lib/gcc/arm-none-eabi/4.7.4/armv7-m/crtbegin.o
 .text.cpu_irq_save
                0x000801a4       0x1c src/ASF/common/services/usb/class/cdc/device/udi_cdc.o
 .text.udi_cdc_comm_enable
                0x000801c0       0x54 src/ASF/common/services/usb/class/cdc/device/udi_cdc.o
                0x000801c0                udi_cdc_comm_enable
 .text.udi_cdc_comm_disable
                0x00080214       0x10 src/ASF/common/services/usb/class/cdc/device/udi_cdc.o
                0x00080214                udi_cdc_comm_disable
 .text.udi_cdc_data_disable
                0x00080224       0x1c src/ASF/common/services/usb/class/cdc/device/udi_cdc.o
                0x00080224                udi_cdc_data_disable
 .text.udi_cdc_data_setup
                0x00080240        0x4 src/ASF/common/services/usb/class/cdc/device/udi_cdc.o
                0x00080240                udi_cdc_data_setup
 .text.udi_cdc_getsetting
                0x00080244        0x4 src/ASF/common/services/usb/class/cdc/device/udi_cdc.o
                0x00080244                udi_cdc_getsetting
 .text.udi_cdc_line_coding_received
                0x00080248        0x2 src/ASF/common/services/usb/class/cdc/device/udi_cdc.o
 *fill*         0x0008024a        0x2 00
 .text.cpu_irq_restore
                0x0008024c       0x14 src/ASF/common/services/usb/class/cdc/device/udi_cdc.o
 .text.udi_cdc_comm_setup
                0x00080260       0x5c src/ASF/common/services/usb/class/cdc/device/udi_cdc.o
                0x00080260                udi_cdc_comm_setup
 .text.udi_cdc_tx_send.isra.5
                0x000802bc      0x108 src/ASF/common/services/usb/class/cdc/device/udi_cdc.o
 .text.udi_cdc_data_sof_notify
                0x000803c4        0xc src/ASF/common/services/usb/class/cdc/device/udi_cdc.o
                0x000803c4                udi_cdc_data_sof_notify
 .text.udi_cdc_data_sent
                0x000803d0       0x38 src/ASF/common/services/usb/class/cdc/device/udi_cdc.o
 .text.udi_cdc_multi_get_nb_received_data
                0x00080408       0x34 src/ASF/common/services/usb/class/cdc/device/udi_cdc.o
                0x00080408                udi_cdc_multi_get_nb_received_data
 .text.udi_cdc_multi_is_rx_ready
                0x0008043c       0x14 src/ASF/common/services/usb/class/cdc/device/udi_cdc.o
                0x0008043c                udi_cdc_multi_is_rx_ready
 .text.udi_cdc_rx_start.isra.8
                0x00080450       0x88 src/ASF/common/services/usb/class/cdc/device/udi_cdc.o
 .text.udi_cdc_data_received
                0x000804d8       0x54 src/ASF/common/services/usb/class/cdc/device/udi_cdc.o
 .text.udi_cdc_data_enable
                0x0008052c       0x88 src/ASF/common/services/usb/class/cdc/device/udi_cdc.o
                0x0008052c                udi_cdc_data_enable
 .text.udc_valid_address
                0x000805b4       0x18 src/ASF/common/services/usb/udc/udc.o
 .text.udc_update_iface_desc
                0x000805cc       0x58 src/ASF/common/services/usb/udc/udc.o
 .text.udc_next_desc_in_iface.constprop.3
                0x00080624       0x28 src/ASF/common/services/usb/udc/udc.o
 .text.udc_iface_disable
                0x0008064c       0x54 src/ASF/common/services/usb/udc/udc.o
 .text.udc_iface_enable
                0x000806a0       0x50 src/ASF/common/services/usb/udc/udc.o
 .text.udc_reset
                0x000806f0       0x40 src/ASF/common/services/usb/udc/udc.o
                0x000806f0                udc_reset
 .text.udc_sof_notify
                0x00080730       0x34 src/ASF/common/services/usb/udc/udc.o
                0x00080730                udc_sof_notify
 .text.udc_process_setup
                0x00080764      0x374 src/ASF/common/services/usb/udc/udc.o
                0x00080764                udc_process_setup
 .text.cpu_irq_save
                0x00080ad8       0x1c src/ASF/sam/drivers/uotghs/uotghs_device.o
 .text.udd_ctrl_stall_data
                0x00080af4       0x18 src/ASF/sam/drivers/uotghs/uotghs_device.o
 .text.udd_ctrl_endofrequest
                0x00080b0c       0x10 src/ASF/sam/drivers/uotghs/uotghs_device.o
 .text.cpu_irq_restore
                0x00080b1c       0x14 src/ASF/sam/drivers/uotghs/uotghs_device.o
 .text.udd_sleep_mode
                0x00080b30       0x40 src/ASF/sam/drivers/uotghs/uotghs_device.o
 .text.udd_ctrl_init
                0x00080b70       0x40 src/ASF/sam/drivers/uotghs/uotghs_device.o
 .text.udd_ctrl_send_zlp_in
                0x00080bb0       0x38 src/ASF/sam/drivers/uotghs/uotghs_device.o
 .text.udd_ctrl_in_sent
                0x00080be8      0x108 src/ASF/sam/drivers/uotghs/uotghs_device.o
 .text.udd_ep_finish_job
                0x00080cf0       0x30 src/ASF/sam/drivers/uotghs/uotghs_device.o
 .text.udd_ep_trans_done
                0x00080d20      0x140 src/ASF/sam/drivers/uotghs/uotghs_device.o
 .text.udd_attach
                0x00080e60       0x70 src/ASF/sam/drivers/uotghs/uotghs_device.o
                0x00080e60                udd_attach
 .text.udd_detach
                0x00080ed0       0x34 src/ASF/sam/drivers/uotghs/uotghs_device.o
                0x00080ed0                udd_detach
 .text.UOTGHS_Handler
                0x00080f04      0x4c0 src/ASF/sam/drivers/uotghs/uotghs_device.o
                0x00080f04                UOTGHS_Handler
 .text.udd_is_high_speed
                0x000813c4        0x4 src/ASF/sam/drivers/uotghs/uotghs_device.o
                0x000813c4                udd_is_high_speed
 .text.udd_set_address
                0x000813c8       0x28 src/ASF/sam/drivers/uotghs/uotghs_device.o
                0x000813c8                udd_set_address
 .text.udd_getaddress
                0x000813f0       0x10 src/ASF/sam/drivers/uotghs/uotghs_device.o
                0x000813f0                udd_getaddress
 .text.udd_get_frame_number
                0x00081400       0x10 src/ASF/sam/drivers/uotghs/uotghs_device.o
                0x00081400                udd_get_frame_number
 .text.udd_get_micro_frame_number
                0x00081410       0x10 src/ASF/sam/drivers/uotghs/uotghs_device.o
                0x00081410                udd_get_micro_frame_number
 .text.udd_set_setup_payload
                0x00081420        0xc src/ASF/sam/drivers/uotghs/uotghs_device.o
                0x00081420                udd_set_setup_payload
 .text.udd_ep_free
                0x0008142c       0x54 src/ASF/sam/drivers/uotghs/uotghs_device.o
                0x0008142c                udd_ep_free
 .text.udd_ep_is_halted
                0x00081480       0x14 src/ASF/sam/drivers/uotghs/uotghs_device.o
                0x00081480                udd_ep_is_halted
 .text.udd_ep_set_halt
                0x00081494       0xb0 src/ASF/sam/drivers/uotghs/uotghs_device.o
                0x00081494                udd_ep_set_halt
 .text.udd_ep_clear_halt
                0x00081544       0xb0 src/ASF/sam/drivers/uotghs/uotghs_device.o
                0x00081544                udd_ep_clear_halt
 .text.udd_ep_run
                0x000815f4       0xbc src/ASF/sam/drivers/uotghs/uotghs_device.o
                0x000815f4                udd_ep_run
 .text.udd_ep_alloc
                0x000816b0      0x1a0 src/ASF/sam/drivers/uotghs/uotghs_device.o
                0x000816b0                udd_ep_alloc
 .text.udd_ep_abort
                0x00081850       0x7c src/ASF/sam/drivers/uotghs/uotghs_device.o
                0x00081850                udd_ep_abort
 .text.startup.main
                0x000818cc       0x20 src/main.o
                0x000818cc                main
 .text.board_init
                0x000818ec       0xb8 src/ASF/sam/boards/arduino_due_x/init.o
                0x000818ec                board_init
 .text.pio_set_peripheral
                0x000819a4       0x3c src/ASF/sam/drivers/pio/pio.o
                0x000819a4                pio_set_peripheral
 .text.pio_set_input
                0x000819e0       0x26 src/ASF/sam/drivers/pio/pio.o
                0x000819e0                pio_set_input
 .text.pio_set_output
                0x00081a06       0x24 src/ASF/sam/drivers/pio/pio.o
                0x00081a06                pio_set_output
 .text.pio_get_interrupt_status
                0x00081a2a        0x4 src/ASF/sam/drivers/pio/pio.o
                0x00081a2a                pio_get_interrupt_status
 .text.pio_get_interrupt_mask
                0x00081a2e        0x4 src/ASF/sam/drivers/pio/pio.o
                0x00081a2e                pio_get_interrupt_mask
 .text.pio_set_pin_high
                0x00081a32       0x1a src/ASF/sam/drivers/pio/pio.o
                0x00081a32                pio_set_pin_high
 .text.pio_set_pin_low
                0x00081a4c       0x1a src/ASF/sam/drivers/pio/pio.o
                0x00081a4c                pio_set_pin_low
 *fill*         0x00081a66        0x2 00
 .text.pio_configure_pin
                0x00081a68       0xc4 src/ASF/sam/drivers/pio/pio.o
                0x00081a68                pio_configure_pin
 .text.pio_configure_pin_group
                0x00081b2c       0x88 src/ASF/sam/drivers/pio/pio.o
                0x00081b2c                pio_configure_pin_group
 .text.pio_handler_process
                0x00081bb4       0x4c src/ASF/sam/drivers/pio/pio_handler.o
                0x00081bb4                pio_handler_process
 .text.PIOA_Handler
                0x00081c00       0x14 src/ASF/sam/drivers/pio/pio_handler.o
                0x00081c00                PIOA_Handler
 .text.PIOB_Handler
                0x00081c14       0x14 src/ASF/sam/drivers/pio/pio_handler.o
                0x00081c14                PIOB_Handler
 .text.PIOC_Handler
                0x00081c28       0x14 src/ASF/sam/drivers/pio/pio_handler.o
                0x00081c28                PIOC_Handler
 .text.PIOD_Handler
                0x00081c3c       0x14 src/ASF/sam/drivers/pio/pio_handler.o
                0x00081c3c                PIOD_Handler
 .text.pmc_enable_periph_clk
                0x00081c50       0x44 src/ASF/sam/drivers/pmc/pmc.o
                0x00081c50                pmc_enable_periph_clk
 .text.pmc_is_wakeup_clocks_restored
                0x00081c94       0x10 src/ASF/sam/drivers/pmc/sleep.o
                0x00081c94                pmc_is_wakeup_clocks_restored
 .text.Dummy_Handler
                0x00081ca4        0x2 src/ASF/sam/utils/cmsis/sam3x/source/templates/exceptions.o
                0x00081ca4                DACC_Handler
                0x00081ca4                DebugMon_Handler
                0x00081ca4                DMAC_Handler
                0x00081ca4                TRNG_Handler
                0x00081ca4                HardFault_Handler
                0x00081ca4                TC2_Handler
                0x00081ca4                SysTick_Handler
                0x00081ca4                USART3_Handler
                0x00081ca4                TWI1_Handler
                0x00081ca4                PendSV_Handler
                0x00081ca4                NMI_Handler
                0x00081ca4                TC7_Handler
                0x00081ca4                ADC_Handler
                0x00081ca4                SMC_Handler
                0x00081ca4                USART0_Handler
                0x00081ca4                RTT_Handler
                0x00081ca4                EFC1_Handler
                0x00081ca4                RTC_Handler
                0x00081ca4                UsageFault_Handler
                0x00081ca4                TC6_Handler
                0x00081ca4                WDT_Handler
                0x00081ca4                CAN0_Handler
                0x00081ca4                TC4_Handler
                0x00081ca4                TC1_Handler
                0x00081ca4                HSMCI_Handler
                0x00081ca4                TC3_Handler
                0x00081ca4                Dummy_Handler
                0x00081ca4                TWI0_Handler
                0x00081ca4                USART1_Handler
                0x00081ca4                SSC_Handler
                0x00081ca4                EFC0_Handler
                0x00081ca4                PMC_Handler
                0x00081ca4                PWM_Handler
                0x00081ca4                CAN1_Handler
                0x00081ca4                MemManage_Handler
                0x00081ca4                SUPC_Handler
                0x00081ca4                SVC_Handler
                0x00081ca4                TC8_Handler
                0x00081ca4                USART2_Handler
                0x00081ca4                EMAC_Handler
                0x00081ca4                UART_Handler
                0x00081ca4                BusFault_Handler
                0x00081ca4                RSTC_Handler
                0x00081ca4                TC0_Handler
                0x00081ca4                TC5_Handler
                0x00081ca4                SPI0_Handler
 *fill*         0x00081ca6        0x2 00
 .text.Reset_Handler
                0x00081ca8       0x80 src/ASF/sam/utils/cmsis/sam3x/source/templates/gcc/startup_sam3x.o
                0x00081ca8                Reset_Handler
 .text          0x00081d28       0x9c c:/programmi/atmel/atmel toolchain/arm gcc/native/4.7.1416/arm-gnu-toolchain/bin/../lib/gcc/arm-none-eabi/4.7.4/../../../../arm-none-eabi/lib/armv7-m\libc.a(lib_a-__atexit.o)
                0x00081d28                __register_exitproc
 .text          0x00081dc4       0x2c c:/programmi/atmel/atmel toolchain/arm gcc/native/4.7.1416/arm-gnu-toolchain/bin/../lib/gcc/arm-none-eabi/4.7.4/../../../../arm-none-eabi/lib/armv7-m\libc.a(lib_a-fini.o)
                0x00081dc4                __libc_fini_array
 .text          0x00081df0       0x4c c:/programmi/atmel/atmel toolchain/arm gcc/native/4.7.1416/arm-gnu-toolchain/bin/../lib/gcc/arm-none-eabi/4.7.4/../../../../arm-none-eabi/lib/armv7-m\libc.a(lib_a-init.o)
                0x00081df0                __libc_init_array
 .text.startup  0x00081e3c       0x14 c:/programmi/atmel/atmel toolchain/arm gcc/native/4.7.1416/arm-gnu-toolchain/bin/../lib/gcc/arm-none-eabi/4.7.4/../../../../arm-none-eabi/lib/armv7-m\libc.a(lib_a-__call_atexit.o)
 .text          0x00081e50        0xc c:/programmi/atmel/atmel toolchain/arm gcc/native/4.7.1416/arm-gnu-toolchain/bin/../lib/gcc/arm-none-eabi/4.7.4/../../../../arm-none-eabi/lib/armv7-m\libc.a(lib_a-atexit.o)
                0x00081e50                atexit
 *(.glue_7t)
 .glue_7t       0x00000000        0x0 linker stubs
 *(.glue_7)
 .glue_7        0x00000000        0x0 linker stubs
 *(.rodata .rodata* .gnu.linkonce.r.*)
 .rodata.str1.1
                0x00081e5c        0x7 src/ASF/common/services/usb/udc/udc.o
 *fill*         0x00081e63        0x1 00
 .rodata        0x00081e64        0x4 c:/programmi/atmel/atmel toolchain/arm gcc/native/4.7.1416/arm-gnu-toolchain/bin/../lib/gcc/arm-none-eabi/4.7.4/../../../../arm-none-eabi/lib/armv7-m\libc.a(lib_a-impure.o)
                0x00081e64                _global_impure_ptr
 .rodata.str1.1
                0x00081e68        0x2 c:/programmi/atmel/atmel toolchain/arm gcc/native/4.7.1416/arm-gnu-toolchain/bin/../lib/gcc/arm-none-eabi/4.7.4/../../../../arm-none-eabi/lib/armv7-m\libc.a(lib_a-impure.o)
 *(.ARM.extab* .gnu.linkonce.armextab.*)
                0x00081e6c                . = ALIGN (0x4)
 *fill*         0x00081e6a        0x2 00
 *(.init)
 .init          0x00081e6c        0x4 c:/programmi/atmel/atmel toolchain/arm gcc/native/4.7.1416/arm-gnu-toolchain/bin/../lib/gcc/arm-none-eabi/4.7.4/armv7-m/crti.o
                0x00081e6c                _init
 .init          0x00081e70        0x8 c:/programmi/atmel/atmel toolchain/arm gcc/native/4.7.1416/arm-gnu-toolchain/bin/../lib/gcc/arm-none-eabi/4.7.4/armv7-m/crtn.o
                0x00081e78                . = ALIGN (0x4)
                0x00081e78                __preinit_array_start = .
 *(.preinit_array)
                0x00081e78                __preinit_array_end = .
                0x00081e78                . = ALIGN (0x4)
                0x00081e78                __init_array_start = .
 *(SORT(.init_array.*))
 .init_array.00000
                0x00081e78        0x4 c:/programmi/atmel/atmel toolchain/arm gcc/native/4.7.1416/arm-gnu-toolchain/bin/../lib/gcc/arm-none-eabi/4.7.4/../../../../arm-none-eabi/lib/armv7-m\libc.a(lib_a-__call_atexit.o)
 *(.init_array)
 .init_array    0x00081e7c        0x4 c:/programmi/atmel/atmel toolchain/arm gcc/native/4.7.1416/arm-gnu-toolchain/bin/../lib/gcc/arm-none-eabi/4.7.4/armv7-m/crtbegin.o
                0x00081e80                __init_array_end = .
                0x00081e80                . = ALIGN (0x4)
 *crtbegin.o(.ctors)
 *(EXCLUDE_FILE(*crtend.o) .ctors)
 *(SORT(.ctors.*))
 *crtend.o(.ctors)
                0x00081e80                . = ALIGN (0x4)
 *(.fini)
 .fini          0x00081e80        0x4 c:/programmi/atmel/atmel toolchain/arm gcc/native/4.7.1416/arm-gnu-toolchain/bin/../lib/gcc/arm-none-eabi/4.7.4/armv7-m/crti.o
                0x00081e80                _fini
 .fini          0x00081e84        0x8 c:/programmi/atmel/atmel toolchain/arm gcc/native/4.7.1416/arm-gnu-toolchain/bin/../lib/gcc/arm-none-eabi/4.7.4/armv7-m/crtn.o
                0x00081e8c                . = ALIGN (0x4)
                0x00081e8c                __fini_array_start = .
 *(.fini_array)
 .fini_array    0x00081e8c        0x4 c:/programmi/atmel/atmel toolchain/arm gcc/native/4.7.1416/arm-gnu-toolchain/bin/../lib/gcc/arm-none-eabi/4.7.4/armv7-m/crtbegin.o
 *(SORT(.fini_array.*))
                0x00081e90                __fini_array_end = .
 *crtbegin.o(.dtors)
 *(EXCLUDE_FILE(*crtend.o) .dtors)
 *(SORT(.dtors.*))
 *crtend.o(.dtors)
                0x00081e90                . = ALIGN (0x4)
                0x00081e90                _efixed = .
                0x00081e90                PROVIDE (__exidx_start, .)

.vfp11_veneer   0x00081e90        0x0
 .vfp11_veneer  0x00000000        0x0 linker stubs

.v4_bx          0x00081e90        0x0
 .v4_bx         0x00000000        0x0 linker stubs

.iplt           0x00081e90        0x0
 .iplt          0x00000000        0x0 c:/programmi/atmel/atmel toolchain/arm gcc/native/4.7.1416/arm-gnu-toolchain/bin/../lib/gcc/arm-none-eabi/4.7.4/armv7-m/crtbegin.o

.eh_frame       0x00081e90        0x0
 .eh_frame      0x00081e90        0x0 c:/programmi/atmel/atmel toolchain/arm gcc/native/4.7.1416/arm-gnu-toolchain/bin/../lib/gcc/arm-none-eabi/4.7.4/armv7-m/crtbegin.o

.rel.dyn        0x00081e90        0x0
 .rel.iplt      0x00000000        0x0 c:/programmi/atmel/atmel toolchain/arm gcc/native/4.7.1416/arm-gnu-toolchain/bin/../lib/gcc/arm-none-eabi/4.7.4/armv7-m/crtbegin.o

.jcr            0x00081e90        0x0
 .jcr           0x00081e90        0x0 c:/programmi/atmel/atmel toolchain/arm gcc/native/4.7.1416/arm-gnu-toolchain/bin/../lib/gcc/arm-none-eabi/4.7.4/armv7-m/crtbegin.o

.tm_clone_table
                0x00081e90        0x0
 .tm_clone_table
                0x00081e90        0x0 c:/programmi/atmel/atmel toolchain/arm gcc/native/4.7.1416/arm-gnu-toolchain/bin/../lib/gcc/arm-none-eabi/4.7.4/armv7-m/crtbegin.o
 .tm_clone_table
                0x00081e90        0x0 c:/programmi/atmel/atmel toolchain/arm gcc/native/4.7.1416/arm-gnu-toolchain/bin/../lib/gcc/arm-none-eabi/4.7.4/armv7-m/crtend.o

.igot.plt       0x00081e90        0x0
 .igot.plt      0x00000000        0x0 c:/programmi/atmel/atmel toolchain/arm gcc/native/4.7.1416/arm-gnu-toolchain/bin/../lib/gcc/arm-none-eabi/4.7.4/armv7-m/crtbegin.o

.ARM.exidx
 *(.ARM.exidx* .gnu.linkonce.armexidx.*)
                0x00081e90                PROVIDE (__exidx_end, .)
                0x00081e90                . = ALIGN (0x4)
                0x00081e90                _etext = .

.relocate       0x20070000      0x518 load address 0x00081e90
                0x20070000                . = ALIGN (0x4)
                0x20070000                _srelocate = .
 *(.ramfunc .ramfunc.*)
 *(.data .data.*)
 .data.udi_api_cdc_data
                0x20070000       0x14 src/ASF/common/services/usb/class/cdc/device/udi_cdc.o
                0x20070000                udi_api_cdc_data
 .data.udi_api_cdc_comm
                0x20070014       0x14 src/ASF/common/services/usb/class/cdc/device/udi_cdc.o
                0x20070014                udi_api_cdc_comm
 .data.udc_config
                0x20070028        0x8 src/ASF/common/services/usb/class/cdc/device/udi_cdc_desc.o
                0x20070028                udc_config
 .data.udi_apis
                0x20070030        0x8 src/ASF/common/services/usb/class/cdc/device/udi_cdc_desc.o
                0x20070030                udi_apis
 .data.udc_config_fs
                0x20070038        0x8 src/ASF/common/services/usb/class/cdc/device/udi_cdc_desc.o
                0x20070038                udc_config_fs
 .data.udc_device_desc
                0x20070040       0x14 src/ASF/common/services/usb/class/cdc/device/udi_cdc_desc.o
                0x20070040                udc_device_desc
 .data.udc_desc_fs
                0x20070054       0x44 src/ASF/common/services/usb/class/cdc/device/udi_cdc_desc.o
                0x20070054                udc_desc_fs
 .data.udc_string_product_name
                0x20070098       0x12 src/ASF/common/services/usb/udc/udc.o
 .data.udc_string_manufacturer_name
                0x200700aa        0xd src/ASF/common/services/usb/udc/udc.o
 *fill*         0x200700b7        0x1 00
 .data.udc_string_desc
                0x200700b8       0x24 src/ASF/common/services/usb/udc/udc.o
 .data.udc_string_desc_languageid
                0x200700dc        0x4 src/ASF/common/services/usb/udc/udc.o
 .data.g_interrupt_enabled
                0x200700e0        0x1 src/ASF/common/utils/interrupt/interrupt_sam_nvic.o
                0x200700e0                g_interrupt_enabled
 *fill*         0x200700e1        0x7 00
 .data          0x200700e8      0x430 c:/programmi/atmel/atmel toolchain/arm gcc/native/4.7.1416/arm-gnu-toolchain/bin/../lib/gcc/arm-none-eabi/4.7.4/../../../../arm-none-eabi/lib/armv7-m\libc.a(lib_a-impure.o)
                0x200700e8                _impure_ptr
                0x20070518                . = ALIGN (0x4)
                0x20070518                _erelocate = .

.bss            0x20070518      0x240 load address 0x000823a8
                0x20070518                . = ALIGN (0x4)
                0x20070518                _sbss = .
                0x20070518                _szero = .
 *(.bss .bss.*)
 .bss           0x20070518       0x1c c:/programmi/atmel/atmel toolchain/arm gcc/native/4.7.1416/arm-gnu-toolchain/bin/../lib/gcc/arm-none-eabi/4.7.4/armv7-m/crtbegin.o
 .bss.udi_cdc_rx_trans_ongoing
                0x20070534        0x1 src/ASF/common/services/usb/class/cdc/device/udi_cdc.o
 .bss.udi_cdc_line_coding
                0x20070535        0x7 src/ASF/common/services/usb/class/cdc/device/udi_cdc.o
 .bss.udi_cdc_nb_data_enabled
                0x2007053c        0x1 src/ASF/common/services/usb/class/cdc/device/udi_cdc.o
 .bss.udi_cdc_tx_buf_sel
                0x2007053d        0x1 src/ASF/common/services/usb/class/cdc/device/udi_cdc.o
 .bss.udi_cdc_tx_buf_nb
                0x2007053e        0x4 src/ASF/common/services/usb/class/cdc/device/udi_cdc.o
 *fill*         0x20070542        0x2 00
 .bss.udi_cdc_tx_buf
                0x20070544       0x80 src/ASF/common/services/usb/class/cdc/device/udi_cdc.o
 .bss.udi_cdc_rx_buf_nb
                0x200705c4        0x4 src/ASF/common/services/usb/class/cdc/device/udi_cdc.o
 .bss.udi_cdc_nb_comm_enabled
                0x200705c8        0x1 src/ASF/common/services/usb/class/cdc/device/udi_cdc.o
 *fill*         0x200705c9        0x1 00
 .bss.udi_cdc_rx_pos
                0x200705ca        0x2 src/ASF/common/services/usb/class/cdc/device/udi_cdc.o
 .bss.udi_cdc_tx_sof_num
                0x200705cc        0x2 src/ASF/common/services/usb/class/cdc/device/udi_cdc.o
 .bss.udi_cdc_data_running
                0x200705ce        0x1 src/ASF/common/services/usb/class/cdc/device/udi_cdc.o
 .bss.udi_cdc_rx_buf_sel
                0x200705cf        0x1 src/ASF/common/services/usb/class/cdc/device/udi_cdc.o
 .bss.udi_cdc_tx_trans_ongoing
                0x200705d0        0x1 src/ASF/common/services/usb/class/cdc/device/udi_cdc.o
 *fill*         0x200705d1        0x3 00
 .bss.uid_cdc_state_msg
                0x200705d4        0xc src/ASF/common/services/usb/class/cdc/device/udi_cdc.o
 .bss.udi_cdc_rx_buf
                0x200705e0       0x80 src/ASF/common/services/usb/class/cdc/device/udi_cdc.o
 .bss.sof_zlp_counter.7629
                0x20070660        0x2 src/ASF/common/services/usb/class/cdc/device/udi_cdc.o
 .bss.udi_cdc_tx_both_buf_to_send
                0x20070662        0x1 src/ASF/common/services/usb/class/cdc/device/udi_cdc.o
 *fill*         0x20070663        0x1 00
 .bss.udi_cdc_state
                0x20070664        0x2 src/ASF/common/services/usb/class/cdc/device/udi_cdc.o
 .bss.udc_iface_setting.7359
                0x20070666        0x1 src/ASF/common/services/usb/udc/udc.o
 *fill*         0x20070667        0x1 00
 .bss.udc_ptr_conf
                0x20070668        0x4 src/ASF/common/services/usb/udc/udc.o
 .bss.udc_ep_status.7300
                0x2007066c        0x2 src/ASF/common/services/usb/udc/udc.o
 .bss.udc_device_status
                0x2007066e        0x2 src/ASF/common/services/usb/udc/udc.o
 .bss.udc_num_configuration
                0x20070670        0x1 src/ASF/common/services/usb/udc/udc.o
 *fill*         0x20070671        0x3 00
 .bss.udc_ptr_iface
                0x20070674        0x4 src/ASF/common/services/usb/udc/udc.o
 .bss.udd_ep_job
                0x20070678       0x48 src/ASF/sam/drivers/uotghs/uotghs_device.o
 .bss.udd_ctrl_prev_payload_buf_cnt
                0x200706c0        0x2 src/ASF/sam/drivers/uotghs/uotghs_device.o
 .bss.udd_b_idle
                0x200706c2        0x1 src/ASF/sam/drivers/uotghs/uotghs_device.o
 .bss.b_shortpacket.7965
                0x200706c3        0x1 src/ASF/sam/drivers/uotghs/uotghs_device.o
 .bss.udd_ep_control_state
                0x200706c4        0x1 src/ASF/sam/drivers/uotghs/uotghs_device.o
 *fill*         0x200706c5        0x1 00
 .bss.udd_ctrl_payload_buf_cnt
                0x200706c6        0x2 src/ASF/sam/drivers/uotghs/uotghs_device.o
 .bss.gs_interrupt_sources
                0x200706c8       0x70 src/ASF/sam/drivers/pio/pio_handler.o
 .bss.b_is_fastrc_used
                0x20070738        0x1 src/ASF/sam/drivers/pmc/sleep.o
 *(COMMON)
 COMMON         0x20070739        0x5 src/ASF/common/services/sleepmgr/sam/sleepmgr.o
                0x20070739                sleepmgr_locks
 *fill*         0x2007073e        0x2 00
 COMMON         0x20070740       0x18 src/ASF/sam/drivers/uotghs/uotghs_device.o
                0x20070740                udd_g_ctrlreq
                0x20070758                . = ALIGN (0x4)
                0x20070758                _ebss = .
                0x20070758                _ezero = .

.stack          0x20070758     0x2000 load address 0x000825e8
                0x20070758                . = ALIGN (0x8)
                0x20070758                _sstack = .
                0x20072758                . = (. + __stack_size__)
 *fill*         0x20070758     0x2000 00
                0x20072758                . = ALIGN (0x8)
                0x20072758                _estack = .
                0x20072758                . = ALIGN (0x4)
                0x20072758                _end = .
OUTPUT(ATSAM3X8E_FW.elf elf32-littlearm)

.ARM.attributes
                0x00000000       0x29
 .ARM.attributes
                0x00000000       0x1d c:/programmi/atmel/atmel toolchain/arm gcc/native/4.7.1416/arm-gnu-toolchain/bin/../lib/gcc/arm-none-eabi/4.7.4/armv7-m/crti.o
 .ARM.attributes
                0x0000001d       0x2d c:/programmi/atmel/atmel toolchain/arm gcc/native/4.7.1416/arm-gnu-toolchain/bin/../lib/gcc/arm-none-eabi/4.7.4/armv7-m/crtbegin.o
 .ARM.attributes
                0x0000004a       0x33 src/ASF/common/services/sleepmgr/sam/sleepmgr.o
 .ARM.attributes
                0x0000007d       0x33 src/ASF/common/services/usb/class/cdc/device/udi_cdc.o
 .ARM.attributes
                0x000000b0       0x33 src/ASF/common/services/usb/class/cdc/device/udi_cdc_desc.o
 .ARM.attributes
                0x000000e3       0x33 src/ASF/common/services/usb/udc/udc.o
 .ARM.attributes
                0x00000116       0x33 src/ASF/sam/drivers/uotghs/uotghs_device.o
 .ARM.attributes
                0x00000149       0x33 src/main.o
 .ARM.attributes
                0x0000017c       0x33 src/ASF/common/utils/interrupt/interrupt_sam_nvic.o
 .ARM.attributes
                0x000001af       0x33 src/ASF/sam/boards/arduino_due_x/init.o
 .ARM.attributes
                0x000001e2       0x33 src/ASF/sam/drivers/pio/pio.o
 .ARM.attributes
                0x00000215       0x33 src/ASF/sam/drivers/pio/pio_handler.o
 .ARM.attributes
                0x00000248       0x33 src/ASF/sam/drivers/pmc/pmc.o
 .ARM.attributes
                0x0000027b       0x33 src/ASF/sam/drivers/pmc/sleep.o
 .ARM.attributes
                0x000002ae       0x33 src/ASF/sam/utils/cmsis/sam3x/source/templates/exceptions.o
 .ARM.attributes
                0x000002e1       0x33 src/ASF/sam/utils/cmsis/sam3x/source/templates/gcc/startup_sam3x.o
 .ARM.attributes
                0x00000314       0x2d c:/programmi/atmel/atmel toolchain/arm gcc/native/4.7.1416/arm-gnu-toolchain/bin/../lib/gcc/arm-none-eabi/4.7.4/../../../../arm-none-eabi/lib/armv7-m\libc.a(lib_a-__atexit.o)
 .ARM.attributes
                0x00000341       0x2d c:/programmi/atmel/atmel toolchain/arm gcc/native/4.7.1416/arm-gnu-toolchain/bin/../lib/gcc/arm-none-eabi/4.7.4/../../../../arm-none-eabi/lib/armv7-m\libc.a(lib_a-fini.o)
 .ARM.attributes
                0x0000036e       0x2d c:/programmi/atmel/atmel toolchain/arm gcc/native/4.7.1416/arm-gnu-toolchain/bin/../lib/gcc/arm-none-eabi/4.7.4/../../../../arm-none-eabi/lib/armv7-m\libc.a(lib_a-impure.o)
 .ARM.attributes
                0x0000039b       0x2d c:/programmi/atmel/atmel toolchain/arm gcc/native/4.7.1416/arm-gnu-toolchain/bin/../lib/gcc/arm-none-eabi/4.7.4/../../../../arm-none-eabi/lib/armv7-m\libc.a(lib_a-init.o)
 .ARM.attributes
                0x000003c8       0x2d c:/programmi/atmel/atmel toolchain/arm gcc/native/4.7.1416/arm-gnu-toolchain/bin/../lib/gcc/arm-none-eabi/4.7.4/../../../../arm-none-eabi/lib/armv7-m\libc.a(lib_a-__call_atexit.o)
 .ARM.attributes
                0x000003f5       0x2d c:/programmi/atmel/atmel toolchain/arm gcc/native/4.7.1416/arm-gnu-toolchain/bin/../lib/gcc/arm-none-eabi/4.7.4/../../../../arm-none-eabi/lib/armv7-m\libc.a(lib_a-atexit.o)
 .ARM.attributes
                0x00000422       0x2d c:/programmi/atmel/atmel toolchain/arm gcc/native/4.7.1416/arm-gnu-toolchain/bin/../lib/gcc/arm-none-eabi/4.7.4/armv7-m/crtend.o
 .ARM.attributes
                0x0000044f       0x1d c:/programmi/atmel/atmel toolchain/arm gcc/native/4.7.1416/arm-gnu-toolchain/bin/../lib/gcc/arm-none-eabi/4.7.4/armv7-m/crtn.o

.comment        0x00000000       0x71
 .comment       0x00000000       0x71 c:/programmi/atmel/atmel toolchain/arm gcc/native/4.7.1416/arm-gnu-toolchain/bin/../lib/gcc/arm-none-eabi/4.7.4/armv7-m/crtbegin.o
                                 0x72 (size before relaxing)
 .comment       0x00000000       0x72 src/ASF/common/services/sleepmgr/sam/sleepmgr.o
 .comment       0x00000000       0x72 src/ASF/common/services/usb/class/cdc/device/udi_cdc.o
 .comment       0x00000000       0x72 src/ASF/common/services/usb/class/cdc/device/udi_cdc_desc.o
 .comment       0x00000000       0x72 src/ASF/common/services/usb/udc/udc.o
 .comment       0x00000000       0x72 src/ASF/sam/drivers/uotghs/uotghs_device.o
 .comment       0x00000000       0x72 src/main.o
 .comment       0x00000000       0x72 src/ASF/common/utils/interrupt/interrupt_sam_nvic.o
 .comment       0x00000000       0x72 src/ASF/sam/boards/arduino_due_x/init.o
 .comment       0x00000000       0x72 src/ASF/sam/drivers/pio/pio.o
 .comment       0x00000000       0x72 src/ASF/sam/drivers/pio/pio_handler.o
 .comment       0x00000000       0x72 src/ASF/sam/drivers/pmc/pmc.o
 .comment       0x00000000       0x72 src/ASF/sam/drivers/pmc/sleep.o
 .comment       0x00000000       0x72 src/ASF/sam/utils/cmsis/sam3x/source/templates/exceptions.o
 .comment       0x00000000       0x72 src/ASF/sam/utils/cmsis/sam3x/source/templates/gcc/startup_sam3x.o
 .comment       0x00000000       0x72 c:/programmi/atmel/atmel toolchain/arm gcc/native/4.7.1416/arm-gnu-toolchain/bin/../lib/gcc/arm-none-eabi/4.7.4/../../../../arm-none-eabi/lib/armv7-m\libc.a(lib_a-__atexit.o)
 .comment       0x00000000       0x72 c:/programmi/atmel/atmel toolchain/arm gcc/native/4.7.1416/arm-gnu-toolchain/bin/../lib/gcc/arm-none-eabi/4.7.4/../../../../arm-none-eabi/lib/armv7-m\libc.a(lib_a-fini.o)
 .comment       0x00000000       0x72 c:/programmi/atmel/atmel toolchain/arm gcc/native/4.7.1416/arm-gnu-toolchain/bin/../lib/gcc/arm-none-eabi/4.7.4/../../../../arm-none-eabi/lib/armv7-m\libc.a(lib_a-impure.o)
 .comment       0x00000000       0x72 c:/programmi/atmel/atmel toolchain/arm gcc/native/4.7.1416/arm-gnu-toolchain/bin/../lib/gcc/arm-none-eabi/4.7.4/../../../../arm-none-eabi/lib/armv7-m\libc.a(lib_a-init.o)
 .comment       0x00000000       0x72 c:/programmi/atmel/atmel toolchain/arm gcc/native/4.7.1416/arm-gnu-toolchain/bin/../lib/gcc/arm-none-eabi/4.7.4/../../../../arm-none-eabi/lib/armv7-m\libc.a(lib_a-__call_atexit.o)
 .comment       0x00000000       0x72 c:/programmi/atmel/atmel toolchain/arm gcc/native/4.7.1416/arm-gnu-toolchain/bin/../lib/gcc/arm-none-eabi/4.7.4/../../../../arm-none-eabi/lib/armv7-m\libc.a(lib_a-atexit.o)
 .comment       0x00000000       0x72 c:/programmi/atmel/atmel toolchain/arm gcc/native/4.7.1416/arm-gnu-toolchain/bin/../lib/gcc/arm-none-eabi/4.7.4/armv7-m/crtend.o

.debug_info     0x00000000     0x2108
 .debug_info    0x00000000      0xa15 c:/programmi/atmel/atmel toolchain/arm gcc/native/4.7.1416/arm-gnu-toolchain/bin/../lib/gcc/arm-none-eabi/4.7.4/../../../../arm-none-eabi/lib/armv7-m\libc.a(lib_a-__atexit.o)
 .debug_info    0x00000a15       0xf7 c:/programmi/atmel/atmel toolchain/arm gcc/native/4.7.1416/arm-gnu-toolchain/bin/../lib/gcc/arm-none-eabi/4.7.4/../../../../arm-none-eabi/lib/armv7-m\libc.a(lib_a-fini.o)
 .debug_info    0x00000b0c      0x961 c:/programmi/atmel/atmel toolchain/arm gcc/native/4.7.1416/arm-gnu-toolchain/bin/../lib/gcc/arm-none-eabi/4.7.4/../../../../arm-none-eabi/lib/armv7-m\libc.a(lib_a-impure.o)
 .debug_info    0x0000146d      0x110 c:/programmi/atmel/atmel toolchain/arm gcc/native/4.7.1416/arm-gnu-toolchain/bin/../lib/gcc/arm-none-eabi/4.7.4/../../../../arm-none-eabi/lib/armv7-m\libc.a(lib_a-init.o)
 .debug_info    0x0000157d      0xa7c c:/programmi/atmel/atmel toolchain/arm gcc/native/4.7.1416/arm-gnu-toolchain/bin/../lib/gcc/arm-none-eabi/4.7.4/../../../../arm-none-eabi/lib/armv7-m\libc.a(lib_a-__call_atexit.o)
 .debug_info    0x00001ff9      0x10f c:/programmi/atmel/atmel toolchain/arm gcc/native/4.7.1416/arm-gnu-toolchain/bin/../lib/gcc/arm-none-eabi/4.7.4/../../../../arm-none-eabi/lib/armv7-m\libc.a(lib_a-atexit.o)

.debug_abbrev   0x00000000      0x7ec
 .debug_abbrev  0x00000000      0x1fe c:/programmi/atmel/atmel toolchain/arm gcc/native/4.7.1416/arm-gnu-toolchain/bin/../lib/gcc/arm-none-eabi/4.7.4/../../../../arm-none-eabi/lib/armv7-m\libc.a(lib_a-__atexit.o)
 .debug_abbrev  0x000001fe       0xbb c:/programmi/atmel/atmel toolchain/arm gcc/native/4.7.1416/arm-gnu-toolchain/bin/../lib/gcc/arm-none-eabi/4.7.4/../../../../arm-none-eabi/lib/armv7-m\libc.a(lib_a-fini.o)
 .debug_abbrev  0x000002b9      0x160 c:/programmi/atmel/atmel toolchain/arm gcc/native/4.7.1416/arm-gnu-toolchain/bin/../lib/gcc/arm-none-eabi/4.7.4/../../../../arm-none-eabi/lib/armv7-m\libc.a(lib_a-impure.o)
 .debug_abbrev  0x00000419       0xb8 c:/programmi/atmel/atmel toolchain/arm gcc/native/4.7.1416/arm-gnu-toolchain/bin/../lib/gcc/arm-none-eabi/4.7.4/../../../../arm-none-eabi/lib/armv7-m\libc.a(lib_a-init.o)
 .debug_abbrev  0x000004d1      0x265 c:/programmi/atmel/atmel toolchain/arm gcc/native/4.7.1416/arm-gnu-toolchain/bin/../lib/gcc/arm-none-eabi/4.7.4/../../../../arm-none-eabi/lib/armv7-m\libc.a(lib_a-__call_atexit.o)
 .debug_abbrev  0x00000736       0xb6 c:/programmi/atmel/atmel toolchain/arm gcc/native/4.7.1416/arm-gnu-toolchain/bin/../lib/gcc/arm-none-eabi/4.7.4/../../../../arm-none-eabi/lib/armv7-m\libc.a(lib_a-atexit.o)

.debug_loc      0x00000000      0x2e0
 .debug_loc     0x00000000       0xfc c:/programmi/atmel/atmel toolchain/arm gcc/native/4.7.1416/arm-gnu-toolchain/bin/../lib/gcc/arm-none-eabi/4.7.4/../../../../arm-none-eabi/lib/armv7-m\libc.a(lib_a-__atexit.o)
 .debug_loc     0x000000fc       0x33 c:/programmi/atmel/atmel toolchain/arm gcc/native/4.7.1416/arm-gnu-toolchain/bin/../lib/gcc/arm-none-eabi/4.7.4/../../../../arm-none-eabi/lib/armv7-m\libc.a(lib_a-fini.o)
 .debug_loc     0x0000012f       0x4a c:/programmi/atmel/atmel toolchain/arm gcc/native/4.7.1416/arm-gnu-toolchain/bin/../lib/gcc/arm-none-eabi/4.7.4/../../../../arm-none-eabi/lib/armv7-m\libc.a(lib_a-init.o)
 .debug_loc     0x00000179      0x13b c:/programmi/atmel/atmel toolchain/arm gcc/native/4.7.1416/arm-gnu-toolchain/bin/../lib/gcc/arm-none-eabi/4.7.4/../../../../arm-none-eabi/lib/armv7-m\libc.a(lib_a-__call_atexit.o)
 .debug_loc     0x000002b4       0x2c c:/programmi/atmel/atmel toolchain/arm gcc/native/4.7.1416/arm-gnu-toolchain/bin/../lib/gcc/arm-none-eabi/4.7.4/../../../../arm-none-eabi/lib/armv7-m\libc.a(lib_a-atexit.o)

.debug_aranges  0x00000000       0xc0
 .debug_aranges
                0x00000000       0x20 c:/programmi/atmel/atmel toolchain/arm gcc/native/4.7.1416/arm-gnu-toolchain/bin/../lib/gcc/arm-none-eabi/4.7.4/../../../../arm-none-eabi/lib/armv7-m\libc.a(lib_a-__atexit.o)
 .debug_aranges
                0x00000020       0x20 c:/programmi/atmel/atmel toolchain/arm gcc/native/4.7.1416/arm-gnu-toolchain/bin/../lib/gcc/arm-none-eabi/4.7.4/../../../../arm-none-eabi/lib/armv7-m\libc.a(lib_a-fini.o)
 .debug_aranges
                0x00000040       0x18 c:/programmi/atmel/atmel toolchain/arm gcc/native/4.7.1416/arm-gnu-toolchain/bin/../lib/gcc/arm-none-eabi/4.7.4/../../../../arm-none-eabi/lib/armv7-m\libc.a(lib_a-impure.o)
 .debug_aranges
                0x00000058       0x20 c:/programmi/atmel/atmel toolchain/arm gcc/native/4.7.1416/arm-gnu-toolchain/bin/../lib/gcc/arm-none-eabi/4.7.4/../../../../arm-none-eabi/lib/armv7-m\libc.a(lib_a-init.o)
 .debug_aranges
                0x00000078       0x28 c:/programmi/atmel/atmel toolchain/arm gcc/native/4.7.1416/arm-gnu-toolchain/bin/../lib/gcc/arm-none-eabi/4.7.4/../../../../arm-none-eabi/lib/armv7-m\libc.a(lib_a-__call_atexit.o)
 .debug_aranges
                0x000000a0       0x20 c:/programmi/atmel/atmel toolchain/arm gcc/native/4.7.1416/arm-gnu-toolchain/bin/../lib/gcc/arm-none-eabi/4.7.4/../../../../arm-none-eabi/lib/armv7-m\libc.a(lib_a-atexit.o)

.debug_line     0x00000000      0x98b
 .debug_line    0x00000000      0x235 c:/programmi/atmel/atmel toolchain/arm gcc/native/4.7.1416/arm-gnu-toolchain/bin/../lib/gcc/arm-none-eabi/4.7.4/../../../../arm-none-eabi/lib/armv7-m\libc.a(lib_a-__atexit.o)
 .debug_line    0x00000235      0x123 c:/programmi/atmel/atmel toolchain/arm gcc/native/4.7.1416/arm-gnu-toolchain/bin/../lib/gcc/arm-none-eabi/4.7.4/../../../../arm-none-eabi/lib/armv7-m\libc.a(lib_a-fini.o)
 .debug_line    0x00000358      0x183 c:/programmi/atmel/atmel toolchain/arm gcc/native/4.7.1416/arm-gnu-toolchain/bin/../lib/gcc/arm-none-eabi/4.7.4/../../../../arm-none-eabi/lib/armv7-m\libc.a(lib_a-impure.o)
 .debug_line    0x000004db      0x135 c:/programmi/atmel/atmel toolchain/arm gcc/native/4.7.1416/arm-gnu-toolchain/bin/../lib/gcc/arm-none-eabi/4.7.4/../../../../arm-none-eabi/lib/armv7-m\libc.a(lib_a-init.o)
 .debug_line    0x00000610      0x270 c:/programmi/atmel/atmel toolchain/arm gcc/native/4.7.1416/arm-gnu-toolchain/bin/../lib/gcc/arm-none-eabi/4.7.4/../../../../arm-none-eabi/lib/armv7-m\libc.a(lib_a-__call_atexit.o)
 .debug_line    0x00000880      0x10b c:/programmi/atmel/atmel toolchain/arm gcc/native/4.7.1416/arm-gnu-toolchain/bin/../lib/gcc/arm-none-eabi/4.7.4/../../../../arm-none-eabi/lib/armv7-m\libc.a(lib_a-atexit.o)

.debug_str      0x00000000      0x7df
 .debug_str     0x00000000      0x502 c:/programmi/atmel/atmel toolchain/arm gcc/native/4.7.1416/arm-gnu-toolchain/bin/../lib/gcc/arm-none-eabi/4.7.4/../../../../arm-none-eabi/lib/armv7-m\libc.a(lib_a-__atexit.o)
                                0x56d (size before relaxing)
 .debug_str     0x00000502       0x96 c:/programmi/atmel/atmel toolchain/arm gcc/native/4.7.1416/arm-gnu-toolchain/bin/../lib/gcc/arm-none-eabi/4.7.4/../../../../arm-none-eabi/lib/armv7-m\libc.a(lib_a-fini.o)
                                0x184 (size before relaxing)
 .debug_str     0x00000598       0x6f c:/programmi/atmel/atmel toolchain/arm gcc/native/4.7.1416/arm-gnu-toolchain/bin/../lib/gcc/arm-none-eabi/4.7.4/../../../../arm-none-eabi/lib/armv7-m\libc.a(lib_a-impure.o)
                                0x518 (size before relaxing)
 .debug_str     0x00000607       0xc6 c:/programmi/atmel/atmel toolchain/arm gcc/native/4.7.1416/arm-gnu-toolchain/bin/../lib/gcc/arm-none-eabi/4.7.4/../../../../arm-none-eabi/lib/armv7-m\libc.a(lib_a-init.o)
                                0x1ae (size before relaxing)
 .debug_str     0x000006cd       0xae c:/programmi/atmel/atmel toolchain/arm gcc/native/4.7.1416/arm-gnu-toolchain/bin/../lib/gcc/arm-none-eabi/4.7.4/../../../../arm-none-eabi/lib/armv7-m\libc.a(lib_a-__call_atexit.o)
                                0x569 (size before relaxing)
 .debug_str     0x0000077b       0x64 c:/programmi/atmel/atmel toolchain/arm gcc/native/4.7.1416/arm-gnu-toolchain/bin/../lib/gcc/arm-none-eabi/4.7.4/../../../../arm-none-eabi/lib/armv7-m\libc.a(lib_a-atexit.o)
                                0x18a (size before relaxing)

.debug_frame    0x00000000       0xf0
 .debug_frame   0x00000000       0x34 c:/programmi/atmel/atmel toolchain/arm gcc/native/4.7.1416/arm-gnu-toolchain/bin/../lib/gcc/arm-none-eabi/4.7.4/../../../../arm-none-eabi/lib/armv7-m\libc.a(lib_a-__atexit.o)
 .debug_frame   0x00000034       0x2c c:/programmi/atmel/atmel toolchain/arm gcc/native/4.7.1416/arm-gnu-toolchain/bin/../lib/gcc/arm-none-eabi/4.7.4/../../../../arm-none-eabi/lib/armv7-m\libc.a(lib_a-fini.o)
 .debug_frame   0x00000060       0x2c c:/programmi/atmel/atmel toolchain/arm gcc/native/4.7.1416/arm-gnu-toolchain/bin/../lib/gcc/arm-none-eabi/4.7.4/../../../../arm-none-eabi/lib/armv7-m\libc.a(lib_a-init.o)
 .debug_frame   0x0000008c       0x44 c:/programmi/atmel/atmel toolchain/arm gcc/native/4.7.1416/arm-gnu-toolchain/bin/../lib/gcc/arm-none-eabi/4.7.4/../../../../arm-none-eabi/lib/armv7-m\libc.a(lib_a-__call_atexit.o)
 .debug_frame   0x000000d0       0x20 c:/programmi/atmel/atmel toolchain/arm gcc/native/4.7.1416/arm-gnu-toolchain/bin/../lib/gcc/arm-none-eabi/4.7.4/../../../../arm-none-eabi/lib/armv7-m\libc.a(lib_a-atexit.o)

.debug_ranges   0x00000000       0x50
 .debug_ranges  0x00000000       0x50 c:/programmi/atmel/atmel toolchain/arm gcc/native/4.7.1416/arm-gnu-toolchain/bin/../lib/gcc/arm-none-eabi/4.7.4/../../../../arm-none-eabi/lib/armv7-m\libc.a(lib_a-__call_atexit.o)

Cross Reference Table

Symbol                                            File
ADC_Handler                                       src/ASF/sam/utils/cmsis/sam3x/source/templates/exceptions.o
                                                  src/ASF/sam/utils/cmsis/sam3x/source/templates/gcc/startup_sam3x.o
BusFault_Handler                                  src/ASF/sam/utils/cmsis/sam3x/source/templates/exceptions.o
                                                  src/ASF/sam/utils/cmsis/sam3x/source/templates/gcc/startup_sam3x.o
CAN0_Handler                                      src/ASF/sam/utils/cmsis/sam3x/source/templates/exceptions.o
                                                  src/ASF/sam/utils/cmsis/sam3x/source/templates/gcc/startup_sam3x.o
CAN1_Handler                                      src/ASF/sam/utils/cmsis/sam3x/source/templates/exceptions.o
                                                  src/ASF/sam/utils/cmsis/sam3x/source/templates/gcc/startup_sam3x.o
DACC_Handler                                      src/ASF/sam/utils/cmsis/sam3x/source/templates/exceptions.o
                                                  src/ASF/sam/utils/cmsis/sam3x/source/templates/gcc/startup_sam3x.o
DMAC_Handler                                      src/ASF/sam/utils/cmsis/sam3x/source/templates/exceptions.o
                                                  src/ASF/sam/utils/cmsis/sam3x/source/templates/gcc/startup_sam3x.o
DebugMon_Handler                                  src/ASF/sam/utils/cmsis/sam3x/source/templates/exceptions.o
                                                  src/ASF/sam/utils/cmsis/sam3x/source/templates/gcc/startup_sam3x.o
Dummy_Handler                                     src/ASF/sam/utils/cmsis/sam3x/source/templates/exceptions.o
EFC0_Handler                                      src/ASF/sam/utils/cmsis/sam3x/source/templates/exceptions.o
                                                  src/ASF/sam/utils/cmsis/sam3x/source/templates/gcc/startup_sam3x.o
EFC1_Handler                                      src/ASF/sam/utils/cmsis/sam3x/source/templates/exceptions.o
                                                  src/ASF/sam/utils/cmsis/sam3x/source/templates/gcc/startup_sam3x.o
EMAC_Handler                                      src/ASF/sam/utils/cmsis/sam3x/source/templates/exceptions.o
                                                  src/ASF/sam/utils/cmsis/sam3x/source/templates/gcc/startup_sam3x.o
HSMCI_Handler                                     src/ASF/sam/utils/cmsis/sam3x/source/templates/exceptions.o
                                                  src/ASF/sam/utils/cmsis/sam3x/source/templates/gcc/startup_sam3x.o
HardFault_Handler                                 src/ASF/sam/utils/cmsis/sam3x/source/templates/exceptions.o
                                                  src/ASF/sam/utils/cmsis/sam3x/source/templates/gcc/startup_sam3x.o
MemManage_Handler                                 src/ASF/sam/utils/cmsis/sam3x/source/templates/exceptions.o
                                                  src/ASF/sam/utils/cmsis/sam3x/source/templates/gcc/startup_sam3x.o
NMI_Handler                                       src/ASF/sam/utils/cmsis/sam3x/source/templates/exceptions.o
                                                  src/ASF/sam/utils/cmsis/sam3x/source/templates/gcc/startup_sam3x.o
PIOA_Handler                                      src/ASF/sam/drivers/pio/pio_handler.o
                                                  src/ASF/sam/utils/cmsis/sam3x/source/templates/gcc/startup_sam3x.o
PIOB_Handler                                      src/ASF/sam/drivers/pio/pio_handler.o
                                                  src/ASF/sam/utils/cmsis/sam3x/source/templates/gcc/startup_sam3x.o
PIOC_Handler                                      src/ASF/sam/drivers/pio/pio_handler.o
                                                  src/ASF/sam/utils/cmsis/sam3x/source/templates/gcc/startup_sam3x.o
PIOD_Handler                                      src/ASF/sam/drivers/pio/pio_handler.o
                                                  src/ASF/sam/utils/cmsis/sam3x/source/templates/gcc/startup_sam3x.o
PMC_Handler                                       src/ASF/sam/utils/cmsis/sam3x/source/templates/exceptions.o
                                                  src/ASF/sam/utils/cmsis/sam3x/source/templates/gcc/startup_sam3x.o
PWM_Handler                                       src/ASF/sam/utils/cmsis/sam3x/source/templates/exceptions.o
                                                  src/ASF/sam/utils/cmsis/sam3x/source/templates/gcc/startup_sam3x.o
PendSV_Handler                                    src/ASF/sam/utils/cmsis/sam3x/source/templates/exceptions.o
                                                  src/ASF/sam/utils/cmsis/sam3x/source/templates/gcc/startup_sam3x.o
RSTC_Handler                                      src/ASF/sam/utils/cmsis/sam3x/source/templates/exceptions.o
                                                  src/ASF/sam/utils/cmsis/sam3x/source/templates/gcc/startup_sam3x.o
RTC_Handler                                       src/ASF/sam/utils/cmsis/sam3x/source/templates/exceptions.o
                                                  src/ASF/sam/utils/cmsis/sam3x/source/templates/gcc/startup_sam3x.o
RTT_Handler                                       src/ASF/sam/utils/cmsis/sam3x/source/templates/exceptions.o
                                                  src/ASF/sam/utils/cmsis/sam3x/source/templates/gcc/startup_sam3x.o
Reset_Handler                                     src/ASF/sam/utils/cmsis/sam3x/source/templates/gcc/startup_sam3x.o
SMC_Handler                                       src/ASF/sam/utils/cmsis/sam3x/source/templates/exceptions.o
                                                  src/ASF/sam/utils/cmsis/sam3x/source/templates/gcc/startup_sam3x.o
SPI0_Handler                                      src/ASF/sam/utils/cmsis/sam3x/source/templates/exceptions.o
                                                  src/ASF/sam/utils/cmsis/sam3x/source/templates/gcc/startup_sam3x.o
SSC_Handler                                       src/ASF/sam/utils/cmsis/sam3x/source/templates/exceptions.o
                                                  src/ASF/sam/utils/cmsis/sam3x/source/templates/gcc/startup_sam3x.o
SUPC_Handler                                      src/ASF/sam/utils/cmsis/sam3x/source/templates/exceptions.o
                                                  src/ASF/sam/utils/cmsis/sam3x/source/templates/gcc/startup_sam3x.o
SVC_Handler                                       src/ASF/sam/utils/cmsis/sam3x/source/templates/exceptions.o
                                                  src/ASF/sam/utils/cmsis/sam3x/source/templates/gcc/startup_sam3x.o
SysTick_Handler                                   src/ASF/sam/utils/cmsis/sam3x/source/templates/exceptions.o
                                                  src/ASF/sam/utils/cmsis/sam3x/source/templates/gcc/startup_sam3x.o
SystemCoreClock                                   src/ASF/sam/utils/cmsis/sam3x/source/templates/system_sam3x.o
SystemCoreClockUpdate                             src/ASF/sam/utils/cmsis/sam3x/source/templates/system_sam3x.o
                                                  src/ASF/common/services/clock/sam3x/sysclk.o
SystemInit                                        src/ASF/sam/utils/cmsis/sam3x/source/templates/system_sam3x.o
TC0_Handler                                       src/ASF/sam/utils/cmsis/sam3x/source/templates/exceptions.o
                                                  src/ASF/sam/utils/cmsis/sam3x/source/templates/gcc/startup_sam3x.o
TC1_Handler                                       src/ASF/sam/utils/cmsis/sam3x/source/templates/exceptions.o
                                                  src/ASF/sam/utils/cmsis/sam3x/source/templates/gcc/startup_sam3x.o
TC2_Handler                                       src/ASF/sam/utils/cmsis/sam3x/source/templates/exceptions.o
                                                  src/ASF/sam/utils/cmsis/sam3x/source/templates/gcc/startup_sam3x.o
TC3_Handler                                       src/ASF/sam/utils/cmsis/sam3x/source/templates/exceptions.o
                                                  src/ASF/sam/utils/cmsis/sam3x/source/templates/gcc/startup_sam3x.o
TC4_Handler                                       src/ASF/sam/utils/cmsis/sam3x/source/templates/exceptions.o
                                                  src/ASF/sam/utils/cmsis/sam3x/source/templates/gcc/startup_sam3x.o
TC5_Handler                                       src/ASF/sam/utils/cmsis/sam3x/source/templates/exceptions.o
                                                  src/ASF/sam/utils/cmsis/sam3x/source/templates/gcc/startup_sam3x.o
TC6_Handler                                       src/ASF/sam/utils/cmsis/sam3x/source/templates/exceptions.o
                                                  src/ASF/sam/utils/cmsis/sam3x/source/templates/gcc/startup_sam3x.o
TC7_Handler                                       src/ASF/sam/utils/cmsis/sam3x/source/templates/exceptions.o
                                                  src/ASF/sam/utils/cmsis/sam3x/source/templates/gcc/startup_sam3x.o
TC8_Handler                                       src/ASF/sam/utils/cmsis/sam3x/source/templates/exceptions.o
                                                  src/ASF/sam/utils/cmsis/sam3x/source/templates/gcc/startup_sam3x.o
TRNG_Handler                                      src/ASF/sam/utils/cmsis/sam3x/source/templates/exceptions.o
                                                  src/ASF/sam/utils/cmsis/sam3x/source/templates/gcc/startup_sam3x.o
TWI0_Handler                                      src/ASF/sam/utils/cmsis/sam3x/source/templates/exceptions.o
                                                  src/ASF/sam/utils/cmsis/sam3x/source/templates/gcc/startup_sam3x.o
TWI1_Handler                                      src/ASF/sam/utils/cmsis/sam3x/source/templates/exceptions.o
                                                  src/ASF/sam/utils/cmsis/sam3x/source/templates/gcc/startup_sam3x.o
UART_Handler                                      src/ASF/sam/utils/cmsis/sam3x/source/templates/exceptions.o
                                                  src/ASF/sam/utils/cmsis/sam3x/source/templates/gcc/startup_sam3x.o
UOTGHS_Handler                                    src/ASF/sam/drivers/uotghs/uotghs_device.o
                                                  src/ASF/sam/utils/cmsis/sam3x/source/templates/gcc/startup_sam3x.o
USART0_Handler                                    src/ASF/sam/utils/cmsis/sam3x/source/templates/exceptions.o
                                                  src/ASF/sam/utils/cmsis/sam3x/source/templates/gcc/startup_sam3x.o
USART1_Handler                                    src/ASF/sam/utils/cmsis/sam3x/source/templates/exceptions.o
                                                  src/ASF/sam/utils/cmsis/sam3x/source/templates/gcc/startup_sam3x.o
USART2_Handler                                    src/ASF/sam/utils/cmsis/sam3x/source/templates/exceptions.o
                                                  src/ASF/sam/utils/cmsis/sam3x/source/templates/gcc/startup_sam3x.o
USART3_Handler                                    src/ASF/sam/utils/cmsis/sam3x/source/templates/exceptions.o
                                                  src/ASF/sam/utils/cmsis/sam3x/source/templates/gcc/startup_sam3x.o
UsageFault_Handler                                src/ASF/sam/utils/cmsis/sam3x/source/templates/exceptions.o
                                                  src/ASF/sam/utils/cmsis/sam3x/source/templates/gcc/startup_sam3x.o
WDT_Handler                                       src/ASF/sam/utils/cmsis/sam3x/source/templates/exceptions.o
                                                  src/ASF/sam/utils/cmsis/sam3x/source/templates/gcc/startup_sam3x.o
_ITM_deregisterTMCloneTable                       c:/programmi/atmel/atmel toolchain/arm gcc/native/4.7.1416/arm-gnu-toolchain/bin/../lib/gcc/arm-none-eabi/4.7.4/armv7-m/crtbegin.o
_ITM_registerTMCloneTable                         c:/programmi/atmel/atmel toolchain/arm gcc/native/4.7.1416/arm-gnu-toolchain/bin/../lib/gcc/arm-none-eabi/4.7.4/armv7-m/crtbegin.o
_Jv_RegisterClasses                               c:/programmi/atmel/atmel toolchain/arm gcc/native/4.7.1416/arm-gnu-toolchain/bin/../lib/gcc/arm-none-eabi/4.7.4/armv7-m/crtbegin.o
_PathLocale                                       c:/programmi/atmel/atmel toolchain/arm gcc/native/4.7.1416/arm-gnu-toolchain/bin/../lib/gcc/arm-none-eabi/4.7.4/../../../../arm-none-eabi/lib/armv7-m\libc.a(lib_a-locale.o)
__TMC_END__                                       c:/programmi/atmel/atmel toolchain/arm gcc/native/4.7.1416/arm-gnu-toolchain/bin/../lib/gcc/arm-none-eabi/4.7.4/armv7-m/crtend.o
                                                  c:/programmi/atmel/atmel toolchain/arm gcc/native/4.7.1416/arm-gnu-toolchain/bin/../lib/gcc/arm-none-eabi/4.7.4/armv7-m/crtbegin.o
__aeabi_idiv0                                     c:/programmi/atmel/atmel toolchain/arm gcc/native/4.7.1416/arm-gnu-toolchain/bin/../lib/gcc/arm-none-eabi/4.7.4/armv7-m\libgcc.a(_dvmd_tls.o)
__aeabi_ldiv0                                     c:/programmi/atmel/atmel toolchain/arm gcc/native/4.7.1416/arm-gnu-toolchain/bin/../lib/gcc/arm-none-eabi/4.7.4/armv7-m\libgcc.a(_dvmd_tls.o)
                                                  c:/programmi/atmel/atmel toolchain/arm gcc/native/4.7.1416/arm-gnu-toolchain/bin/../lib/gcc/arm-none-eabi/4.7.4/armv7-m\libgcc.a(_aeabi_uldivmod.o)
__aeabi_uldivmod                                  c:/programmi/atmel/atmel toolchain/arm gcc/native/4.7.1416/arm-gnu-toolchain/bin/../lib/gcc/arm-none-eabi/4.7.4/armv7-m\libgcc.a(_aeabi_uldivmod.o)
                                                  c:/programmi/atmel/atmel toolchain/arm gcc/native/4.7.1416/arm-gnu-toolchain/bin/../lib/gcc/arm-none-eabi/4.7.4/../../../../arm-none-eabi/lib/armv7-m\libc.a(lib_a-vfiprintf.o)
__ascii_wctomb                                    c:/programmi/atmel/atmel toolchain/arm gcc/native/4.7.1416/arm-gnu-toolchain/bin/../lib/gcc/arm-none-eabi/4.7.4/../../../../arm-none-eabi/lib/armv7-m\libc.a(lib_a-wctomb_r.o)
__bss_end__                                       c:/programmi/atmel/atmel toolchain/arm gcc/native/4.7.1416/arm-gnu-toolchain/bin/../lib/gcc/arm-none-eabi/4.7.4/../../../../arm-none-eabi/lib/armv7-m/crt0.o
__bss_start__                                     c:/programmi/atmel/atmel toolchain/arm gcc/native/4.7.1416/arm-gnu-toolchain/bin/../lib/gcc/arm-none-eabi/4.7.4/../../../../arm-none-eabi/lib/armv7-m/crt0.o
__call_exitprocs                                  c:/programmi/atmel/atmel toolchain/arm gcc/native/4.7.1416/arm-gnu-toolchain/bin/../lib/gcc/arm-none-eabi/4.7.4/../../../../arm-none-eabi/lib/armv7-m\libc.a(lib_a-__call_atexit.o)
                                                  c:/programmi/atmel/atmel toolchain/arm gcc/native/4.7.1416/arm-gnu-toolchain/bin/../lib/gcc/arm-none-eabi/4.7.4/../../../../arm-none-eabi/lib/armv7-m\libc.a(lib_a-exit.o)
__deregister_frame_info                           c:/programmi/atmel/atmel toolchain/arm gcc/native/4.7.1416/arm-gnu-toolchain/bin/../lib/gcc/arm-none-eabi/4.7.4/armv7-m/crtbegin.o
__divdi3                                          c:/programmi/atmel/atmel toolchain/arm gcc/native/4.7.1416/arm-gnu-toolchain/bin/../lib/gcc/arm-none-eabi/4.7.4/armv7-m\libgcc.a(_divdi3.o)
                                                  c:/programmi/atmel/atmel toolchain/arm gcc/native/4.7.1416/arm-gnu-toolchain/bin/../lib/gcc/arm-none-eabi/4.7.4/armv7-m\libgcc.a(bpabi.o)
__dso_handle                                      c:/programmi/atmel/atmel toolchain/arm gcc/native/4.7.1416/arm-gnu-toolchain/bin/../lib/gcc/arm-none-eabi/4.7.4/armv7-m/crtbegin.o
__fini_array_end                                  c:/programmi/atmel/atmel toolchain/arm gcc/native/4.7.1416/arm-gnu-toolchain/bin/../lib/gcc/arm-none-eabi/4.7.4/../../../../arm-none-eabi/lib/armv7-m\libc.a(lib_a-fini.o)
__fini_array_start                                c:/programmi/atmel/atmel toolchain/arm gcc/native/4.7.1416/arm-gnu-toolchain/bin/../lib/gcc/arm-none-eabi/4.7.4/../../../../arm-none-eabi/lib/armv7-m\libc.a(lib_a-fini.o)
__fp_lock_all                                     c:/programmi/atmel/atmel toolchain/arm gcc/native/4.7.1416/arm-gnu-toolchain/bin/../lib/gcc/arm-none-eabi/4.7.4/../../../../arm-none-eabi/lib/armv7-m\libc.a(lib_a-findfp.o)
__fp_unlock_all                                   c:/programmi/atmel/atmel toolchain/arm gcc/native/4.7.1416/arm-gnu-toolchain/bin/../lib/gcc/arm-none-eabi/4.7.4/../../../../arm-none-eabi/lib/armv7-m\libc.a(lib_a-findfp.o)
__gnu_ldivmod_helper                              c:/programmi/atmel/atmel toolchain/arm gcc/native/4.7.1416/arm-gnu-toolchain/bin/../lib/gcc/arm-none-eabi/4.7.4/armv7-m\libgcc.a(bpabi.o)
__gnu_uldivmod_helper                             c:/programmi/atmel/atmel toolchain/arm gcc/native/4.7.1416/arm-gnu-toolchain/bin/../lib/gcc/arm-none-eabi/4.7.4/armv7-m\libgcc.a(bpabi.o)
                                                  c:/programmi/atmel/atmel toolchain/arm gcc/native/4.7.1416/arm-gnu-toolchain/bin/../lib/gcc/arm-none-eabi/4.7.4/armv7-m\libgcc.a(_aeabi_uldivmod.o)
__init_array_end                                  c:/programmi/atmel/atmel toolchain/arm gcc/native/4.7.1416/arm-gnu-toolchain/bin/../lib/gcc/arm-none-eabi/4.7.4/../../../../arm-none-eabi/lib/armv7-m\libc.a(lib_a-init.o)
__init_array_start                                c:/programmi/atmel/atmel toolchain/arm gcc/native/4.7.1416/arm-gnu-toolchain/bin/../lib/gcc/arm-none-eabi/4.7.4/../../../../arm-none-eabi/lib/armv7-m\libc.a(lib_a-init.o)
__libc_fini                                       c:/programmi/atmel/atmel toolchain/arm gcc/native/4.7.1416/arm-gnu-toolchain/bin/../lib/gcc/arm-none-eabi/4.7.4/../../../../arm-none-eabi/lib/armv7-m\libc.a(lib_a-__call_atexit.o)
__libc_fini_array                                 c:/programmi/atmel/atmel toolchain/arm gcc/native/4.7.1416/arm-gnu-toolchain/bin/../lib/gcc/arm-none-eabi/4.7.4/../../../../arm-none-eabi/lib/armv7-m\libc.a(lib_a-fini.o)
                                                  c:/programmi/atmel/atmel toolchain/arm gcc/native/4.7.1416/arm-gnu-toolchain/bin/../lib/gcc/arm-none-eabi/4.7.4/../../../../arm-none-eabi/lib/armv7-m\libc.a(lib_a-__call_atexit.o)
                                                  c:/programmi/atmel/atmel toolchain/arm gcc/native/4.7.1416/arm-gnu-toolchain/bin/../lib/gcc/arm-none-eabi/4.7.4/../../../../arm-none-eabi/lib/armv7-m/crt0.o
__libc_init_array                                 c:/programmi/atmel/atmel toolchain/arm gcc/native/4.7.1416/arm-gnu-toolchain/bin/../lib/gcc/arm-none-eabi/4.7.4/../../../../arm-none-eabi/lib/armv7-m\libc.a(lib_a-init.o)
                                                  src/ASF/sam/utils/cmsis/sam3x/source/templates/gcc/startup_sam3x.o
                                                  c:/programmi/atmel/atmel toolchain/arm gcc/native/4.7.1416/arm-gnu-toolchain/bin/../lib/gcc/arm-none-eabi/4.7.4/../../../../arm-none-eabi/lib/armv7-m/crt0.o
__locale_charset                                  c:/programmi/atmel/atmel toolchain/arm gcc/native/4.7.1416/arm-gnu-toolchain/bin/../lib/gcc/arm-none-eabi/4.7.4/../../../../arm-none-eabi/lib/armv7-m\libc.a(lib_a-locale.o)
                                                  c:/programmi/atmel/atmel toolchain/arm gcc/native/4.7.1416/arm-gnu-toolchain/bin/../lib/gcc/arm-none-eabi/4.7.4/../../../../arm-none-eabi/lib/armv7-m\libc.a(lib_a-wctomb_r.o)
                                                  c:/programmi/atmel/atmel toolchain/arm gcc/native/4.7.1416/arm-gnu-toolchain/bin/../lib/gcc/arm-none-eabi/4.7.4/../../../../arm-none-eabi/lib/armv7-m\libc.a(lib_a-wcrtomb.o)
__locale_cjk_lang                                 c:/programmi/atmel/atmel toolchain/arm gcc/native/4.7.1416/arm-gnu-toolchain/bin/../lib/gcc/arm-none-eabi/4.7.4/../../../../arm-none-eabi/lib/armv7-m\libc.a(lib_a-locale.o)
__locale_mb_cur_max                               c:/programmi/atmel/atmel toolchain/arm gcc/native/4.7.1416/arm-gnu-toolchain/bin/../lib/gcc/arm-none-eabi/4.7.4/../../../../arm-none-eabi/lib/armv7-m\libc.a(lib_a-locale.o)
                                                  c:/programmi/atmel/atmel toolchain/arm gcc/native/4.7.1416/arm-gnu-toolchain/bin/../lib/gcc/arm-none-eabi/4.7.4/../../../../arm-none-eabi/lib/armv7-m\libc.a(lib_a-fputwc.o)
__locale_msgcharset                               c:/programmi/atmel/atmel toolchain/arm gcc/native/4.7.1416/arm-gnu-toolchain/bin/../lib/gcc/arm-none-eabi/4.7.4/../../../../arm-none-eabi/lib/armv7-m\libc.a(lib_a-locale.o)
__malloc_av_                                      c:/programmi/atmel/atmel toolchain/arm gcc/native/4.7.1416/arm-gnu-toolchain/bin/../lib/gcc/arm-none-eabi/4.7.4/../../../../arm-none-eabi/lib/armv7-m\libc.a(lib_a-mallocr.o)
                                                  c:/programmi/atmel/atmel toolchain/arm gcc/native/4.7.1416/arm-gnu-toolchain/bin/../lib/gcc/arm-none-eabi/4.7.4/../../../../arm-none-eabi/lib/armv7-m\libc.a(lib_a-reallocr.o)
                                                  c:/programmi/atmel/atmel toolchain/arm gcc/native/4.7.1416/arm-gnu-toolchain/bin/../lib/gcc/arm-none-eabi/4.7.4/../../../../arm-none-eabi/lib/armv7-m\libc.a(lib_a-freer.o)
__malloc_current_mallinfo                         c:/programmi/atmel/atmel toolchain/arm gcc/native/4.7.1416/arm-gnu-toolchain/bin/../lib/gcc/arm-none-eabi/4.7.4/../../../../arm-none-eabi/lib/armv7-m\libc.a(lib_a-mallocr.o)
                                                  c:/programmi/atmel/atmel toolchain/arm gcc/native/4.7.1416/arm-gnu-toolchain/bin/../lib/gcc/arm-none-eabi/4.7.4/../../../../arm-none-eabi/lib/armv7-m\libc.a(lib_a-freer.o)
__malloc_lock                                     c:/programmi/atmel/atmel toolchain/arm gcc/native/4.7.1416/arm-gnu-toolchain/bin/../lib/gcc/arm-none-eabi/4.7.4/../../../../arm-none-eabi/lib/armv7-m\libc.a(lib_a-mlock.o)
                                                  c:/programmi/atmel/atmel toolchain/arm gcc/native/4.7.1416/arm-gnu-toolchain/bin/../lib/gcc/arm-none-eabi/4.7.4/../../../../arm-none-eabi/lib/armv7-m\libc.a(lib_a-reallocr.o)
                                                  c:/programmi/atmel/atmel toolchain/arm gcc/native/4.7.1416/arm-gnu-toolchain/bin/../lib/gcc/arm-none-eabi/4.7.4/../../../../arm-none-eabi/lib/armv7-m\libc.a(lib_a-mallocr.o)
                                                  c:/programmi/atmel/atmel toolchain/arm gcc/native/4.7.1416/arm-gnu-toolchain/bin/../lib/gcc/arm-none-eabi/4.7.4/../../../../arm-none-eabi/lib/armv7-m\libc.a(lib_a-freer.o)
__malloc_max_sbrked_mem                           c:/programmi/atmel/atmel toolchain/arm gcc/native/4.7.1416/arm-gnu-toolchain/bin/../lib/gcc/arm-none-eabi/4.7.4/../../../../arm-none-eabi/lib/armv7-m\libc.a(lib_a-mallocr.o)
__malloc_max_total_mem                            c:/programmi/atmel/atmel toolchain/arm gcc/native/4.7.1416/arm-gnu-toolchain/bin/../lib/gcc/arm-none-eabi/4.7.4/../../../../arm-none-eabi/lib/armv7-m\libc.a(lib_a-mallocr.o)
__malloc_sbrk_base                                c:/programmi/atmel/atmel toolchain/arm gcc/native/4.7.1416/arm-gnu-toolchain/bin/../lib/gcc/arm-none-eabi/4.7.4/../../../../arm-none-eabi/lib/armv7-m\libc.a(lib_a-mallocr.o)
                                                  c:/programmi/atmel/atmel toolchain/arm gcc/native/4.7.1416/arm-gnu-toolchain/bin/../lib/gcc/arm-none-eabi/4.7.4/../../../../arm-none-eabi/lib/armv7-m\libc.a(lib_a-freer.o)
__malloc_top_pad                                  c:/programmi/atmel/atmel toolchain/arm gcc/native/4.7.1416/arm-gnu-toolchain/bin/../lib/gcc/arm-none-eabi/4.7.4/../../../../arm-none-eabi/lib/armv7-m\libc.a(lib_a-mallocr.o)
                                                  c:/programmi/atmel/atmel toolchain/arm gcc/native/4.7.1416/arm-gnu-toolchain/bin/../lib/gcc/arm-none-eabi/4.7.4/../../../../arm-none-eabi/lib/armv7-m\libc.a(lib_a-freer.o)
__malloc_trim_threshold                           c:/programmi/atmel/atmel toolchain/arm gcc/native/4.7.1416/arm-gnu-toolchain/bin/../lib/gcc/arm-none-eabi/4.7.4/../../../../arm-none-eabi/lib/armv7-m\libc.a(lib_a-mallocr.o)
                                                  c:/programmi/atmel/atmel toolchain/arm gcc/native/4.7.1416/arm-gnu-toolchain/bin/../lib/gcc/arm-none-eabi/4.7.4/../../../../arm-none-eabi/lib/armv7-m\libc.a(lib_a-freer.o)
__malloc_unlock                                   c:/programmi/atmel/atmel toolchain/arm gcc/native/4.7.1416/arm-gnu-toolchain/bin/../lib/gcc/arm-none-eabi/4.7.4/../../../../arm-none-eabi/lib/armv7-m\libc.a(lib_a-mlock.o)
                                                  c:/programmi/atmel/atmel toolchain/arm gcc/native/4.7.1416/arm-gnu-toolchain/bin/../lib/gcc/arm-none-eabi/4.7.4/../../../../arm-none-eabi/lib/armv7-m\libc.a(lib_a-reallocr.o)
                                                  c:/programmi/atmel/atmel toolchain/arm gcc/native/4.7.1416/arm-gnu-toolchain/bin/../lib/gcc/arm-none-eabi/4.7.4/../../../../arm-none-eabi/lib/armv7-m\libc.a(lib_a-mallocr.o)
                                                  c:/programmi/atmel/atmel toolchain/arm gcc/native/4.7.1416/arm-gnu-toolchain/bin/../lib/gcc/arm-none-eabi/4.7.4/../../../../arm-none-eabi/lib/armv7-m\libc.a(lib_a-freer.o)
__mb_cur_max                                      c:/programmi/atmel/atmel toolchain/arm gcc/native/4.7.1416/arm-gnu-toolchain/bin/../lib/gcc/arm-none-eabi/4.7.4/../../../../arm-none-eabi/lib/armv7-m\libc.a(lib_a-locale.o)
__mlocale_changed                                 c:/programmi/atmel/atmel toolchain/arm gcc/native/4.7.1416/arm-gnu-toolchain/bin/../lib/gcc/arm-none-eabi/4.7.4/../../../../arm-none-eabi/lib/armv7-m\libc.a(lib_a-locale.o)
__nlocale_changed                                 c:/programmi/atmel/atmel toolchain/arm gcc/native/4.7.1416/arm-gnu-toolchain/bin/../lib/gcc/arm-none-eabi/4.7.4/../../../../arm-none-eabi/lib/armv7-m\libc.a(lib_a-locale.o)
__preinit_array_end                               c:/programmi/atmel/atmel toolchain/arm gcc/native/4.7.1416/arm-gnu-toolchain/bin/../lib/gcc/arm-none-eabi/4.7.4/../../../../arm-none-eabi/lib/armv7-m\libc.a(lib_a-init.o)
__preinit_array_start                             c:/programmi/atmel/atmel toolchain/arm gcc/native/4.7.1416/arm-gnu-toolchain/bin/../lib/gcc/arm-none-eabi/4.7.4/../../../../arm-none-eabi/lib/armv7-m\libc.a(lib_a-init.o)
__register_exitproc                               c:/programmi/atmel/atmel toolchain/arm gcc/native/4.7.1416/arm-gnu-toolchain/bin/../lib/gcc/arm-none-eabi/4.7.4/../../../../arm-none-eabi/lib/armv7-m\libc.a(lib_a-__atexit.o)
                                                  c:/programmi/atmel/atmel toolchain/arm gcc/native/4.7.1416/arm-gnu-toolchain/bin/../lib/gcc/arm-none-eabi/4.7.4/../../../../arm-none-eabi/lib/armv7-m\libc.a(lib_a-atexit.o)
                                                  c:/programmi/atmel/atmel toolchain/arm gcc/native/4.7.1416/arm-gnu-toolchain/bin/../lib/gcc/arm-none-eabi/4.7.4/../../../../arm-none-eabi/lib/armv7-m/crt0.o
__register_frame_info                             c:/programmi/atmel/atmel toolchain/arm gcc/native/4.7.1416/arm-gnu-toolchain/bin/../lib/gcc/arm-none-eabi/4.7.4/armv7-m/crtbegin.o
__sclose                                          c:/programmi/atmel/atmel toolchain/arm gcc/native/4.7.1416/arm-gnu-toolchain/bin/../lib/gcc/arm-none-eabi/4.7.4/../../../../arm-none-eabi/lib/armv7-m\libc.a(lib_a-stdio.o)
                                                  c:/programmi/atmel/atmel toolchain/arm gcc/native/4.7.1416/arm-gnu-toolchain/bin/../lib/gcc/arm-none-eabi/4.7.4/../../../../arm-none-eabi/lib/armv7-m\libc.a(lib_a-findfp.o)
__seofread                                        c:/programmi/atmel/atmel toolchain/arm gcc/native/4.7.1416/arm-gnu-toolchain/bin/../lib/gcc/arm-none-eabi/4.7.4/../../../../arm-none-eabi/lib/armv7-m\libc.a(lib_a-stdio.o)
__sfmoreglue                                      c:/programmi/atmel/atmel toolchain/arm gcc/native/4.7.1416/arm-gnu-toolchain/bin/../lib/gcc/arm-none-eabi/4.7.4/../../../../arm-none-eabi/lib/armv7-m\libc.a(lib_a-findfp.o)
__sfp                                             c:/programmi/atmel/atmel toolchain/arm gcc/native/4.7.1416/arm-gnu-toolchain/bin/../lib/gcc/arm-none-eabi/4.7.4/../../../../arm-none-eabi/lib/armv7-m\libc.a(lib_a-findfp.o)
__sfp_lock_acquire                                c:/programmi/atmel/atmel toolchain/arm gcc/native/4.7.1416/arm-gnu-toolchain/bin/../lib/gcc/arm-none-eabi/4.7.4/../../../../arm-none-eabi/lib/armv7-m\libc.a(lib_a-findfp.o)
                                                  c:/programmi/atmel/atmel toolchain/arm gcc/native/4.7.1416/arm-gnu-toolchain/bin/../lib/gcc/arm-none-eabi/4.7.4/../../../../arm-none-eabi/lib/armv7-m\libc.a(lib_a-fclose.o)
                                                  c:/programmi/atmel/atmel toolchain/arm gcc/native/4.7.1416/arm-gnu-toolchain/bin/../lib/gcc/arm-none-eabi/4.7.4/../../../../arm-none-eabi/lib/armv7-m\libc.a(lib_a-fwalk.o)
__sfp_lock_release                                c:/programmi/atmel/atmel toolchain/arm gcc/native/4.7.1416/arm-gnu-toolchain/bin/../lib/gcc/arm-none-eabi/4.7.4/../../../../arm-none-eabi/lib/armv7-m\libc.a(lib_a-findfp.o)
                                                  c:/programmi/atmel/atmel toolchain/arm gcc/native/4.7.1416/arm-gnu-toolchain/bin/../lib/gcc/arm-none-eabi/4.7.4/../../../../arm-none-eabi/lib/armv7-m\libc.a(lib_a-fclose.o)
                                                  c:/programmi/atmel/atmel toolchain/arm gcc/native/4.7.1416/arm-gnu-toolchain/bin/../lib/gcc/arm-none-eabi/4.7.4/../../../../arm-none-eabi/lib/armv7-m\libc.a(lib_a-fwalk.o)
__sfvwrite_r                                      c:/programmi/atmel/atmel toolchain/arm gcc/native/4.7.1416/arm-gnu-toolchain/bin/../lib/gcc/arm-none-eabi/4.7.4/../../../../arm-none-eabi/lib/armv7-m\libc.a(lib_a-fvwrite.o)
                                                  c:/programmi/atmel/atmel toolchain/arm gcc/native/4.7.1416/arm-gnu-toolchain/bin/../lib/gcc/arm-none-eabi/4.7.4/../../../../arm-none-eabi/lib/armv7-m\libc.a(lib_a-vfiprintf.o)
                                                  c:/programmi/atmel/atmel toolchain/arm gcc/native/4.7.1416/arm-gnu-toolchain/bin/../lib/gcc/arm-none-eabi/4.7.4/../../../../arm-none-eabi/lib/armv7-m\libc.a(lib_a-puts.o)
__sinit                                           c:/programmi/atmel/atmel toolchain/arm gcc/native/4.7.1416/arm-gnu-toolchain/bin/../lib/gcc/arm-none-eabi/4.7.4/../../../../arm-none-eabi/lib/armv7-m\libc.a(lib_a-findfp.o)
                                                  c:/programmi/atmel/atmel toolchain/arm gcc/native/4.7.1416/arm-gnu-toolchain/bin/../lib/gcc/arm-none-eabi/4.7.4/../../../../arm-none-eabi/lib/armv7-m\libc.a(lib_a-fclose.o)
                                                  c:/programmi/atmel/atmel toolchain/arm gcc/native/4.7.1416/arm-gnu-toolchain/bin/../lib/gcc/arm-none-eabi/4.7.4/../../../../arm-none-eabi/lib/armv7-m\libc.a(lib_a-wbuf.o)
                                                  c:/programmi/atmel/atmel toolchain/arm gcc/native/4.7.1416/arm-gnu-toolchain/bin/../lib/gcc/arm-none-eabi/4.7.4/../../../../arm-none-eabi/lib/armv7-m\libc.a(lib_a-fputwc.o)
                                                  c:/programmi/atmel/atmel toolchain/arm gcc/native/4.7.1416/arm-gnu-toolchain/bin/../lib/gcc/arm-none-eabi/4.7.4/../../../../arm-none-eabi/lib/armv7-m\libc.a(lib_a-fflush.o)
                                                  c:/programmi/atmel/atmel toolchain/arm gcc/native/4.7.1416/arm-gnu-toolchain/bin/../lib/gcc/arm-none-eabi/4.7.4/../../../../arm-none-eabi/lib/armv7-m\libc.a(lib_a-wsetup.o)
                                                  c:/programmi/atmel/atmel toolchain/arm gcc/native/4.7.1416/arm-gnu-toolchain/bin/../lib/gcc/arm-none-eabi/4.7.4/../../../../arm-none-eabi/lib/armv7-m\libc.a(lib_a-vfiprintf.o)
__sinit_lock_acquire                              c:/programmi/atmel/atmel toolchain/arm gcc/native/4.7.1416/arm-gnu-toolchain/bin/../lib/gcc/arm-none-eabi/4.7.4/../../../../arm-none-eabi/lib/armv7-m\libc.a(lib_a-findfp.o)
__sinit_lock_release                              c:/programmi/atmel/atmel toolchain/arm gcc/native/4.7.1416/arm-gnu-toolchain/bin/../lib/gcc/arm-none-eabi/4.7.4/../../../../arm-none-eabi/lib/armv7-m\libc.a(lib_a-findfp.o)
__smakebuf_r                                      c:/programmi/atmel/atmel toolchain/arm gcc/native/4.7.1416/arm-gnu-toolchain/bin/../lib/gcc/arm-none-eabi/4.7.4/../../../../arm-none-eabi/lib/armv7-m\libc.a(lib_a-makebuf.o)
                                                  c:/programmi/atmel/atmel toolchain/arm gcc/native/4.7.1416/arm-gnu-toolchain/bin/../lib/gcc/arm-none-eabi/4.7.4/../../../../arm-none-eabi/lib/armv7-m\libc.a(lib_a-wsetup.o)
__sprint_r                                        c:/programmi/atmel/atmel toolchain/arm gcc/native/4.7.1416/arm-gnu-toolchain/bin/../lib/gcc/arm-none-eabi/4.7.4/../../../../arm-none-eabi/lib/armv7-m\libc.a(lib_a-vfiprintf.o)
__sread                                           c:/programmi/atmel/atmel toolchain/arm gcc/native/4.7.1416/arm-gnu-toolchain/bin/../lib/gcc/arm-none-eabi/4.7.4/../../../../arm-none-eabi/lib/armv7-m\libc.a(lib_a-stdio.o)
                                                  c:/programmi/atmel/atmel toolchain/arm gcc/native/4.7.1416/arm-gnu-toolchain/bin/../lib/gcc/arm-none-eabi/4.7.4/../../../../arm-none-eabi/lib/armv7-m\libc.a(lib_a-findfp.o)
__sseek                                           c:/programmi/atmel/atmel toolchain/arm gcc/native/4.7.1416/arm-gnu-toolchain/bin/../lib/gcc/arm-none-eabi/4.7.4/../../../../arm-none-eabi/lib/armv7-m\libc.a(lib_a-stdio.o)
                                                  c:/programmi/atmel/atmel toolchain/arm gcc/native/4.7.1416/arm-gnu-toolchain/bin/../lib/gcc/arm-none-eabi/4.7.4/../../../../arm-none-eabi/lib/armv7-m\libc.a(lib_a-makebuf.o)
                                                  c:/programmi/atmel/atmel toolchain/arm gcc/native/4.7.1416/arm-gnu-toolchain/bin/../lib/gcc/arm-none-eabi/4.7.4/../../../../arm-none-eabi/lib/armv7-m\libc.a(lib_a-findfp.o)
__stack                                           c:/programmi/atmel/atmel toolchain/arm gcc/native/4.7.1416/arm-gnu-toolchain/bin/../lib/gcc/arm-none-eabi/4.7.4/../../../../arm-none-eabi/lib/armv7-m/crt0.o
__swbuf                                           c:/programmi/atmel/atmel toolchain/arm gcc/native/4.7.1416/arm-gnu-toolchain/bin/../lib/gcc/arm-none-eabi/4.7.4/../../../../arm-none-eabi/lib/armv7-m\libc.a(lib_a-wbuf.o)
__swbuf_r                                         c:/programmi/atmel/atmel toolchain/arm gcc/native/4.7.1416/arm-gnu-toolchain/bin/../lib/gcc/arm-none-eabi/4.7.4/../../../../arm-none-eabi/lib/armv7-m\libc.a(lib_a-wbuf.o)
                                                  c:/programmi/atmel/atmel toolchain/arm gcc/native/4.7.1416/arm-gnu-toolchain/bin/../lib/gcc/arm-none-eabi/4.7.4/../../../../arm-none-eabi/lib/armv7-m\libc.a(lib_a-fputwc.o)
__swrite                                          c:/programmi/atmel/atmel toolchain/arm gcc/native/4.7.1416/arm-gnu-toolchain/bin/../lib/gcc/arm-none-eabi/4.7.4/../../../../arm-none-eabi/lib/armv7-m\libc.a(lib_a-stdio.o)
                                                  c:/programmi/atmel/atmel toolchain/arm gcc/native/4.7.1416/arm-gnu-toolchain/bin/../lib/gcc/arm-none-eabi/4.7.4/../../../../arm-none-eabi/lib/armv7-m\libc.a(lib_a-findfp.o)
__swsetup_r                                       c:/programmi/atmel/atmel toolchain/arm gcc/native/4.7.1416/arm-gnu-toolchain/bin/../lib/gcc/arm-none-eabi/4.7.4/../../../../arm-none-eabi/lib/armv7-m\libc.a(lib_a-wsetup.o)
                                                  c:/programmi/atmel/atmel toolchain/arm gcc/native/4.7.1416/arm-gnu-toolchain/bin/../lib/gcc/arm-none-eabi/4.7.4/../../../../arm-none-eabi/lib/armv7-m\libc.a(lib_a-wbuf.o)
                                                  c:/programmi/atmel/atmel toolchain/arm gcc/native/4.7.1416/arm-gnu-toolchain/bin/../lib/gcc/arm-none-eabi/4.7.4/../../../../arm-none-eabi/lib/armv7-m\libc.a(lib_a-fvwrite.o)
                                                  c:/programmi/atmel/atmel toolchain/arm gcc/native/4.7.1416/arm-gnu-toolchain/bin/../lib/gcc/arm-none-eabi/4.7.4/../../../../arm-none-eabi/lib/armv7-m\libc.a(lib_a-vfiprintf.o)
__udivdi3                                         c:/programmi/atmel/atmel toolchain/arm gcc/native/4.7.1416/arm-gnu-toolchain/bin/../lib/gcc/arm-none-eabi/4.7.4/armv7-m\libgcc.a(_udivdi3.o)
                                                  c:/programmi/atmel/atmel toolchain/arm gcc/native/4.7.1416/arm-gnu-toolchain/bin/../lib/gcc/arm-none-eabi/4.7.4/armv7-m\libgcc.a(bpabi.o)
__wctomb                                          c:/programmi/atmel/atmel toolchain/arm gcc/native/4.7.1416/arm-gnu-toolchain/bin/../lib/gcc/arm-none-eabi/4.7.4/../../../../arm-none-eabi/lib/armv7-m\libc.a(lib_a-wctomb_r.o)
                                                  c:/programmi/atmel/atmel toolchain/arm gcc/native/4.7.1416/arm-gnu-toolchain/bin/../lib/gcc/arm-none-eabi/4.7.4/../../../../arm-none-eabi/lib/armv7-m\libc.a(lib_a-wcrtomb.o)
_cleanup                                          c:/programmi/atmel/atmel toolchain/arm gcc/native/4.7.1416/arm-gnu-toolchain/bin/../lib/gcc/arm-none-eabi/4.7.4/../../../../arm-none-eabi/lib/armv7-m\libc.a(lib_a-findfp.o)
_cleanup_r                                        c:/programmi/atmel/atmel toolchain/arm gcc/native/4.7.1416/arm-gnu-toolchain/bin/../lib/gcc/arm-none-eabi/4.7.4/../../../../arm-none-eabi/lib/armv7-m\libc.a(lib_a-findfp.o)
                                                  c:/programmi/atmel/atmel toolchain/arm gcc/native/4.7.1416/arm-gnu-toolchain/bin/../lib/gcc/arm-none-eabi/4.7.4/../../../../arm-none-eabi/lib/armv7-m\libc.a(lib_a-makebuf.o)
_close                                            src/ASF/sam/utils/syscalls/gcc/syscalls.o
                                                  c:/programmi/atmel/atmel toolchain/arm gcc/native/4.7.1416/arm-gnu-toolchain/bin/../lib/gcc/arm-none-eabi/4.7.4/../../../../arm-none-eabi/lib/armv7-m\libc.a(lib_a-closer.o)
_close_r                                          c:/programmi/atmel/atmel toolchain/arm gcc/native/4.7.1416/arm-gnu-toolchain/bin/../lib/gcc/arm-none-eabi/4.7.4/../../../../arm-none-eabi/lib/armv7-m\libc.a(lib_a-closer.o)
                                                  c:/programmi/atmel/atmel toolchain/arm gcc/native/4.7.1416/arm-gnu-toolchain/bin/../lib/gcc/arm-none-eabi/4.7.4/../../../../arm-none-eabi/lib/armv7-m\libc.a(lib_a-stdio.o)
_end                                              src/ASF/sam/utils/syscalls/gcc/syscalls.o
_erelocate                                        src/ASF/sam/utils/cmsis/sam3x/source/templates/gcc/startup_sam3x.o
_estack                                           src/ASF/sam/utils/cmsis/sam3x/source/templates/gcc/startup_sam3x.o
_etext                                            src/ASF/sam/utils/cmsis/sam3x/source/templates/gcc/startup_sam3x.o
_exit                                             src/ASF/sam/utils/syscalls/gcc/syscalls.o
                                                  c:/programmi/atmel/atmel toolchain/arm gcc/native/4.7.1416/arm-gnu-toolchain/bin/../lib/gcc/arm-none-eabi/4.7.4/../../../../arm-none-eabi/lib/armv7-m\libc.a(lib_a-exit.o)
_ezero                                            src/ASF/sam/utils/cmsis/sam3x/source/templates/gcc/startup_sam3x.o
_fclose_r                                         c:/programmi/atmel/atmel toolchain/arm gcc/native/4.7.1416/arm-gnu-toolchain/bin/../lib/gcc/arm-none-eabi/4.7.4/../../../../arm-none-eabi/lib/armv7-m\libc.a(lib_a-fclose.o)
_fflush_r                                         c:/programmi/atmel/atmel toolchain/arm gcc/native/4.7.1416/arm-gnu-toolchain/bin/../lib/gcc/arm-none-eabi/4.7.4/../../../../arm-none-eabi/lib/armv7-m\libc.a(lib_a-fflush.o)
                                                  c:/programmi/atmel/atmel toolchain/arm gcc/native/4.7.1416/arm-gnu-toolchain/bin/../lib/gcc/arm-none-eabi/4.7.4/../../../../arm-none-eabi/lib/armv7-m\libc.a(lib_a-fclose.o)
                                                  c:/programmi/atmel/atmel toolchain/arm gcc/native/4.7.1416/arm-gnu-toolchain/bin/../lib/gcc/arm-none-eabi/4.7.4/../../../../arm-none-eabi/lib/armv7-m\libc.a(lib_a-wbuf.o)
                                                  c:/programmi/atmel/atmel toolchain/arm gcc/native/4.7.1416/arm-gnu-toolchain/bin/../lib/gcc/arm-none-eabi/4.7.4/../../../../arm-none-eabi/lib/armv7-m\libc.a(lib_a-fvwrite.o)
                                                  c:/programmi/atmel/atmel toolchain/arm gcc/native/4.7.1416/arm-gnu-toolchain/bin/../lib/gcc/arm-none-eabi/4.7.4/../../../../arm-none-eabi/lib/armv7-m\libc.a(lib_a-vfiprintf.o)
_fini                                             c:/programmi/atmel/atmel toolchain/arm gcc/native/4.7.1416/arm-gnu-toolchain/bin/../lib/gcc/arm-none-eabi/4.7.4/armv7-m/crti.o
                                                  c:/programmi/atmel/atmel toolchain/arm gcc/native/4.7.1416/arm-gnu-toolchain/bin/../lib/gcc/arm-none-eabi/4.7.4/../../../../arm-none-eabi/lib/armv7-m\libc.a(lib_a-fini.o)
_fputwc_r                                         c:/programmi/atmel/atmel toolchain/arm gcc/native/4.7.1416/arm-gnu-toolchain/bin/../lib/gcc/arm-none-eabi/4.7.4/../../../../arm-none-eabi/lib/armv7-m\libc.a(lib_a-fputwc.o)
                                                  c:/programmi/atmel/atmel toolchain/arm gcc/native/4.7.1416/arm-gnu-toolchain/bin/../lib/gcc/arm-none-eabi/4.7.4/../../../../arm-none-eabi/lib/armv7-m\libc.a(lib_a-vfiprintf.o)
_free_r                                           c:/programmi/atmel/atmel toolchain/arm gcc/native/4.7.1416/arm-gnu-toolchain/bin/../lib/gcc/arm-none-eabi/4.7.4/../../../../arm-none-eabi/lib/armv7-m\libc.a(lib_a-freer.o)
                                                  c:/programmi/atmel/atmel toolchain/arm gcc/native/4.7.1416/arm-gnu-toolchain/bin/../lib/gcc/arm-none-eabi/4.7.4/../../../../arm-none-eabi/lib/armv7-m\libc.a(lib_a-reent.o)
                                                  c:/programmi/atmel/atmel toolchain/arm gcc/native/4.7.1416/arm-gnu-toolchain/bin/../lib/gcc/arm-none-eabi/4.7.4/../../../../arm-none-eabi/lib/armv7-m\libc.a(lib_a-fclose.o)
                                                  c:/programmi/atmel/atmel toolchain/arm gcc/native/4.7.1416/arm-gnu-toolchain/bin/../lib/gcc/arm-none-eabi/4.7.4/../../../../arm-none-eabi/lib/armv7-m\libc.a(lib_a-reallocr.o)
                                                  c:/programmi/atmel/atmel toolchain/arm gcc/native/4.7.1416/arm-gnu-toolchain/bin/../lib/gcc/arm-none-eabi/4.7.4/../../../../arm-none-eabi/lib/armv7-m\libc.a(lib_a-mallocr.o)
                                                  c:/programmi/atmel/atmel toolchain/arm gcc/native/4.7.1416/arm-gnu-toolchain/bin/../lib/gcc/arm-none-eabi/4.7.4/../../../../arm-none-eabi/lib/armv7-m\libc.a(lib_a-fvwrite.o)
                                                  c:/programmi/atmel/atmel toolchain/arm gcc/native/4.7.1416/arm-gnu-toolchain/bin/../lib/gcc/arm-none-eabi/4.7.4/../../../../arm-none-eabi/lib/armv7-m\libc.a(lib_a-fflush.o)
                                                  c:/programmi/atmel/atmel toolchain/arm gcc/native/4.7.1416/arm-gnu-toolchain/bin/../lib/gcc/arm-none-eabi/4.7.4/../../../../arm-none-eabi/lib/armv7-m\libc.a(lib_a-wsetup.o)
_fstat                                            src/ASF/sam/utils/syscalls/gcc/syscalls.o
                                                  c:/programmi/atmel/atmel toolchain/arm gcc/native/4.7.1416/arm-gnu-toolchain/bin/../lib/gcc/arm-none-eabi/4.7.4/../../../../arm-none-eabi/lib/armv7-m\libc.a(lib_a-fstatr.o)
_fstat_r                                          c:/programmi/atmel/atmel toolchain/arm gcc/native/4.7.1416/arm-gnu-toolchain/bin/../lib/gcc/arm-none-eabi/4.7.4/../../../../arm-none-eabi/lib/armv7-m\libc.a(lib_a-fstatr.o)
                                                  c:/programmi/atmel/atmel toolchain/arm gcc/native/4.7.1416/arm-gnu-toolchain/bin/../lib/gcc/arm-none-eabi/4.7.4/../../../../arm-none-eabi/lib/armv7-m\libc.a(lib_a-makebuf.o)
_fwalk                                            c:/programmi/atmel/atmel toolchain/arm gcc/native/4.7.1416/arm-gnu-toolchain/bin/../lib/gcc/arm-none-eabi/4.7.4/../../../../arm-none-eabi/lib/armv7-m\libc.a(lib_a-fwalk.o)
                                                  c:/programmi/atmel/atmel toolchain/arm gcc/native/4.7.1416/arm-gnu-toolchain/bin/../lib/gcc/arm-none-eabi/4.7.4/../../../../arm-none-eabi/lib/armv7-m\libc.a(lib_a-findfp.o)
_fwalk_reent                                      c:/programmi/atmel/atmel toolchain/arm gcc/native/4.7.1416/arm-gnu-toolchain/bin/../lib/gcc/arm-none-eabi/4.7.4/../../../../arm-none-eabi/lib/armv7-m\libc.a(lib_a-fwalk.o)
                                                  c:/programmi/atmel/atmel toolchain/arm gcc/native/4.7.1416/arm-gnu-toolchain/bin/../lib/gcc/arm-none-eabi/4.7.4/../../../../arm-none-eabi/lib/armv7-m\libc.a(lib_a-fflush.o)
_getpid                                           src/ASF/sam/utils/syscalls/gcc/syscalls.o
_global_impure_ptr                                c:/programmi/atmel/atmel toolchain/arm gcc/native/4.7.1416/arm-gnu-toolchain/bin/../lib/gcc/arm-none-eabi/4.7.4/../../../../arm-none-eabi/lib/armv7-m\libc.a(lib_a-impure.o)
                                                  c:/programmi/atmel/atmel toolchain/arm gcc/native/4.7.1416/arm-gnu-toolchain/bin/../lib/gcc/arm-none-eabi/4.7.4/../../../../arm-none-eabi/lib/armv7-m\libc.a(lib_a-findfp.o)
                                                  c:/programmi/atmel/atmel toolchain/arm gcc/native/4.7.1416/arm-gnu-toolchain/bin/../lib/gcc/arm-none-eabi/4.7.4/../../../../arm-none-eabi/lib/armv7-m\libc.a(lib_a-fflush.o)
                                                  c:/programmi/atmel/atmel toolchain/arm gcc/native/4.7.1416/arm-gnu-toolchain/bin/../lib/gcc/arm-none-eabi/4.7.4/../../../../arm-none-eabi/lib/armv7-m\libc.a(lib_a-__call_atexit.o)
                                                  c:/programmi/atmel/atmel toolchain/arm gcc/native/4.7.1416/arm-gnu-toolchain/bin/../lib/gcc/arm-none-eabi/4.7.4/../../../../arm-none-eabi/lib/armv7-m\libc.a(lib_a-exit.o)
                                                  c:/programmi/atmel/atmel toolchain/arm gcc/native/4.7.1416/arm-gnu-toolchain/bin/../lib/gcc/arm-none-eabi/4.7.4/../../../../arm-none-eabi/lib/armv7-m\libc.a(lib_a-__atexit.o)
_impure_ptr                                       c:/programmi/atmel/atmel toolchain/arm gcc/native/4.7.1416/arm-gnu-toolchain/bin/../lib/gcc/arm-none-eabi/4.7.4/../../../../arm-none-eabi/lib/armv7-m\libc.a(lib_a-impure.o)
                                                  c:/programmi/atmel/atmel toolchain/arm gcc/native/4.7.1416/arm-gnu-toolchain/bin/../lib/gcc/arm-none-eabi/4.7.4/../../../../arm-none-eabi/lib/armv7-m\libc.a(lib_a-reent.o)
                                                  c:/programmi/atmel/atmel toolchain/arm gcc/native/4.7.1416/arm-gnu-toolchain/bin/../lib/gcc/arm-none-eabi/4.7.4/../../../../arm-none-eabi/lib/armv7-m\libc.a(lib_a-fclose.o)
                                                  c:/programmi/atmel/atmel toolchain/arm gcc/native/4.7.1416/arm-gnu-toolchain/bin/../lib/gcc/arm-none-eabi/4.7.4/../../../../arm-none-eabi/lib/armv7-m\libc.a(lib_a-wcrtomb.o)
                                                  c:/programmi/atmel/atmel toolchain/arm gcc/native/4.7.1416/arm-gnu-toolchain/bin/../lib/gcc/arm-none-eabi/4.7.4/../../../../arm-none-eabi/lib/armv7-m\libc.a(lib_a-wbuf.o)