Archive member included because of file (symbol)

c:/programmi/atmel/atmel toolchain/arm gcc/native/4.7.1416/arm-gnu-toolchain/bin/../lib/gcc/arm-none-eabi/4.7.4/../../../../arm-none-eabi/lib/armv7-m\libc.a(lib_a-__atexit.o)
                              c:/programmi/atmel/atmel toolchain/arm gcc/native/4.7.1416/arm-gnu-toolchain/bin/../lib/gcc/arm-none-eabi/4.7.4/../../../../arm-none-eabi/lib/armv7-m/crt0.o (__register_exitproc)
c:/programmi/atmel/atmel toolchain/arm gcc/native/4.7.1416/arm-gnu-toolchain/bin/../lib/gcc/arm-none-eabi/4.7.4/../../../../arm-none-eabi/lib/armv7-m\libc.a(lib_a-exit.o)
                              c:/programmi/atmel/atmel toolchain/arm gcc/native/4.7.1416/arm-gnu-toolchain/bin/../lib/gcc/arm-none-eabi/4.7.4/../../../../arm-none-eabi/lib/armv7-m/crt0.o (exit)
c:/programmi/atmel/atmel toolchain/arm gcc/native/4.7.1416/arm-gnu-toolchain/bin/../lib/gcc/arm-none-eabi/4.7.4/../../../../arm-none-eabi/lib/armv7-m\libc.a(lib_a-fini.o)
                              c:/programmi/atmel/atmel toolchain/arm gcc/native/4.7.1416/arm-gnu-toolchain/bin/../lib/gcc/arm-none-eabi/4.7.4/../../../../arm-none-eabi/lib/armv7-m/crt0.o (__libc_fini_array)
c:/programmi/atmel/atmel toolchain/arm gcc/native/4.7.1416/arm-gnu-toolchain/bin/../lib/gcc/arm-none-eabi/4.7.4/../../../../arm-none-eabi/lib/armv7-m\libc.a(lib_a-impure.o)
                              c:/programmi/atmel/atmel toolchain/arm gcc/native/4.7.1416/arm-gnu-toolchain/bin/../lib/gcc/arm-none-eabi/4.7.4/../../../../arm-none-eabi/lib/armv7-m\libc.a(lib_a-__atexit.o) (_global_impure_ptr)
c:/programmi/atmel/atmel toolchain/arm gcc/native/4.7.1416/arm-gnu-toolchain/bin/../lib/gcc/arm-none-eabi/4.7.4/../../../../arm-none-eabi/lib/armv7-m\libc.a(lib_a-init.o)
                              c:/programmi/atmel/atmel toolchain/arm gcc/native/4.7.1416/arm-gnu-toolchain/bin/../lib/gcc/arm-none-eabi/4.7.4/../../../../arm-none-eabi/lib/armv7-m/crt0.o (__libc_init_array)
c:/programmi/atmel/atmel toolchain/arm gcc/native/4.7.1416/arm-gnu-toolchain/bin/../lib/gcc/arm-none-eabi/4.7.4/../../../../arm-none-eabi/lib/armv7-m\libc.a(lib_a-iprintf.o)
                              src/ASF/sam/drivers/adc/adc.o (iprintf)
c:/programmi/atmel/atmel toolchain/arm gcc/native/4.7.1416/arm-gnu-toolchain/bin/../lib/gcc/arm-none-eabi/4.7.4/../../../../arm-none-eabi/lib/armv7-m\libc.a(lib_a-memcpy.o)
                              src/ASF/common/services/usb/class/cdc/device/udi_cdc.o (memcpy)
c:/programmi/atmel/atmel toolchain/arm gcc/native/4.7.1416/arm-gnu-toolchain/bin/../lib/gcc/arm-none-eabi/4.7.4/../../../../arm-none-eabi/lib/armv7-m\libc.a(lib_a-memset.o)
                              c:/programmi/atmel/atmel toolchain/arm gcc/native/4.7.1416/arm-gnu-toolchain/bin/../lib/gcc/arm-none-eabi/4.7.4/../../../../arm-none-eabi/lib/armv7-m/crt0.o (memset)
c:/programmi/atmel/atmel toolchain/arm gcc/native/4.7.1416/arm-gnu-toolchain/bin/../lib/gcc/arm-none-eabi/4.7.4/../../../../arm-none-eabi/lib/armv7-m\libc.a(lib_a-puts.o)
                              src/ASF/sam/drivers/adc/adc.o (puts)
c:/programmi/atmel/atmel toolchain/arm gcc/native/4.7.1416/arm-gnu-toolchain/bin/../lib/gcc/arm-none-eabi/4.7.4/../../../../arm-none-eabi/lib/armv7-m\libc.a(lib_a-strlen.o)
                              c:/programmi/atmel/atmel toolchain/arm gcc/native/4.7.1416/arm-gnu-toolchain/bin/../lib/gcc/arm-none-eabi/4.7.4/../../../../arm-none-eabi/lib/armv7-m\libc.a(lib_a-puts.o) (strlen)
c:/programmi/atmel/atmel toolchain/arm gcc/native/4.7.1416/arm-gnu-toolchain/bin/../lib/gcc/arm-none-eabi/4.7.4/../../../../arm-none-eabi/lib/armv7-m\libc.a(lib_a-vfiprintf.o)
                              c:/programmi/atmel/atmel toolchain/arm gcc/native/4.7.1416/arm-gnu-toolchain/bin/../lib/gcc/arm-none-eabi/4.7.4/../../../../arm-none-eabi/lib/armv7-m\libc.a(lib_a-iprintf.o) (_vfiprintf_r)
c:/programmi/atmel/atmel toolchain/arm gcc/native/4.7.1416/arm-gnu-toolchain/bin/../lib/gcc/arm-none-eabi/4.7.4/../../../../arm-none-eabi/lib/armv7-m\libc.a(lib_a-wsetup.o)
                              c:/programmi/atmel/atmel toolchain/arm gcc/native/4.7.1416/arm-gnu-toolchain/bin/../lib/gcc/arm-none-eabi/4.7.4/../../../../arm-none-eabi/lib/armv7-m\libc.a(lib_a-vfiprintf.o) (__swsetup_r)
c:/programmi/atmel/atmel toolchain/arm gcc/native/4.7.1416/arm-gnu-toolchain/bin/../lib/gcc/arm-none-eabi/4.7.4/../../../../arm-none-eabi/lib/armv7-m\libc.a(lib_a-__call_atexit.o)
                              c:/programmi/atmel/atmel toolchain/arm gcc/native/4.7.1416/arm-gnu-toolchain/bin/../lib/gcc/arm-none-eabi/4.7.4/../../../../arm-none-eabi/lib/armv7-m\libc.a(lib_a-exit.o) (__call_exitprocs)
c:/programmi/atmel/atmel toolchain/arm gcc/native/4.7.1416/arm-gnu-toolchain/bin/../lib/gcc/arm-none-eabi/4.7.4/../../../../arm-none-eabi/lib/armv7-m\libc.a(lib_a-atexit.o)
[...]
Memory Configuration

Name             Origin             Length             Attributes
rom              0x00080000         0x00080000         xr
sram0            0x20000000         0x00010000         xrw
sram1            0x20080000         0x00008000         xrw
ram              0x20070000         0x00018000         xrw
*default*        0x00000000         0xffffffff

Linker script and memory map

LOAD c:/programmi/atmel/atmel toolchain/arm gcc/native/4.7.1416/arm-gnu-toolchain/bin/../lib/gcc/arm-none-eabi/4.7.4/armv7-m/crti.o
LOAD c:/programmi/atmel/atmel toolchain/arm gcc/native/4.7.1416/arm-gnu-toolchain/bin/../lib/gcc/arm-none-eabi/4.7.4/armv7-m/crtbegin.o
LOAD c:/programmi/atmel/atmel toolchain/arm gcc/native/4.7.1416/arm-gnu-toolchain/bin/../lib/gcc/arm-none-eabi/4.7.4/../../../../arm-none-eabi/lib/armv7-m/crt0.o
LOAD src/ASF/common/services/delay/sam/cycle_counter.o
LOAD src/ASF/common/services/sleepmgr/sam/sleepmgr.o
LOAD src/ASF/common/services/usb/class/cdc/device/udi_cdc.o
LOAD src/ASF/common/services/usb/class/cdc/device/udi_cdc_desc.o
LOAD src/ASF/common/services/usb/udc/udc.o
LOAD src/ASF/sam/drivers/adc/adc.o
LOAD src/ASF/sam/drivers/adc/adc_sam3u.o
LOAD src/ASF/sam/drivers/can/can.o
LOAD src/ASF/sam/drivers/dacc/dacc.o
LOAD src/ASF/sam/drivers/dmac/dmac.o
LOAD src/ASF/sam/drivers/pdc/pdc.o
LOAD src/ASF/sam/drivers/pwm/pwm.o
LOAD src/ASF/sam/drivers/rtc/rtc.o
LOAD src/ASF/sam/drivers/rtt/rtt.o
LOAD src/ASF/sam/drivers/tc/tc.o
LOAD src/ASF/sam/drivers/uotghs/uotghs_device.o
LOAD src/ASF/sam/drivers/wdt/wdt.o
LOAD src/main.o
LOAD src/ASF/common/services/clock/sam3x/sysclk.o
LOAD src/ASF/common/utils/interrupt/interrupt_sam_nvic.o
LOAD src/ASF/sam/boards/arduino_due_x/init.o
LOAD src/ASF/sam/drivers/pio/pio.o
LOAD src/ASF/sam/drivers/pio/pio_handler.o
LOAD src/ASF/sam/drivers/pmc/pmc.o
LOAD src/ASF/sam/drivers/pmc/sleep.o
LOAD src/ASF/sam/utils/cmsis/sam3x/source/templates/exceptions.o
LOAD src/ASF/sam/utils/cmsis/sam3x/source/templates/gcc/startup_sam3x.o
LOAD src/ASF/sam/utils/cmsis/sam3x/source/templates/system_sam3x.o
LOAD src/ASF/sam/utils/syscalls/gcc/syscalls.o
START GROUP
LOAD ../src/ASF/thirdparty/CMSIS/Lib/GCC\libarm_cortexM3l_math.a
LOAD c:/programmi/atmel/atmel toolchain/arm gcc/native/4.7.1416/arm-gnu-toolchain/bin/../lib/gcc/arm-none-eabi/4.7.4/../../../../arm-none-eabi/lib/armv7-m\libm.a
END GROUP
START GROUP
LOAD c:/programmi/atmel/atmel toolchain/arm gcc/native/4.7.1416/arm-gnu-toolchain/bin/../lib/gcc/arm-none-eabi/4.7.4/armv7-m\libgcc.a
LOAD c:/programmi/atmel/atmel toolchain/arm gcc/native/4.7.1416/arm-gnu-toolchain/bin/../lib/gcc/arm-none-eabi/4.7.4/../../../../arm-none-eabi/lib/armv7-m\libc.a
END GROUP
LOAD c:/programmi/atmel/atmel toolchain/arm gcc/native/4.7.1416/arm-gnu-toolchain/bin/../lib/gcc/arm-none-eabi/4.7.4/armv7-m/crtend.o
LOAD c:/programmi/atmel/atmel toolchain/arm gcc/native/4.7.1416/arm-gnu-toolchain/bin/../lib/gcc/arm-none-eabi/4.7.4/armv7-m/crtn.o
                [0x00002000]                __stack_size__ = DEFINED (__stack_size__)?__stack_size__:0x2000

.text           0x00080000     0x3458
                0x00080000                . = ALIGN (0x4)
                0x00080000                _sfixed = .
 *(.vectors .vectors.*)
 .vectors       0x00080000       0xf4 src/ASF/sam/utils/cmsis/sam3x/source/templates/gcc/startup_sam3x.o
                0x00080000                exception_table
 *(.text .text.* .gnu.linkonce.t.*)
 .text          0x000800f4       0xb0 c:/programmi/atmel/atmel toolchain/arm gcc/native/4.7.1416/arm-gnu-toolchain/bin/../lib/gcc/arm-none-eabi/4.7.4/armv7-m/crtbegin.o
 .text.udi_cdc_comm_enable
                0x000801a4       0x68 src/ASF/common/services/usb/class/cdc/device/udi_cdc.o
                0x000801a4                udi_cdc_comm_enable
 .text.udi_cdc_comm_disable
                0x0008020c       0x14 src/ASF/common/services/usb/class/cdc/device/udi_cdc.o
                0x0008020c                udi_cdc_comm_disable
 .text.udi_cdc_data_disable
                0x00080220       0x24 src/ASF/common/services/usb/class/cdc/device/udi_cdc.o
                0x00080220                udi_cdc_data_disable
 .text.udi_cdc_data_setup
                0x00080244        0x8 src/ASF/common/services/usb/class/cdc/device/udi_cdc.o
                0x00080244                udi_cdc_data_setup
 .text.udi_cdc_getsetting
                0x0008024c        0x8 src/ASF/common/services/usb/class/cdc/device/udi_cdc.o
                0x0008024c                udi_cdc_getsetting
 .text.udi_cdc_comm_setup
                0x00080254       0xc8 src/ASF/common/services/usb/class/cdc/device/udi_cdc.o
                0x00080254                udi_cdc_comm_setup
 .text.udi_cdc_line_coding_received
                0x0008031c        0x4 src/ASF/common/services/usb/class/cdc/device/udi_cdc.o
 .text.udi_cdc_tx_send
                0x00080320      0x1d4 src/ASF/common/services/usb/class/cdc/device/udi_cdc.o
 .text.udi_cdc_data_sof_notify
                0x000804f4       0x14 src/ASF/common/services/usb/class/cdc/device/udi_cdc.o
                0x000804f4                udi_cdc_data_sof_notify
 .text.udi_cdc_data_sent
                0x00080508       0x44 src/ASF/common/services/usb/class/cdc/device/udi_cdc.o
 .text.udi_cdc_multi_get_nb_received_data
                0x0008054c       0x54 src/ASF/common/services/usb/class/cdc/device/udi_cdc.o
                0x0008054c                udi_cdc_multi_get_nb_received_data
 .text.udi_cdc_multi_is_rx_ready
                0x000805a0       0x14 src/ASF/common/services/usb/class/cdc/device/udi_cdc.o
                0x000805a0                udi_cdc_multi_is_rx_ready
 .text.udi_cdc_rx_start
                0x000805b4       0xf8 src/ASF/common/services/usb/class/cdc/device/udi_cdc.o
 .text.udi_cdc_data_received
                0x000806ac       0x70 src/ASF/common/services/usb/class/cdc/device/udi_cdc.o
 .text.udi_cdc_data_enable
                0x0008071c       0xbc src/ASF/common/services/usb/class/cdc/device/udi_cdc.o
                0x0008071c                udi_cdc_data_enable
 .text.udc_get_eof_conf
                0x000807d8       0x14 src/ASF/common/services/usb/udc/udc.o
 .text.udc_next_desc_in_iface
                0x000807ec       0x50 src/ASF/common/services/usb/udc/udc.o
 .text.udc_update_iface_desc
                0x0008083c       0x8c src/ASF/common/services/usb/udc/udc.o
 .text.udc_valid_address
                0x000808c8       0x1c src/ASF/common/services/usb/udc/udc.o
 .text.udc_iface_enable
                0x000808e4       0x6c src/ASF/common/services/usb/udc/udc.o
 .text.udc_iface_disable
                0x00080950       0x8c src/ASF/common/services/usb/udc/udc.o
 .text.udc_reset
                0x000809dc       0x64 src/ASF/common/services/usb/udc/udc.o
                0x000809dc                udc_reset
 .text.udc_sof_notify
                0x00080a40       0x48 src/ASF/common/services/usb/udc/udc.o
                0x00080a40                udc_sof_notify
 .text.udc_process_setup
                0x00080a88      0x64c src/ASF/common/services/usb/udc/udc.o
                0x00080a88                udc_process_setup
 .text.udd_sleep_mode
                0x000810d4       0xac src/ASF/sam/drivers/uotghs/uotghs_device.o
 .text.udd_ctrl_init
                0x00081180       0x64 src/ASF/sam/drivers/uotghs/uotghs_device.o
 .text.udd_ctrl_stall_data
                0x000811e4       0x20 src/ASF/sam/drivers/uotghs/uotghs_device.o
 .text.udd_ctrl_send_zlp_in
                0x00081204       0x60 src/ASF/sam/drivers/uotghs/uotghs_device.o
 .text.udd_ctrl_endofrequest
                0x00081264       0x14 src/ASF/sam/drivers/uotghs/uotghs_device.o
 .text.udd_ctrl_in_sent
                0x00081278      0x250 src/ASF/sam/drivers/uotghs/uotghs_device.o
 .text.udd_ep_finish_job
                0x000814c8       0x38 src/ASF/sam/drivers/uotghs/uotghs_device.o
 .text.udd_ep_abort_job
                0x00081500       0x2c src/ASF/sam/drivers/uotghs/uotghs_device.o
 .text.udd_ep_trans_done
                0x0008152c      0x1b0 src/ASF/sam/drivers/uotghs/uotghs_device.o
 .text.udd_attach
                0x000816dc       0xa4 src/ASF/sam/drivers/uotghs/uotghs_device.o
                0x000816dc                udd_attach
 .text.udd_detach
                0x00081780       0x3c src/ASF/sam/drivers/uotghs/uotghs_device.o
                0x00081780                udd_detach
 .text.UOTGHS_Handler
                0x000817bc      0x9f4 src/ASF/sam/drivers/uotghs/uotghs_device.o
                0x000817bc                UOTGHS_Handler
 .text.udd_is_high_speed
                0x000821b0        0x8 src/ASF/sam/drivers/uotghs/uotghs_device.o
                0x000821b0                udd_is_high_speed
 .text.udd_set_address
                0x000821b8       0x2c src/ASF/sam/drivers/uotghs/uotghs_device.o
                0x000821b8                udd_set_address
 .text.udd_getaddress
                0x000821e4       0x10 src/ASF/sam/drivers/uotghs/uotghs_device.o
                0x000821e4                udd_getaddress
 .text.udd_get_frame_number
                0x000821f4       0x10 src/ASF/sam/drivers/uotghs/uotghs_device.o
                0x000821f4                udd_get_frame_number
 .text.udd_get_micro_frame_number
                0x00082204       0x14 src/ASF/sam/drivers/uotghs/uotghs_device.o
                0x00082204                udd_get_micro_frame_number
 .text.udd_set_setup_payload
                0x00082218       0x10 src/ASF/sam/drivers/uotghs/uotghs_device.o
                0x00082218                udd_set_setup_payload
 .text.udd_ep_free
                0x00082228       0x64 src/ASF/sam/drivers/uotghs/uotghs_device.o
                0x00082228                udd_ep_free
 .text.udd_ep_is_halted
                0x0008228c       0x18 src/ASF/sam/drivers/uotghs/uotghs_device.o
                0x0008228c                udd_ep_is_halted
 .text.udd_ep_set_halt
                0x000822a4      0x128 src/ASF/sam/drivers/uotghs/uotghs_device.o
                0x000822a4                udd_ep_set_halt
 .text.udd_ep_clear_halt
                0x000823cc       0xf4 src/ASF/sam/drivers/uotghs/uotghs_device.o
                0x000823cc                udd_ep_clear_halt
 .text.udd_ep_run
                0x000824c0      0x104 src/ASF/sam/drivers/uotghs/uotghs_device.o
                0x000824c0                udd_ep_run
 .text.udd_ep_alloc
                0x000825c4      0x4f0 src/ASF/sam/drivers/uotghs/uotghs_device.o
                0x000825c4                udd_ep_alloc
 .text.udd_ep_abort
                0x00082ab4       0x84 src/ASF/sam/drivers/uotghs/uotghs_device.o
                0x00082ab4                udd_ep_abort
 .text.main     0x00082b38       0x38 src/main.o
                0x00082b38                main
 .text.board_init
                0x00082b70      0x200 src/ASF/sam/boards/arduino_due_x/init.o
                0x00082b70                board_init
 .text.pio_pull_up
                0x00082d70        0xc src/ASF/sam/drivers/pio/pio.o
                0x00082d70                pio_pull_up
 .text.pio_set_peripheral
                0x00082d7c       0x44 src/ASF/sam/drivers/pio/pio.o
                0x00082d7c                pio_set_peripheral
 .text.pio_disable_interrupt
                0x00082dc0        0x4 src/ASF/sam/drivers/pio/pio.o
                0x00082dc0                pio_disable_interrupt
 .text.pio_set_output
                0x00082dc4       0x3c src/ASF/sam/drivers/pio/pio.o
                0x00082dc4                pio_set_output
 .text.pio_set_input
                0x00082e00       0x4c src/ASF/sam/drivers/pio/pio.o
                0x00082e00                pio_set_input
 .text.pio_get_interrupt_status
                0x00082e4c        0x4 src/ASF/sam/drivers/pio/pio.o
                0x00082e4c                pio_get_interrupt_status
 .text.pio_get_interrupt_mask
                0x00082e50        0x4 src/ASF/sam/drivers/pio/pio.o
                0x00082e50                pio_get_interrupt_mask
 .text.pio_set_pin_high
                0x00082e54       0x20 src/ASF/sam/drivers/pio/pio.o
                0x00082e54                pio_set_pin_high
 .text.pio_set_pin_low
                0x00082e74       0x20 src/ASF/sam/drivers/pio/pio.o
                0x00082e74                pio_set_pin_low
 .text.pio_configure_pin
                0x00082e94      0x100 src/ASF/sam/drivers/pio/pio.o
                0x00082e94                pio_configure_pin
 .text.pio_configure_pin_group
                0x00082f94       0xc8 src/ASF/sam/drivers/pio/pio.o
                0x00082f94                pio_configure_pin_group
 .text.pio_handler_process
                0x0008305c       0x54 src/ASF/sam/drivers/pio/pio_handler.o
                0x0008305c                pio_handler_process
 .text.PIOA_Handler
                0x000830b0       0x1c src/ASF/sam/drivers/pio/pio_handler.o
                0x000830b0                PIOA_Handler
 .text.PIOB_Handler
                0x000830cc       0x1c src/ASF/sam/drivers/pio/pio_handler.o
                0x000830cc                PIOB_Handler
 .text.PIOC_Handler
                0x000830e8       0x1c src/ASF/sam/drivers/pio/pio_handler.o
                0x000830e8                PIOC_Handler
 .text.PIOD_Handler
                0x00083104       0x1c src/ASF/sam/drivers/pio/pio_handler.o
                0x00083104                PIOD_Handler
 .text.pmc_enable_periph_clk
                0x00083120       0x84 src/ASF/sam/drivers/pmc/pmc.o
                0x00083120                pmc_enable_periph_clk
 .text.pmc_is_wakeup_clocks_restored
                0x000831a4       0x10 src/ASF/sam/drivers/pmc/sleep.o
                0x000831a4                pmc_is_wakeup_clocks_restored
 .text.Dummy_Handler
                0x000831b4        0x4 src/ASF/sam/utils/cmsis/sam3x/source/templates/exceptions.o
                0x000831b4                DACC_Handler
                0x000831b4                DebugMon_Handler
                0x000831b4                DMAC_Handler
                0x000831b4                TRNG_Handler
                0x000831b4                HardFault_Handler
                0x000831b4                TC2_Handler
                0x000831b4                SysTick_Handler
                0x000831b4                USART3_Handler
                0x000831b4                TWI1_Handler
                0x000831b4                PendSV_Handler
                0x000831b4                NMI_Handler
                0x000831b4                TC7_Handler
                0x000831b4                ADC_Handler
                0x000831b4                SMC_Handler
                0x000831b4                USART0_Handler
                0x000831b4                RTT_Handler
                0x000831b4                EFC1_Handler
                0x000831b4                RTC_Handler
                0x000831b4                UsageFault_Handler
                0x000831b4                TC6_Handler
                0x000831b4                WDT_Handler
                0x000831b4                CAN0_Handler
                0x000831b4                TC4_Handler
                0x000831b4                TC1_Handler
                0x000831b4                HSMCI_Handler
                0x000831b4                TC3_Handler
                0x000831b4                Dummy_Handler
                0x000831b4                TWI0_Handler
                0x000831b4                USART1_Handler
                0x000831b4                SSC_Handler
                0x000831b4                EFC0_Handler
                0x000831b4                PMC_Handler
                0x000831b4                PWM_Handler
                0x000831b4                CAN1_Handler
                0x000831b4                MemManage_Handler
                0x000831b4                SUPC_Handler
                0x000831b4                SVC_Handler
                0x000831b4                TC8_Handler
                0x000831b4                USART2_Handler
                0x000831b4                EMAC_Handler
                0x000831b4                UART_Handler
                0x000831b4                BusFault_Handler
                0x000831b4                RSTC_Handler
                0x000831b4                TC0_Handler
                0x000831b4                TC5_Handler
                0x000831b4                SPI0_Handler
 .text.Reset_Handler
                0x000831b8      0x138 src/ASF/sam/utils/cmsis/sam3x/source/templates/gcc/startup_sam3x.o
                0x000831b8                Reset_Handler
 .text          0x000832f0       0x9c c:/programmi/atmel/atmel toolchain/arm gcc/native/4.7.1416/arm-gnu-toolchain/bin/../lib/gcc/arm-none-eabi/4.7.4/../../../../arm-none-eabi/lib/armv7-m\libc.a(lib_a-__atexit.o)
                0x000832f0                __register_exitproc
 .text          0x0008338c       0x2c c:/programmi/atmel/atmel toolchain/arm gcc/native/4.7.1416/arm-gnu-toolchain/bin/../lib/gcc/arm-none-eabi/4.7.4/../../../../arm-none-eabi/lib/armv7-m\libc.a(lib_a-fini.o)
                0x0008338c                __libc_fini_array
 .text          0x000833b8       0x4c c:/programmi/atmel/atmel toolchain/arm gcc/native/4.7.1416/arm-gnu-toolchain/bin/../lib/gcc/arm-none-eabi/4.7.4/../../../../arm-none-eabi/lib/armv7-m\libc.a(lib_a-init.o)
                0x000833b8                __libc_init_array
 .text.startup  0x00083404       0x14 c:/programmi/atmel/atmel toolchain/arm gcc/native/4.7.1416/arm-gnu-toolchain/bin/../lib/gcc/arm-none-eabi/4.7.4/../../../../arm-none-eabi/lib/armv7-m\libc.a(lib_a-__call_atexit.o)
 .text          0x00083418        0xc c:/programmi/atmel/atmel toolchain/arm gcc/native/4.7.1416/arm-gnu-toolchain/bin/../lib/gcc/arm-none-eabi/4.7.4/../../../../arm-none-eabi/lib/armv7-m\libc.a(lib_a-atexit.o)
                0x00083418                atexit
 *(.glue_7t)
 .glue_7t       0x00000000        0x0 linker stubs
 *(.glue_7)
 .glue_7        0x00000000        0x0 linker stubs
 *(.rodata .rodata* .gnu.linkonce.r.*)
 .rodata.str1.4
                0x00083424        0x8 src/ASF/common/services/usb/udc/udc.o
 .rodata        0x0008342c        0x4 c:/programmi/atmel/atmel toolchain/arm gcc/native/4.7.1416/arm-gnu-toolchain/bin/../lib/gcc/arm-none-eabi/4.7.4/../../../../arm-none-eabi/lib/armv7-m\libc.a(lib_a-impure.o)
                0x0008342c                _global_impure_ptr
 .rodata.str1.1
                0x00083430        0x2 c:/programmi/atmel/atmel toolchain/arm gcc/native/4.7.1416/arm-gnu-toolchain/bin/../lib/gcc/arm-none-eabi/4.7.4/../../../../arm-none-eabi/lib/armv7-m\libc.a(lib_a-impure.o)
 *(.ARM.extab* .gnu.linkonce.armextab.*)
                0x00083434                . = ALIGN (0x4)
 *fill*         0x00083432        0x2 00
 *(.init)
 .init          0x00083434        0x4 c:/programmi/atmel/atmel toolchain/arm gcc/native/4.7.1416/arm-gnu-toolchain/bin/../lib/gcc/arm-none-eabi/4.7.4/armv7-m/crti.o
                0x00083434                _init
 .init          0x00083438        0x8 c:/programmi/atmel/atmel toolchain/arm gcc/native/4.7.1416/arm-gnu-toolchain/bin/../lib/gcc/arm-none-eabi/4.7.4/armv7-m/crtn.o
                0x00083440                . = ALIGN (0x4)
                0x00083440                __preinit_array_start = .
 *(.preinit_array)
                0x00083440                __preinit_array_end = .
                0x00083440                . = ALIGN (0x4)
                0x00083440                __init_array_start = .
 *(SORT(.init_array.*))
 .init_array.00000
                0x00083440        0x4 c:/programmi/atmel/atmel toolchain/arm gcc/native/4.7.1416/arm-gnu-toolchain/bin/../lib/gcc/arm-none-eabi/4.7.4/../../../../arm-none-eabi/lib/armv7-m\libc.a(lib_a-__call_atexit.o)
 *(.init_array)
 .init_array    0x00083444        0x4 c:/programmi/atmel/atmel toolchain/arm gcc/native/4.7.1416/arm-gnu-toolchain/bin/../lib/gcc/arm-none-eabi/4.7.4/armv7-m/crtbegin.o
                0x00083448                __init_array_end = .
                0x00083448                . = ALIGN (0x4)
 *crtbegin.o(.ctors)
 *(EXCLUDE_FILE(*crtend.o) .ctors)
 *(SORT(.ctors.*))
 *crtend.o(.ctors)
                0x00083448                . = ALIGN (0x4)
 *(.fini)
 .fini          0x00083448        0x4 c:/programmi/atmel/atmel toolchain/arm gcc/native/4.7.1416/arm-gnu-toolchain/bin/../lib/gcc/arm-none-eabi/4.7.4/armv7-m/crti.o
                0x00083448                _fini
 .fini          0x0008344c        0x8 c:/programmi/atmel/atmel toolchain/arm gcc/native/4.7.1416/arm-gnu-toolchain/bin/../lib/gcc/arm-none-eabi/4.7.4/armv7-m/crtn.o
                0x00083454                . = ALIGN (0x4)
                0x00083454                __fini_array_start = .
 *(.fini_array)
 .fini_array    0x00083454        0x4 c:/programmi/atmel/atmel toolchain/arm gcc/native/4.7.1416/arm-gnu-toolchain/bin/../lib/gcc/arm-none-eabi/4.7.4/armv7-m/crtbegin.o
 *(SORT(.fini_array.*))
                0x00083458                __fini_array_end = .
 *crtbegin.o(.dtors)
 *(EXCLUDE_FILE(*crtend.o) .dtors)
 *(SORT(.dtors.*))
 *crtend.o(.dtors)
                0x00083458                . = ALIGN (0x4)
                0x00083458                _efixed = .
                0x00083458                PROVIDE (__exidx_start, .)

.vfp11_veneer   0x00083458        0x0
 .vfp11_veneer  0x00000000        0x0 linker stubs

.v4_bx          0x00083458        0x0
 .v4_bx         0x00000000        0x0 linker stubs

.iplt           0x00083458        0x0
 .iplt          0x00000000        0x0 c:/programmi/atmel/atmel toolchain/arm gcc/native/4.7.1416/arm-gnu-toolchain/bin/../lib/gcc/arm-none-eabi/4.7.4/armv7-m/crtbegin.o

.eh_frame       0x00083458        0x0
 .eh_frame      0x00083458        0x0 c:/programmi/atmel/atmel toolchain/arm gcc/native/4.7.1416/arm-gnu-toolchain/bin/../lib/gcc/arm-none-eabi/4.7.4/armv7-m/crtbegin.o

.rel.dyn        0x00083458        0x0
 .rel.iplt      0x00000000        0x0 c:/programmi/atmel/atmel toolchain/arm gcc/native/4.7.1416/arm-gnu-toolchain/bin/../lib/gcc/arm-none-eabi/4.7.4/armv7-m/crtbegin.o

.jcr            0x00083458        0x0
 .jcr           0x00083458        0x0 c:/programmi/atmel/atmel toolchain/arm gcc/native/4.7.1416/arm-gnu-toolchain/bin/../lib/gcc/arm-none-eabi/4.7.4/armv7-m/crtbegin.o

.tm_clone_table
                0x00083458        0x0
 .tm_clone_table
                0x00083458        0x0 c:/programmi/atmel/atmel toolchain/arm gcc/native/4.7.1416/arm-gnu-toolchain/bin/../lib/gcc/arm-none-eabi/4.7.4/armv7-m/crtbegin.o
 .tm_clone_table
                0x00083458        0x0 c:/programmi/atmel/atmel toolchain/arm gcc/native/4.7.1416/arm-gnu-toolchain/bin/../lib/gcc/arm-none-eabi/4.7.4/armv7-m/crtend.o

.igot.plt       0x00083458        0x0
 .igot.plt      0x00000000        0x0 c:/programmi/atmel/atmel toolchain/arm gcc/native/4.7.1416/arm-gnu-toolchain/bin/../lib/gcc/arm-none-eabi/4.7.4/armv7-m/crtbegin.o

.ARM.exidx
 *(.ARM.exidx* .gnu.linkonce.armexidx.*)
                0x00083458                PROVIDE (__exidx_end, .)
                0x00083458                . = ALIGN (0x4)
                0x00083458                _etext = .

.relocate       0x20070000      0x518 load address 0x00083458
                0x20070000                . = ALIGN (0x4)
                0x20070000                _srelocate = .
 *(.ramfunc .ramfunc.*)
 *(.data .data.*)
 .data.udi_api_cdc_data
                0x20070000       0x14 src/ASF/common/services/usb/class/cdc/device/udi_cdc.o
                0x20070000                udi_api_cdc_data
 .data.udi_api_cdc_comm
                0x20070014       0x14 src/ASF/common/services/usb/class/cdc/device/udi_cdc.o
                0x20070014                udi_api_cdc_comm
 .data.udc_config
                0x20070028        0x8 src/ASF/common/services/usb/class/cdc/device/udi_cdc_desc.o
                0x20070028                udc_config
 .data.udi_apis
                0x20070030        0x8 src/ASF/common/services/usb/class/cdc/device/udi_cdc_desc.o
                0x20070030                udi_apis
 .data.udc_config_fs
                0x20070038        0x8 src/ASF/common/services/usb/class/cdc/device/udi_cdc_desc.o
                0x20070038                udc_config_fs
 .data.udc_device_desc
                0x20070040       0x14 src/ASF/common/services/usb/class/cdc/device/udi_cdc_desc.o
                0x20070040                udc_device_desc
 .data.udc_desc_fs
                0x20070054       0x44 src/ASF/common/services/usb/class/cdc/device/udi_cdc_desc.o
                0x20070054                udc_desc_fs
 .data.udc_string_product_name
                0x20070098       0x14 src/ASF/common/services/usb/udc/udc.o
 .data.udc_string_manufacturer_name
                0x200700ac       0x10 src/ASF/common/services/usb/udc/udc.o
 .data.udc_string_desc
                0x200700bc       0x24 src/ASF/common/services/usb/udc/udc.o
 .data.udc_string_desc_languageid
                0x200700e0        0x4 src/ASF/common/services/usb/udc/udc.o
 .data.g_interrupt_enabled
                0x200700e4        0x1 src/ASF/common/utils/interrupt/interrupt_sam_nvic.o
                0x200700e4                g_interrupt_enabled
 *fill*         0x200700e5        0x3 00
 .data          0x200700e8      0x430 c:/programmi/atmel/atmel toolchain/arm gcc/native/4.7.1416/arm-gnu-toolchain/bin/../lib/gcc/arm-none-eabi/4.7.4/../../../../arm-none-eabi/lib/armv7-m\libc.a(lib_a-impure.o)
                0x200700e8                _impure_ptr
                0x20070518                . = ALIGN (0x4)
                0x20070518                _erelocate = .

.bss            0x20070518      0x260 load address 0x00083970
                0x20070518                . = ALIGN (0x4)
                0x20070518                _sbss = .
                0x20070518                _szero = .
 *(.bss .bss.*)
 .bss           0x20070518       0x1c c:/programmi/atmel/atmel toolchain/arm gcc/native/4.7.1416/arm-gnu-toolchain/bin/../lib/gcc/arm-none-eabi/4.7.4/armv7-m/crtbegin.o
 .bss.udi_cdc_rx_trans_ongoing
                0x20070534        0x4 src/ASF/common/services/usb/class/cdc/device/udi_cdc.o
 .bss.udi_cdc_line_coding
                0x20070538        0x8 src/ASF/common/services/usb/class/cdc/device/udi_cdc.o
 .bss.udi_cdc_nb_data_enabled
                0x20070540        0x1 src/ASF/common/services/usb/class/cdc/device/udi_cdc.o
 *fill*         0x20070541        0x3 00
 .bss.udi_cdc_tx_buf_sel
                0x20070544        0x4 src/ASF/common/services/usb/class/cdc/device/udi_cdc.o
 .bss.udi_cdc_tx_buf_nb
                0x20070548        0x4 src/ASF/common/services/usb/class/cdc/device/udi_cdc.o
 .bss.udi_cdc_tx_buf
                0x2007054c       0x80 src/ASF/common/services/usb/class/cdc/device/udi_cdc.o
 .bss.udi_cdc_rx_buf_nb
                0x200705cc        0x4 src/ASF/common/services/usb/class/cdc/device/udi_cdc.o
 .bss.udi_cdc_nb_comm_enabled
                0x200705d0        0x1 src/ASF/common/services/usb/class/cdc/device/udi_cdc.o
 *fill*         0x200705d1        0x3 00
 .bss.udi_cdc_rx_pos
                0x200705d4        0x4 src/ASF/common/services/usb/class/cdc/device/udi_cdc.o
 .bss.udi_cdc_tx_sof_num
                0x200705d8        0x4 src/ASF/common/services/usb/class/cdc/device/udi_cdc.o
 .bss.udi_cdc_data_running
                0x200705dc        0x1 src/ASF/common/services/usb/class/cdc/device/udi_cdc.o
 *fill*         0x200705dd        0x3 00
 .bss.udi_cdc_rx_buf_sel
                0x200705e0        0x4 src/ASF/common/services/usb/class/cdc/device/udi_cdc.o
 .bss.udi_cdc_tx_trans_ongoing
                0x200705e4        0x4 src/ASF/common/services/usb/class/cdc/device/udi_cdc.o
 .bss.uid_cdc_state_msg
                0x200705e8        0xc src/ASF/common/services/usb/class/cdc/device/udi_cdc.o
 .bss.udi_cdc_rx_buf
                0x200705f4       0x80 src/ASF/common/services/usb/class/cdc/device/udi_cdc.o
 .bss.sof_zlp_counter.7629
                0x20070674        0x2 src/ASF/common/services/usb/class/cdc/device/udi_cdc.o
 *fill*         0x20070676        0x2 00
 .bss.udi_cdc_tx_both_buf_to_send
                0x20070678        0x4 src/ASF/common/services/usb/class/cdc/device/udi_cdc.o
 .bss.udi_cdc_state
                0x2007067c        0x4 src/ASF/common/services/usb/class/cdc/device/udi_cdc.o
 .bss.udc_iface_setting.7359
                0x20070680        0x1 src/ASF/common/services/usb/udc/udc.o
 *fill*         0x20070681        0x3 00
 .bss.udc_ptr_conf
                0x20070684        0x4 src/ASF/common/services/usb/udc/udc.o
 .bss.udc_ep_status.7300
                0x20070688        0x2 src/ASF/common/services/usb/udc/udc.o
 .bss.udc_device_status
                0x2007068a        0x2 src/ASF/common/services/usb/udc/udc.o
 .bss.udc_num_configuration
                0x2007068c        0x1 src/ASF/common/services/usb/udc/udc.o
 *fill*         0x2007068d        0x3 00
 .bss.udc_ptr_iface
                0x20070690        0x4 src/ASF/common/services/usb/udc/udc.o
 .bss.udd_ep_job
                0x20070694       0x48 src/ASF/sam/drivers/uotghs/uotghs_device.o
 .bss.udd_ctrl_prev_payload_buf_cnt
                0x200706dc        0x2 src/ASF/sam/drivers/uotghs/uotghs_device.o
 .bss.udd_b_idle
                0x200706de        0x1 src/ASF/sam/drivers/uotghs/uotghs_device.o
 .bss.b_shortpacket.7965
                0x200706df        0x1 src/ASF/sam/drivers/uotghs/uotghs_device.o
 .bss.udd_ep_control_state
                0x200706e0        0x1 src/ASF/sam/drivers/uotghs/uotghs_device.o
 *fill*         0x200706e1        0x1 00
 .bss.udd_ctrl_payload_buf_cnt
                0x200706e2        0x2 src/ASF/sam/drivers/uotghs/uotghs_device.o
 .bss.gs_interrupt_sources
                0x200706e4       0x70 src/ASF/sam/drivers/pio/pio_handler.o
 .bss.b_is_fastrc_used
                0x20070754        0x1 src/ASF/sam/drivers/pmc/sleep.o
 *(COMMON)
 *fill*         0x20070755        0x3 00
 COMMON         0x20070758        0x5 src/ASF/common/services/sleepmgr/sam/sleepmgr.o
                0x20070758                sleepmgr_locks
 *fill*         0x2007075d        0x3 00
 COMMON         0x20070760       0x18 src/ASF/sam/drivers/uotghs/uotghs_device.o
                0x20070760                udd_g_ctrlreq
                0x20070778                . = ALIGN (0x4)
                0x20070778                _ebss = .
                0x20070778                _ezero = .

.stack          0x20070778     0x2000 load address 0x00083bd0
                0x20070778                . = ALIGN (0x8)
                0x20070778                _sstack = .
                0x20072778                . = (. + __stack_size__)
 *fill*         0x20070778     0x2000 00
                0x20072778                . = ALIGN (0x8)
                0x20072778                _estack = .
                0x20072778                . = ALIGN (0x4)
                0x20072778                _end = .
OUTPUT(ATSAM3X8E_FW.elf elf32-littlearm)

.ARM.attributes
                0x00000000       0x29
 .ARM.attributes
                0x00000000       0x1d c:/programmi/atmel/atmel toolchain/arm gcc/native/4.7.1416/arm-gnu-toolchain/bin/../lib/gcc/arm-none-eabi/4.7.4/armv7-m/crti.o
 .ARM.attributes
                0x0000001d       0x2d c:/programmi/atmel/atmel toolchain/arm gcc/native/4.7.1416/arm-gnu-toolchain/bin/../lib/gcc/arm-none-eabi/4.7.4/armv7-m/crtbegin.o
 .ARM.attributes
                0x0000004a       0x33 src/ASF/common/services/sleepmgr/sam/sleepmgr.o
 .ARM.attributes
                0x0000007d       0x33 src/ASF/common/services/usb/class/cdc/device/udi_cdc.o
 .ARM.attributes
                0x000000b0       0x33 src/ASF/common/services/usb/class/cdc/device/udi_cdc_desc.o
 .ARM.attributes
                0x000000e3       0x33 src/ASF/common/services/usb/udc/udc.o
 .ARM.attributes
                0x00000116       0x33 src/ASF/sam/drivers/uotghs/uotghs_device.o
 .ARM.attributes
                0x00000149       0x33 src/main.o
 .ARM.attributes
                0x0000017c       0x33 src/ASF/common/utils/interrupt/interrupt_sam_nvic.o
 .ARM.attributes
                0x000001af       0x33 src/ASF/sam/boards/arduino_due_x/init.o
 .ARM.attributes
                0x000001e2       0x33 src/ASF/sam/drivers/pio/pio.o
 .ARM.attributes
                0x00000215       0x33 src/ASF/sam/drivers/pio/pio_handler.o
 .ARM.attributes
                0x00000248       0x33 src/ASF/sam/drivers/pmc/pmc.o
 .ARM.attributes
                0x0000027b       0x33 src/ASF/sam/drivers/pmc/sleep.o
 .ARM.attributes
                0x000002ae       0x33 src/ASF/sam/utils/cmsis/sam3x/source/templates/exceptions.o
 .ARM.attributes
                0x000002e1       0x33 src/ASF/sam/utils/cmsis/sam3x/source/templates/gcc/startup_sam3x.o
 .ARM.attributes
                0x00000314       0x2d c:/programmi/atmel/atmel toolchain/arm gcc/native/4.7.1416/arm-gnu-toolchain/bin/../lib/gcc/arm-none-eabi/4.7.4/../../../../arm-none-eabi/lib/armv7-m\libc.a(lib_a-__atexit.o)
 .ARM.attributes
                0x00000341       0x2d c:/programmi/atmel/atmel toolchain/arm gcc/native/4.7.1416/arm-gnu-toolchain/bin/../lib/gcc/arm-none-eabi/4.7.4/../../../../arm-none-eabi/lib/armv7-m\libc.a(lib_a-fini.o)
 .ARM.attributes
                0x0000036e       0x2d c:/programmi/atmel/atmel toolchain/arm gcc/native/4.7.1416/arm-gnu-toolchain/bin/../lib/gcc/arm-none-eabi/4.7.4/../../../../arm-none-eabi/lib/armv7-m\libc.a(lib_a-impure.o)
 .ARM.attributes
                0x0000039b       0x2d c:/programmi/atmel/atmel toolchain/arm gcc/native/4.7.1416/arm-gnu-toolchain/bin/../lib/gcc/arm-none-eabi/4.7.4/../../../../arm-none-eabi/lib/armv7-m\libc.a(lib_a-init.o)
 .ARM.attributes
                0x000003c8       0x2d c:/programmi/atmel/atmel toolchain/arm gcc/native/4.7.1416/arm-gnu-toolchain/bin/../lib/gcc/arm-none-eabi/4.7.4/../../../../arm-none-eabi/lib/armv7-m\libc.a(lib_a-__call_atexit.o)
 .ARM.attributes
                0x000003f5       0x2d c:/programmi/atmel/atmel toolchain/arm gcc/native/4.7.1416/arm-gnu-toolchain/bin/../lib/gcc/arm-none-eabi/4.7.4/../../../../arm-none-eabi/lib/armv7-m\libc.a(lib_a-atexit.o)
 .ARM.attributes
                0x00000422       0x2d c:/programmi/atmel/atmel toolchain/arm gcc/native/4.7.1416/arm-gnu-toolchain/bin/../lib/gcc/arm-none-eabi/4.7.4/armv7-m/crtend.o
 .ARM.attributes
                0x0000044f       0x1d c:/programmi/atmel/atmel toolchain/arm gcc/native/4.7.1416/arm-gnu-toolchain/bin/../lib/gcc/arm-none-eabi/4.7.4/armv7-m/crtn.o

.comment        0x00000000       0x71
 .comment       0x00000000       0x71 c:/programmi/atmel/atmel toolchain/arm gcc/native/4.7.1416/arm-gnu-toolchain/bin/../lib/gcc/arm-none-eabi/4.7.4/armv7-m/crtbegin.o
                                 0x72 (size before relaxing)
 .comment       0x00000000       0x72 src/ASF/common/services/sleepmgr/sam/sleepmgr.o
 .comment       0x00000000       0x72 src/ASF/common/services/usb/class/cdc/device/udi_cdc.o
 .comment       0x00000000       0x72 src/ASF/common/services/usb/class/cdc/device/udi_cdc_desc.o
 .comment       0x00000000       0x72 src/ASF/common/services/usb/udc/udc.o
 .comment       0x00000000       0x72 src/ASF/sam/drivers/uotghs/uotghs_device.o
 .comment       0x00000000       0x72 src/main.o
 .comment       0x00000000       0x72 src/ASF/common/utils/interrupt/interrupt_sam_nvic.o
 .comment       0x00000000       0x72 src/ASF/sam/boards/arduino_due_x/init.o
 .comment       0x00000000       0x72 src/ASF/sam/drivers/pio/pio.o
 .comment       0x00000000       0x72 src/ASF/sam/drivers/pio/pio_handler.o
 .comment       0x00000000       0x72 src/ASF/sam/drivers/pmc/pmc.o
 .comment       0x00000000       0x72 src/ASF/sam/drivers/pmc/sleep.o
 .comment       0x00000000       0x72 src/ASF/sam/utils/cmsis/sam3x/source/templates/exceptions.o
 .comment       0x00000000       0x72 src/ASF/sam/utils/cmsis/sam3x/source/templates/gcc/startup_sam3x.o
 .comment       0x00000000       0x72 c:/programmi/atmel/atmel toolchain/arm gcc/native/4.7.1416/arm-gnu-toolchain/bin/../lib/gcc/arm-none-eabi/4.7.4/../../../../arm-none-eabi/lib/armv7-m\libc.a(lib_a-__atexit.o)
 .comment       0x00000000       0x72 c:/programmi/atmel/atmel toolchain/arm gcc/native/4.7.1416/arm-gnu-toolchain/bin/../lib/gcc/arm-none-eabi/4.7.4/../../../../arm-none-eabi/lib/armv7-m\libc.a(lib_a-fini.o)
 .comment       0x00000000       0x72 c:/programmi/atmel/atmel toolchain/arm gcc/native/4.7.1416/arm-gnu-toolchain/bin/../lib/gcc/arm-none-eabi/4.7.4/../../../../arm-none-eabi/lib/armv7-m\libc.a(lib_a-impure.o)
 .comment       0x00000000       0x72 c:/programmi/atmel/atmel toolchain/arm gcc/native/4.7.1416/arm-gnu-toolchain/bin/../lib/gcc/arm-none-eabi/4.7.4/../../../../arm-none-eabi/lib/armv7-m\libc.a(lib_a-init.o)
 .comment       0x00000000       0x72 c:/programmi/atmel/atmel toolchain/arm gcc/native/4.7.1416/arm-gnu-toolchain/bin/../lib/gcc/arm-none-eabi/4.7.4/../../../../arm-none-eabi/lib/armv7-m\libc.a(lib_a-__call_atexit.o)
 .comment       0x00000000       0x72 c:/programmi/atmel/atmel toolchain/arm gcc/native/4.7.1416/arm-gnu-toolchain/bin/../lib/gcc/arm-none-eabi/4.7.4/../../../../arm-none-eabi/lib/armv7-m\libc.a(lib_a-atexit.o)
 .comment       0x00000000       0x72 c:/programmi/atmel/atmel toolchain/arm gcc/native/4.7.1416/arm-gnu-toolchain/bin/../lib/gcc/arm-none-eabi/4.7.4/armv7-m/crtend.o

.debug_info     0x00000000     0xcc05
 .debug_info    0x00000000      0x14b src/ASF/common/services/sleepmgr/sam/sleepmgr.o
 .debug_info    0x0000014b     0x1aa4 src/ASF/common/services/usb/class/cdc/device/udi_cdc.o
 .debug_info    0x00001bef      0x7c1 src/ASF/common/services/usb/class/cdc/device/udi_cdc_desc.o
 .debug_info    0x000023b0      0xfe3 src/ASF/common/services/usb/udc/udc.o
 .debug_info    0x00003393     0x2c7e src/ASF/sam/drivers/uotghs/uotghs_device.o
 .debug_info    0x00006011      0x17c src/main.o
 .debug_info    0x0000618d      0x1d2 src/ASF/common/utils/interrupt/interrupt_sam_nvic.o
 .debug_info    0x0000635f      0xaf5 src/ASF/sam/boards/arduino_due_x/init.o
 .debug_info    0x00006e54     0x11ab src/ASF/sam/drivers/pio/pio.o
 .debug_info    0x00007fff      0xdc8 src/ASF/sam/drivers/pio/pio_handler.o
 .debug_info    0x00008dc7     0x101b src/ASF/sam/drivers/pmc/pmc.o
 .debug_info    0x00009de2      0x929 src/ASF/sam/drivers/pmc/sleep.o
 .debug_info    0x0000a70b       0xae src/ASF/sam/utils/cmsis/sam3x/source/templates/exceptions.o
 .debug_info    0x0000a7b9      0x344 src/ASF/sam/utils/cmsis/sam3x/source/templates/gcc/startup_sam3x.o
 .debug_info    0x0000aafd      0xa15 c:/programmi/atmel/atmel toolchain/arm gcc/native/4.7.1416/arm-gnu-toolchain/bin/../lib/gcc/arm-none-eabi/4.7.4/../../../../arm-none-eabi/lib/armv7-m\libc.a(lib_a-__atexit.o)
 .debug_info    0x0000b512       0xf7 c:/programmi/atmel/atmel toolchain/arm gcc/native/4.7.1416/arm-gnu-toolchain/bin/../lib/gcc/arm-none-eabi/4.7.4/../../../../arm-none-eabi/lib/armv7-m\libc.a(lib_a-fini.o)
 .debug_info    0x0000b609      0x961 c:/programmi/atmel/atmel toolchain/arm gcc/native/4.7.1416/arm-gnu-toolchain/bin/../lib/gcc/arm-none-eabi/4.7.4/../../../../arm-none-eabi/lib/armv7-m\libc.a(lib_a-impure.o)
 .debug_info    0x0000bf6a      0x110 c:/programmi/atmel/atmel toolchain/arm gcc/native/4.7.1416/arm-gnu-toolchain/bin/../lib/gcc/arm-none-eabi/4.7.4/../../../../arm-none-eabi/lib/armv7-m\libc.a(lib_a-init.o)
 .debug_info    0x0000c07a      0xa7c c:/programmi/atmel/atmel toolchain/arm gcc/native/4.7.1416/arm-gnu-toolchain/bin/../lib/gcc/arm-none-eabi/4.7.4/../../../../arm-none-eabi/lib/armv7-m\libc.a(lib_a-__call_atexit.o)
 .debug_info    0x0000caf6      0x10f c:/programmi/atmel/atmel toolchain/arm gcc/native/4.7.1416/arm-gnu-toolchain/bin/../lib/gcc/arm-none-eabi/4.7.4/../../../../arm-none-eabi/lib/armv7-m\libc.a(lib_a-atexit.o)

.debug_abbrev   0x00000000     0x233a
 .debug_abbrev  0x00000000       0xa9 src/ASF/common/services/sleepmgr/sam/sleepmgr.o
 .debug_abbrev  0x000000a9      0x3d9 src/ASF/common/services/usb/class/cdc/device/udi_cdc.o
 .debug_abbrev  0x00000482      0x116 src/ASF/common/services/usb/class/cdc/device/udi_cdc_desc.o
 .debug_abbrev  0x00000598      0x336 src/ASF/common/services/usb/udc/udc.o
 .debug_abbrev  0x000008ce      0x512 src/ASF/sam/drivers/uotghs/uotghs_device.o
 .debug_abbrev  0x00000de0       0xc7 src/main.o
 .debug_abbrev  0x00000ea7       0xef src/ASF/common/utils/interrupt/interrupt_sam_nvic.o
 .debug_abbrev  0x00000f96      0x16f src/ASF/sam/boards/arduino_due_x/init.o
 .debug_abbrev  0x00001105      0x214 src/ASF/sam/drivers/pio/pio.o
 .debug_abbrev  0x00001319      0x266 src/ASF/sam/drivers/pio/pio_handler.o
 .debug_abbrev  0x0000157f      0x246 src/ASF/sam/drivers/pmc/pmc.o
 .debug_abbrev  0x000017c5      0x216 src/ASF/sam/drivers/pmc/sleep.o
 .debug_abbrev  0x000019db       0x6c src/ASF/sam/utils/cmsis/sam3x/source/templates/exceptions.o
 .debug_abbrev  0x00001a47      0x107 src/ASF/sam/utils/cmsis/sam3x/source/templates/gcc/startup_sam3x.o
 .debug_abbrev  0x00001b4e      0x1fe c:/programmi/atmel/atmel toolchain/arm gcc/native/4.7.1416/arm-gnu-toolchain/bin/../lib/gcc/arm-none-eabi/4.7.4/../../../../arm-none-eabi/lib/armv7-m\libc.a(lib_a-__atexit.o)
 .debug_abbrev  0x00001d4c       0xbb c:/programmi/atmel/atmel toolchain/arm gcc/native/4.7.1416/arm-gnu-toolchain/bin/../lib/gcc/arm-none-eabi/4.7.4/../../../../arm-none-eabi/lib/armv7-m\libc.a(lib_a-fini.o)
 .debug_abbrev  0x00001e07      0x160 c:/programmi/atmel/atmel toolchain/arm gcc/native/4.7.1416/arm-gnu-toolchain/bin/../lib/gcc/arm-none-eabi/4.7.4/../../../../arm-none-eabi/lib/armv7-m\libc.a(lib_a-impure.o)
 .debug_abbrev  0x00001f67       0xb8 c:/programmi/atmel/atmel toolchain/arm gcc/native/4.7.1416/arm-gnu-toolchain/bin/../lib/gcc/arm-none-eabi/4.7.4/../../../../arm-none-eabi/lib/armv7-m\libc.a(lib_a-init.o)
 .debug_abbrev  0x0000201f      0x265 c:/programmi/atmel/atmel toolchain/arm gcc/native/4.7.1416/arm-gnu-toolchain/bin/../lib/gcc/arm-none-eabi/4.7.4/../../../../arm-none-eabi/lib/armv7-m\libc.a(lib_a-__call_atexit.o)
 .debug_abbrev  0x00002284       0xb6 c:/programmi/atmel/atmel toolchain/arm gcc/native/4.7.1416/arm-gnu-toolchain/bin/../lib/gcc/arm-none-eabi/4.7.4/../../../../arm-none-eabi/lib/armv7-m\libc.a(lib_a-atexit.o)

.debug_aranges  0x00000000      0x848
 .debug_aranges
                0x00000000       0x18 src/ASF/common/services/sleepmgr/sam/sleepmgr.o
 .debug_aranges
                0x00000018      0x168 src/ASF/common/services/usb/class/cdc/device/udi_cdc.o
 .debug_aranges
                0x00000180       0x18 src/ASF/common/services/usb/class/cdc/device/udi_cdc_desc.o
 .debug_aranges
                0x00000198       0x78 src/ASF/common/services/usb/udc/udc.o
 .debug_aranges
                0x00000210      0x108 src/ASF/sam/drivers/uotghs/uotghs_device.o
 .debug_aranges
                0x00000318       0x20 src/main.o
 .debug_aranges
                0x00000338       0x28 src/ASF/common/utils/interrupt/interrupt_sam_nvic.o
 .debug_aranges
                0x00000360       0x20 src/ASF/sam/boards/arduino_due_x/init.o
 .debug_aranges
                0x00000380      0x148 src/ASF/sam/drivers/pio/pio.o
 .debug_aranges
                0x000004c8       0x58 src/ASF/sam/drivers/pio/pio_handler.o
 .debug_aranges
                0x00000520      0x1f8 src/ASF/sam/drivers/pmc/pmc.o
 .debug_aranges
                0x00000718       0x30 src/ASF/sam/drivers/pmc/sleep.o
 .debug_aranges
                0x00000748       0x20 src/ASF/sam/utils/cmsis/sam3x/source/templates/exceptions.o
 .debug_aranges
                0x00000768       0x20 src/ASF/sam/utils/cmsis/sam3x/source/templates/gcc/startup_sam3x.o
 .debug_aranges
                0x00000788       0x20 c:/programmi/atmel/atmel toolchain/arm gcc/native/4.7.1416/arm-gnu-toolchain/bin/../lib/gcc/arm-none-eabi/4.7.4/../../../../arm-none-eabi/lib/armv7-m\libc.a(lib_a-__atexit.o)
 .debug_aranges
                0x000007a8       0x20 c:/programmi/atmel/atmel toolchain/arm gcc/native/4.7.1416/arm-gnu-toolchain/bin/../lib/gcc/arm-none-eabi/4.7.4/../../../../arm-none-eabi/lib/armv7-m\libc.a(lib_a-fini.o)
 .debug_aranges
                0x000007c8       0x18 c:/programmi/atmel/atmel toolchain/arm gcc/native/4.7.1416/arm-gnu-toolchain/bin/../lib/gcc/arm-none-eabi/4.7.4/../../../../arm-none-eabi/lib/armv7-m\libc.a(lib_a-impure.o)
 .debug_aranges
                0x000007e0       0x20 c:/programmi/atmel/atmel toolchain/arm gcc/native/4.7.1416/arm-gnu-toolchain/bin/../lib/gcc/arm-none-eabi/4.7.4/../../../../arm-none-eabi/lib/armv7-m\libc.a(lib_a-init.o)
 .debug_aranges
                0x00000800       0x28 c:/programmi/atmel/atmel toolchain/arm gcc/native/4.7.1416/arm-gnu-toolchain/bin/../lib/gcc/arm-none-eabi/4.7.4/../../../../arm-none-eabi/lib/armv7-m\libc.a(lib_a-__call_atexit.o)
 .debug_aranges
                0x00000828       0x20 c:/programmi/atmel/atmel toolchain/arm gcc/native/4.7.1416/arm-gnu-toolchain/bin/../lib/gcc/arm-none-eabi/4.7.4/../../../../arm-none-eabi/lib/armv7-m\libc.a(lib_a-atexit.o)

.debug_macro    0x00000000     0x6430
 .debug_macro   0x00000000      0x4ca src/ASF/common/services/sleepmgr/sam/sleepmgr.o
 .debug_macro   0x000004ca       0x10 src/ASF/common/services/sleepmgr/sam/sleepmgr.o
 .debug_macro   0x000004da       0x2e src/ASF/common/services/sleepmgr/sam/sleepmgr.o
 .debug_macro   0x00000508      0x5d3 src/ASF/common/services/usb/class/cdc/device/udi_cdc.o
 .debug_macro   0x00000adb       0x90 src/ASF/common/services/usb/class/cdc/device/udi_cdc.o
 .debug_macro   0x00000b6b      0x225 src/ASF/common/services/usb/class/cdc/device/udi_cdc.o
 .debug_macro   0x00000d90       0x96 src/ASF/common/services/usb/class/cdc/device/udi_cdc.o
 .debug_macro   0x00000e26      0x241 src/ASF/common/services/usb/class/cdc/device/udi_cdc.o
 .debug_macro   0x00001067       0xbb src/ASF/common/services/usb/class/cdc/device/udi_cdc.o
 .debug_macro   0x00001122       0x16 src/ASF/common/services/usb/class/cdc/device/udi_cdc.o
 .debug_macro   0x00001138       0x1c src/ASF/common/services/usb/class/cdc/device/udi_cdc.o
 .debug_macro   0x00001154      0x190 src/ASF/common/services/usb/class/cdc/device/udi_cdc.o
 .debug_macro   0x000012e4       0x10 src/ASF/common/services/usb/class/cdc/device/udi_cdc.o
 .debug_macro   0x000012f4       0x1c src/ASF/common/services/usb/class/cdc/device/udi_cdc.o
 .debug_macro   0x00001310      0x53b src/ASF/common/services/usb/class/cdc/device/udi_cdc_desc.o
 .debug_macro   0x0000184b      0x52d src/ASF/common/services/usb/udc/udc.o
 .debug_macro   0x00001d78      0x669 src/ASF/sam/drivers/uotghs/uotghs_device.o
 .debug_macro   0x000023e1       0x34 src/ASF/sam/drivers/uotghs/uotghs_device.o
 .debug_macro   0x00002415      0x1e3 src/ASF/sam/drivers/uotghs/uotghs_device.o
 .debug_macro   0x000025f8      0x5eb src/ASF/sam/drivers/uotghs/uotghs_device.o
 .debug_macro   0x00002be3       0x58 src/ASF/sam/drivers/uotghs/uotghs_device.o
 .debug_macro   0x00002c3b       0x64 src/ASF/sam/drivers/uotghs/uotghs_device.o
 .debug_macro   0x00002c9f       0x5f src/ASF/sam/drivers/uotghs/uotghs_device.o
 .debug_macro   0x00002cfe       0x90 src/ASF/sam/drivers/uotghs/uotghs_device.o
 .debug_macro   0x00002d8e      0x1c7 src/ASF/sam/drivers/uotghs/uotghs_device.o
 .debug_macro   0x00002f55      0x5c4 src/ASF/sam/drivers/uotghs/uotghs_device.o
 .debug_macro   0x00003519      0x6c1 src/main.o
 .debug_macro   0x00003bda       0x88 src/main.o
 .debug_macro   0x00003c62       0x16 src/main.o
 .debug_macro   0x00003c78       0x10 src/main.o
 .debug_macro   0x00003c88       0x28 src/main.o
 .debug_macro   0x00003cb0       0x22 src/main.o
 .debug_macro   0x00003cd2       0x94 src/main.o
 .debug_macro   0x00003d66       0x40 src/main.o
 .debug_macro   0x00003da6       0x70 src/main.o
 .debug_macro   0x00003e16       0x10 src/main.o
 .debug_macro   0x00003e26       0x96 src/main.o
 .debug_macro   0x00003ebc       0x10 src/main.o
 .debug_macro   0x00003ecc      0x4a4 src/ASF/common/utils/interrupt/interrupt_sam_nvic.o
 .debug_macro   0x00004370      0x563 src/ASF/sam/boards/arduino_due_x/init.o
 .debug_macro   0x000048d3       0x2e src/ASF/sam/boards/arduino_due_x/init.o
 .debug_macro   0x00004901       0x6a src/ASF/sam/boards/arduino_due_x/init.o
 .debug_macro   0x0000496b      0x4c0 src/ASF/sam/drivers/pio/pio.o
 .debug_macro   0x00004e2b       0x8e src/ASF/sam/drivers/pio/pio.o
 .debug_macro   0x00004eb9      0x4cd src/ASF/sam/drivers/pio/pio_handler.o
 .debug_macro   0x00005386      0x4b9 src/ASF/sam/drivers/pmc/pmc.o
 .debug_macro   0x0000583f       0x52 src/ASF/sam/drivers/pmc/pmc.o
 .debug_macro   0x00005891      0x4d9 src/ASF/sam/drivers/pmc/sleep.o
 .debug_macro   0x00005d6a      0x35c src/ASF/sam/utils/cmsis/sam3x/source/templates/exceptions.o
 .debug_macro   0x000060c6      0x36a src/ASF/sam/utils/cmsis/sam3x/source/templates/gcc/startup_sam3x.o

.debug_line     0x00000000     0xce1c
 .debug_line    0x00000000      0xbae src/ASF/common/services/sleepmgr/sam/sleepmgr.o
 .debug_line    0x00000bae     0x1247 src/ASF/common/services/usb/class/cdc/device/udi_cdc.o
 .debug_line    0x00001df5      0xc30 src/ASF/common/services/usb/class/cdc/device/udi_cdc_desc.o
 .debug_line    0x00002a25      0xe8f src/ASF/common/services/usb/udc/udc.o
 .debug_line    0x000038b4     0x1751 src/ASF/sam/drivers/uotghs/uotghs_device.o
 .debug_line    0x00005005     0x10ea src/main.o
 .debug_line    0x000060ef      0xb5e src/ASF/common/utils/interrupt/interrupt_sam_nvic.o
 .debug_line    0x00006c4d      0xd71 src/ASF/sam/boards/arduino_due_x/init.o
 .debug_line    0x000079be      0xe62 src/ASF/sam/drivers/pio/pio.o
 .debug_line    0x00008820      0xc08 src/ASF/sam/drivers/pio/pio_handler.o
 .debug_line    0x00009428     0x10cd src/ASF/sam/drivers/pmc/pmc.o
 .debug_line    0x0000a4f5      0xc8b src/ASF/sam/drivers/pmc/sleep.o
 .debug_line    0x0000b180      0x958 src/ASF/sam/utils/cmsis/sam3x/source/templates/exceptions.o
 .debug_line    0x0000bad8      0x9b9 src/ASF/sam/utils/cmsis/sam3x/source/templates/gcc/startup_sam3x.o
 .debug_line    0x0000c491      0x235 c:/programmi/atmel/atmel toolchain/arm gcc/native/4.7.1416/arm-gnu-toolchain/bin/../lib/gcc/arm-none-eabi/4.7.4/../../../../arm-none-eabi/lib/armv7-m\libc.a(lib_a-__atexit.o)
 .debug_line    0x0000c6c6      0x123 c:/programmi/atmel/atmel toolchain/arm gcc/native/4.7.1416/arm-gnu-toolchain/bin/../lib/gcc/arm-none-eabi/4.7.4/../../../../arm-none-eabi/lib/armv7-m\libc.a(lib_a-fini.o)
 .debug_line    0x0000c7e9      0x183 c:/programmi/atmel/atmel toolchain/arm gcc/native/4.7.1416/arm-gnu-toolchain/bin/../lib/gcc/arm-none-eabi/4.7.4/../../../../arm-none-eabi/lib/armv7-m\libc.a(lib_a-impure.o)
 .debug_line    0x0000c96c      0x135 c:/programmi/atmel/atmel toolchain/arm gcc/native/4.7.1416/arm-gnu-toolchain/bin/../lib/gcc/arm-none-eabi/4.7.4/../../../../arm-none-eabi/lib/armv7-m\libc.a(lib_a-init.o)
 .debug_line    0x0000caa1      0x270 c:/programmi/atmel/atmel toolchain/arm gcc/native/4.7.1416/arm-gnu-toolchain/bin/../lib/gcc/arm-none-eabi/4.7.4/../../../../arm-none-eabi/lib/armv7-m\libc.a(lib_a-__call_atexit.o)
 .debug_line    0x0000cd11      0x10b c:/programmi/atmel/atmel toolchain/arm gcc/native/4.7.1416/arm-gnu-toolchain/bin/../lib/gcc/arm-none-eabi/4.7.4/../../../../arm-none-eabi/lib/armv7-m\libc.a(lib_a-atexit.o)

.debug_str      0x00000000    0x69fb0
 .debug_str     0x00000000    0x57903 src/ASF/common/services/sleepmgr/sam/sleepmgr.o
                              0x57bfd (size before relaxing)
 .debug_str     0x00057903     0x43e8 src/ASF/common/services/usb/class/cdc/device/udi_cdc.o
                              0x5becf (size before relaxing)
 .debug_str     0x0005bceb      0x584 src/ASF/common/services/usb/class/cdc/device/udi_cdc_desc.o
                              0x5b646 (size before relaxing)
 .debug_str     0x0005c26f      0x758 src/ASF/common/services/usb/udc/udc.o
                              0x5a732 (size before relaxing)
 .debug_str     0x0005c9c7     0xaefa src/ASF/sam/drivers/uotghs/uotghs_device.o
                              0x64f16 (size before relaxing)
 .debug_str     0x000678c1      0xd9a src/main.o
                              0x5f41e (size before relaxing)
 .debug_str     0x0006865b       0x65 src/ASF/common/utils/interrupt/interrupt_sam_nvic.o
                              0x57af7 (size before relaxing)
 .debug_str     0x000686c0      0x2b8 src/ASF/sam/boards/arduino_due_x/init.o
                              0x5baf0 (size before relaxing)
 .debug_str     0x00068978      0x431 src/ASF/sam/drivers/pio/pio.o
                              0x5844a (size before relaxing)
 .debug_str     0x00068da9      0x15a src/ASF/sam/drivers/pio/pio_handler.o
                              0x5848c (size before relaxing)
 .debug_str     0x00068f03      0x77b src/ASF/sam/drivers/pmc/pmc.o
                              0x58483 (size before relaxing)
 .debug_str     0x0006967e      0x13e src/ASF/sam/drivers/pmc/sleep.o
                              0x5abe2 (size before relaxing)
 .debug_str     0x000697bc       0x4d src/ASF/sam/utils/cmsis/sam3x/source/templates/exceptions.o
                              0x4c4d0 (size before relaxing)
 .debug_str     0x00069809       0xb2 src/ASF/sam/utils/cmsis/sam3x/source/templates/gcc/startup_sam3x.o
                              0x4c5a4 (size before relaxing)
 .debug_str     0x000698bb      0x42b c:/programmi/atmel/atmel toolchain/arm gcc/native/4.7.1416/arm-gnu-toolchain/bin/../lib/gcc/arm-none-eabi/4.7.4/../../../../arm-none-eabi/lib/armv7-m\libc.a(lib_a-__atexit.o)
                                0x56d (size before relaxing)
 .debug_str     0x00069ce6       0x96 c:/programmi/atmel/atmel toolchain/arm gcc/native/4.7.1416/arm-gnu-toolchain/bin/../lib/gcc/arm-none-eabi/4.7.4/../../../../arm-none-eabi/lib/armv7-m\libc.a(lib_a-fini.o)
                                0x184 (size before relaxing)
 .debug_str     0x00069d7c       0x6f c:/programmi/atmel/atmel toolchain/arm gcc/native/4.7.1416/arm-gnu-toolchain/bin/../lib/gcc/arm-none-eabi/4.7.4/../../../../arm-none-eabi/lib/armv7-m\libc.a(lib_a-impure.o)
                                0x518 (size before relaxing)
 .debug_str     0x00069deb       0xc0 c:/programmi/atmel/atmel toolchain/arm gcc/native/4.7.1416/arm-gnu-toolchain/bin/../lib/gcc/arm-none-eabi/4.7.4/../../../../arm-none-eabi/lib/armv7-m\libc.a(lib_a-init.o)
                                0x1ae (size before relaxing)
 .debug_str     0x00069eab       0xa1 c:/programmi/atmel/atmel toolchain/arm gcc/native/4.7.1416/arm-gnu-toolchain/bin/../lib/gcc/arm-none-eabi/4.7.4/../../../../arm-none-eabi/lib/armv7-m\libc.a(lib_a-__call_atexit.o)
                                0x569 (size before relaxing)
 .debug_str     0x00069f4c       0x64 c:/programmi/atmel/atmel toolchain/arm gcc/native/4.7.1416/arm-gnu-toolchain/bin/../lib/gcc/arm-none-eabi/4.7.4/../../../../arm-none-eabi/lib/armv7-m\libc.a(lib_a-atexit.o)
                                0x18a (size before relaxing)

.debug_loc      0x00000000     0x4ad0
 .debug_loc     0x00000000     0x10b4 src/ASF/common/services/usb/class/cdc/device/udi_cdc.o
 .debug_loc     0x000010b4      0x592 src/ASF/common/services/usb/udc/udc.o
 .debug_loc     0x00001646     0x16d8 src/ASF/sam/drivers/uotghs/uotghs_device.o
 .debug_loc     0x00002d1e       0x20 src/main.o
 .debug_loc     0x00002d3e       0x1e src/ASF/common/utils/interrupt/interrupt_sam_nvic.o
 .debug_loc     0x00002d5c       0x20 src/ASF/sam/boards/arduino_due_x/init.o
 .debug_loc     0x00002d7c      0x8dc src/ASF/sam/drivers/pio/pio.o
 .debug_loc     0x00003658      0x4a4 src/ASF/sam/drivers/pio/pio_handler.o
 .debug_loc     0x00003afc      0xadd src/ASF/sam/drivers/pmc/pmc.o
 .debug_loc     0x000045d9      0x1f7 src/ASF/sam/drivers/pmc/sleep.o
 .debug_loc     0x000047d0       0x20 src/ASF/sam/utils/cmsis/sam3x/source/templates/gcc/startup_sam3x.o
 .debug_loc     0x000047f0       0xfc c:/programmi/atmel/atmel toolchain/arm gcc/native/4.7.1416/arm-gnu-toolchain/bin/../lib/gcc/arm-none-eabi/4.7.4/../../../../arm-none-eabi/lib/armv7-m\libc.a(lib_a-__atexit.o)
 .debug_loc     0x000048ec       0x33 c:/programmi/atmel/atmel toolchain/arm gcc/native/4.7.1416/arm-gnu-toolchain/bin/../lib/gcc/arm-none-eabi/4.7.4/../../../../arm-none-eabi/lib/armv7-m\libc.a(lib_a-fini.o)
 .debug_loc     0x0000491f       0x4a c:/programmi/atmel/atmel toolchain/arm gcc/native/4.7.1416/arm-gnu-toolchain/bin/../lib/gcc/arm-none-eabi/4.7.4/../../../../arm-none-eabi/lib/armv7-m\libc.a(lib_a-init.o)
 .debug_loc     0x00004969      0x13b c:/programmi/atmel/atmel toolchain/arm gcc/native/4.7.1416/arm-gnu-toolchain/bin/../lib/gcc/arm-none-eabi/4.7.4/../../../../arm-none-eabi/lib/armv7-m\libc.a(lib_a-__call_atexit.o)
 .debug_loc     0x00004aa4       0x2c c:/programmi/atmel/atmel toolchain/arm gcc/native/4.7.1416/arm-gnu-toolchain/bin/../lib/gcc/arm-none-eabi/4.7.4/../../../../arm-none-eabi/lib/armv7-m\libc.a(lib_a-atexit.o)

.debug_ranges   0x00000000      0x938
 .debug_ranges  0x00000000      0x230 src/ASF/common/services/usb/class/cdc/device/udi_cdc.o
 .debug_ranges  0x00000230       0xf0 src/ASF/common/services/usb/udc/udc.o
 .debug_ranges  0x00000320      0x1e8 src/ASF/sam/drivers/uotghs/uotghs_device.o
 .debug_ranges  0x00000508       0x10 src/main.o
 .debug_ranges  0x00000518       0x18 src/ASF/common/utils/interrupt/interrupt_sam_nvic.o
 .debug_ranges  0x00000530       0x10 src/ASF/sam/boards/arduino_due_x/init.o
 .debug_ranges  0x00000540      0x138 src/ASF/sam/drivers/pio/pio.o
 .debug_ranges  0x00000678       0x48 src/ASF/sam/drivers/pio/pio_handler.o
 .debug_ranges  0x000006c0      0x1e8 src/ASF/sam/drivers/pmc/pmc.o
 .debug_ranges  0x000008a8       0x20 src/ASF/sam/drivers/pmc/sleep.o
 .debug_ranges  0x000008c8       0x10 src/ASF/sam/utils/cmsis/sam3x/source/templates/exceptions.o
 .debug_ranges  0x000008d8       0x10 src/ASF/sam/utils/cmsis/sam3x/source/templates/gcc/startup_sam3x.o
 .debug_ranges  0x000008e8       0x50 c:/programmi/atmel/atmel toolchain/arm gcc/native/4.7.1416/arm-gnu-toolchain/bin/../lib/gcc/arm-none-eabi/4.7.4/../../../../arm-none-eabi/lib/armv7-m\libc.a(lib_a-__call_atexit.o)

.debug_frame    0x00000000     0x11cc
 .debug_frame   0x00000000      0x418 src/ASF/common/services/usb/class/cdc/device/udi_cdc.o
 .debug_frame   0x00000418      0x148 src/ASF/common/services/usb/udc/udc.o
 .debug_frame   0x00000560      0x2b4 src/ASF/sam/drivers/uotghs/uotghs_device.o
 .debug_frame   0x00000814       0x28 src/main.o
 .debug_frame   0x0000083c       0x30 src/ASF/common/utils/interrupt/interrupt_sam_nvic.o
 .debug_frame   0x0000086c       0x2c src/ASF/sam/boards/arduino_due_x/init.o
 .debug_frame   0x00000898      0x2bc src/ASF/sam/drivers/pio/pio.o
 .debug_frame   0x00000b54       0xf0 src/ASF/sam/drivers/pio/pio_handler.o
 .debug_frame   0x00000c44      0x3ec src/ASF/sam/drivers/pmc/pmc.o
 .debug_frame   0x00001030       0x60 src/ASF/sam/drivers/pmc/sleep.o
 .debug_frame   0x00001090       0x20 src/ASF/sam/utils/cmsis/sam3x/source/templates/exceptions.o
 .debug_frame   0x000010b0       0x2c src/ASF/sam/utils/cmsis/sam3x/source/templates/gcc/startup_sam3x.o
 .debug_frame   0x000010dc       0x34 c:/programmi/atmel/atmel toolchain/arm gcc/native/4.7.1416/arm-gnu-toolchain/bin/../lib/gcc/arm-none-eabi/4.7.4/../../../../arm-none-eabi/lib/armv7-m\libc.a(lib_a-__atexit.o)
 .debug_frame   0x00001110       0x2c c:/programmi/atmel/atmel toolchain/arm gcc/native/4.7.1416/arm-gnu-toolchain/bin/../lib/gcc/arm-none-eabi/4.7.4/../../../../arm-none-eabi/lib/armv7-m\libc.a(lib_a-fini.o)
 .debug_frame   0x0000113c       0x2c c:/programmi/atmel/atmel toolchain/arm gcc/native/4.7.1416/arm-gnu-toolchain/bin/../lib/gcc/arm-none-eabi/4.7.4/../../../../arm-none-eabi/lib/armv7-m\libc.a(lib_a-init.o)
 .debug_frame   0x00001168       0x44 c:/programmi/atmel/atmel toolchain/arm gcc/native/4.7.1416/arm-gnu-toolchain/bin/../lib/gcc/arm-none-eabi/4.7.4/../../../../arm-none-eabi/lib/armv7-m\libc.a(lib_a-__call_atexit.o)
 .debug_frame   0x000011ac       0x20 c:/programmi/atmel/atmel toolchain/arm gcc/native/4.7.1416/arm-gnu-toolchain/bin/../lib/gcc/arm-none-eabi/4.7.4/../../../../arm-none-eabi/lib/armv7-m\libc.a(lib_a-atexit.o)

Cross Reference Table

Symbol                                            File
ADC_Handler                                       src/ASF/sam/utils/cmsis/sam3x/source/templates/exceptions.o
                                                  src/ASF/sam/utils/cmsis/sam3x/source/templates/gcc/startup_sam3x.o
BusFault_Handler                                  src/ASF/sam/utils/cmsis/sam3x/source/templates/exceptions.o
                                                  src/ASF/sam/utils/cmsis/sam3x/source/templates/gcc/startup_sam3x.o
CAN0_Handler                                      src/ASF/sam/utils/cmsis/sam3x/source/templates/exceptions.o
                                                  src/ASF/sam/utils/cmsis/sam3x/source/templates/gcc/startup_sam3x.o
CAN1_Handler                                      src/ASF/sam/utils/cmsis/sam3x/source/templates/exceptions.o
                                                  src/ASF/sam/utils/cmsis/sam3x/source/templates/gcc/startup_sam3x.o
DACC_Handler                                      src/ASF/sam/utils/cmsis/sam3x/source/templates/exceptions.o
                                                  src/ASF/sam/utils/cmsis/sam3x/source/templates/gcc/startup_sam3x.o
DMAC_Handler                                      src/ASF/sam/utils/cmsis/sam3x/source/templates/exceptions.o
                                                  src/ASF/sam/utils/cmsis/sam3x/source/templates/gcc/startup_sam3x.o
DebugMon_Handler                                  src/ASF/sam/utils/cmsis/sam3x/source/templates/exceptions.o
                                                  src/ASF/sam/utils/cmsis/sam3x/source/templates/gcc/startup_sam3x.o
Dummy_Handler                                     src/ASF/sam/utils/cmsis/sam3x/source/templates/exceptions.o
EFC0_Handler                                      src/ASF/sam/utils/cmsis/sam3x/source/templates/exceptions.o
                                                  src/ASF/sam/utils/cmsis/sam3x/source/templates/gcc/startup_sam3x.o
EFC1_Handler                                      src/ASF/sam/utils/cmsis/sam3x/source/templates/exceptions.o
                                                  src/ASF/sam/utils/cmsis/sam3x/source/templates/gcc/startup_sam3x.o
EMAC_Handler                                      src/ASF/sam/utils/cmsis/sam3x/source/templates/exceptions.o
                                                  src/ASF/sam/utils/cmsis/sam3x/source/templates/gcc/startup_sam3x.o
HSMCI_Handler                                     src/ASF/sam/utils/cmsis/sam3x/source/templates/exceptions.o
                                                  src/ASF/sam/utils/cmsis/sam3x/source/templates/gcc/startup_sam3x.o
HardFault_Handler                                 src/ASF/sam/utils/cmsis/sam3x/source/templates/exceptions.o
                                                  src/ASF/sam/utils/cmsis/sam3x/source/templates/gcc/startup_sam3x.o
MemManage_Handler                                 src/ASF/sam/utils/cmsis/sam3x/source/templates/exceptions.o
                                                  src/ASF/sam/utils/cmsis/sam3x/source/templates/gcc/startup_sam3x.o
NMI_Handler                                       src/ASF/sam/utils/cmsis/sam3x/source/templates/exceptions.o
                                                  src/ASF/sam/utils/cmsis/sam3x/source/templates/gcc/startup_sam3x.o
PIOA_Handler                                      src/ASF/sam/drivers/pio/pio_handler.o
                                                  src/ASF/sam/utils/cmsis/sam3x/source/templates/gcc/startup_sam3x.o
PIOB_Handler                                      src/ASF/sam/drivers/pio/pio_handler.o
                                                  src/ASF/sam/utils/cmsis/sam3x/source/templates/gcc/startup_sam3x.o
PIOC_Handler                                      src/ASF/sam/drivers/pio/pio_handler.o
                                                  src/ASF/sam/utils/cmsis/sam3x/source/templates/gcc/startup_sam3x.o
PIOD_Handler                                      src/ASF/sam/drivers/pio/pio_handler.o
                                                  src/ASF/sam/utils/cmsis/sam3x/source/templates/gcc/startup_sam3x.o
PMC_Handler                                       src/ASF/sam/utils/cmsis/sam3x/source/templates/exceptions.o
                                                  src/ASF/sam/utils/cmsis/sam3x/source/templates/gcc/startup_sam3x.o
PWM_Handler                                       src/ASF/sam/utils/cmsis/sam3x/source/templates/exceptions.o
                                                  src/ASF/sam/utils/cmsis/sam3x/source/templates/gcc/startup_sam3x.o
PendSV_Handler                                    src/ASF/sam/utils/cmsis/sam3x/source/templates/exceptions.o
                                                  src/ASF/sam/utils/cmsis/sam3x/source/templates/gcc/startup_sam3x.o
RSTC_Handler                                      src/ASF/sam/utils/cmsis/sam3x/source/templates/exceptions.o
                                                  src/ASF/sam/utils/cmsis/sam3x/source/templates/gcc/startup_sam3x.o
RTC_Handler                                       src/ASF/sam/utils/cmsis/sam3x/source/templates/exceptions.o
                                                  src/ASF/sam/utils/cmsis/sam3x/source/templates/gcc/startup_sam3x.o
RTT_Handler                                       src/ASF/sam/utils/cmsis/sam3x/source/templates/exceptions.o
                                                  src/ASF/sam/utils/cmsis/sam3x/source/templates/gcc/startup_sam3x.o
Reset_Handler                                     src/ASF/sam/utils/cmsis/sam3x/source/templates/gcc/startup_sam3x.o
SMC_Handler                                       src/ASF/sam/utils/cmsis/sam3x/source/templates/exceptions.o
                                                  src/ASF/sam/utils/cmsis/sam3x/source/templates/gcc/startup_sam3x.o
SPI0_Handler                                      src/ASF/sam/utils/cmsis/sam3x/source/templates/exceptions.o
                                                  src/ASF/sam/utils/cmsis/sam3x/source/templates/gcc/startup_sam3x.o
SSC_Handler                                       src/ASF/sam/utils/cmsis/sam3x/source/templates/exceptions.o
                                                  src/ASF/sam/utils/cmsis/sam3x/source/templates/gcc/startup_sam3x.o
SUPC_Handler                                      src/ASF/sam/utils/cmsis/sam3x/source/templates/exceptions.o
                                                  src/ASF/sam/utils/cmsis/sam3x/source/templates/gcc/startup_sam3x.o
SVC_Handler                                       src/ASF/sam/utils/cmsis/sam3x/source/templates/exceptions.o
                                                  src/ASF/sam/utils/cmsis/sam3x/source/templates/gcc/startup_sam3x.o
SysTick_Handler                                   src/ASF/sam/utils/cmsis/sam3x/source/templates/exceptions.o
                                                  src/ASF/sam/utils/cmsis/sam3x/source/templates/gcc/startup_sam3x.o
SystemCoreClock                                   src/ASF/sam/utils/cmsis/sam3x/source/templates/system_sam3x.o
SystemCoreClockUpdate                             src/ASF/sam/utils/cmsis/sam3x/source/templates/system_sam3x.o
                                                  src/ASF/common/services/clock/sam3x/sysclk.o
SystemInit                                        src/ASF/sam/utils/cmsis/sam3x/source/templates/system_sam3x.o
TC0_Handler                                       src/ASF/sam/utils/cmsis/sam3x/source/templates/exceptions.o
                                                  src/ASF/sam/utils/cmsis/sam3x/source/templates/gcc/startup_sam3x.o
TC1_Handler                                       src/ASF/sam/utils/cmsis/sam3x/source/templates/exceptions.o
                                                  src/ASF/sam/utils/cmsis/sam3x/source/templates/gcc/startup_sam3x.o
TC2_Handler                                       src/ASF/sam/utils/cmsis/sam3x/source/templates/exceptions.o
                                                  src/ASF/sam/utils/cmsis/sam3x/source/templates/gcc/startup_sam3x.o
TC3_Handler                                       src/ASF/sam/utils/cmsis/sam3x/source/templates/exceptions.o
                                                  src/ASF/sam/utils/cmsis/sam3x/source/templates/gcc/startup_sam3x.o
TC4_Handler                                       src/ASF/sam/utils/cmsis/sam3x/source/templates/exceptions.o
                                                  src/ASF/sam/utils/cmsis/sam3x/source/templates/gcc/startup_sam3x.o
TC5_Handler                                       src/ASF/sam/utils/cmsis/sam3x/source/templates/exceptions.o
                                                  src/ASF/sam/utils/cmsis/sam3x/source/templates/gcc/startup_sam3x.o
TC6_Handler                                       src/ASF/sam/utils/cmsis/sam3x/source/templates/exceptions.o
                                                  src/ASF/sam/utils/cmsis/sam3x/source/templates/gcc/startup_sam3x.o
TC7_Handler                                       src/ASF/sam/utils/cmsis/sam3x/source/templates/exceptions.o
                                                  src/ASF/sam/utils/cmsis/sam3x/source/templates/gcc/startup_sam3x.o
TC8_Handler                                       src/ASF/sam/utils/cmsis/sam3x/source/templates/exceptions.o
                                                  src/ASF/sam/utils/cmsis/sam3x/source/templates/gcc/startup_sam3x.o
TRNG_Handler                                      src/ASF/sam/utils/cmsis/sam3x/source/templates/exceptions.o
                                                  src/ASF/sam/utils/cmsis/sam3x/source/templates/gcc/startup_sam3x.o
TWI0_Handler                                      src/ASF/sam/utils/cmsis/sam3x/source/templates/exceptions.o
                                                  src/ASF/sam/utils/cmsis/sam3x/source/templates/gcc/startup_sam3x.o
TWI1_Handler                                      src/ASF/sam/utils/cmsis/sam3x/source/templates/exceptions.o
                                                  src/ASF/sam/utils/cmsis/sam3x/source/templates/gcc/startup_sam3x.o
UART_Handler                                      src/ASF/sam/utils/cmsis/sam3x/source/templates/exceptions.o
                                                  src/ASF/sam/utils/cmsis/sam3x/source/templates/gcc/startup_sam3x.o
UOTGHS_Handler                                    src/ASF/sam/drivers/uotghs/uotghs_device.o
                                                  src/ASF/sam/utils/cmsis/sam3x/source/templates/gcc/startup_sam3x.o
USART0_Handler                                    src/ASF/sam/utils/cmsis/sam3x/source/templates/exceptions.o
                                                  src/ASF/sam/utils/cmsis/sam3x/source/templates/gcc/startup_sam3x.o
USART1_Handler                                    src/ASF/sam/utils/cmsis/sam3x/source/templates/exceptions.o
                                                  src/ASF/sam/utils/cmsis/sam3x/source/templates/gcc/startup_sam3x.o
USART2_Handler                                    src/ASF/sam/utils/cmsis/sam3x/source/templates/exceptions.o
                                                  src/ASF/sam/utils/cmsis/sam3x/source/templates/gcc/startup_sam3x.o
USART3_Handler                                    src/ASF/sam/utils/cmsis/sam3x/source/templates/exceptions.o
                                                  src/ASF/sam/utils/cmsis/sam3x/source/templates/gcc/startup_sam3x.o
UsageFault_Handler                                src/ASF/sam/utils/cmsis/sam3x/source/templates/exceptions.o
                                                  src/ASF/sam/utils/cmsis/sam3x/source/templates/gcc/startup_sam3x.o
WDT_Handler                                       src/ASF/sam/utils/cmsis/sam3x/source/templates/exceptions.o
                                                  src/ASF/sam/utils/cmsis/sam3x/source/templates/gcc/startup_sam3x.o
_ITM_deregisterTMCloneTable                       c:/programmi/atmel/atmel toolchain/arm gcc/native/4.7.1416/arm-gnu-toolchain/bin/../lib/gcc/arm-none-eabi/4.7.4/armv7-m/crtbegin.o
_ITM_registerTMCloneTable                         c:/programmi/atmel/atmel toolchain/arm gcc/native/4.7.1416/arm-gnu-toolchain/bin/../lib/gcc/arm-none-eabi/4.7.4/armv7-m/crtbegin.o
_Jv_RegisterClasses                               c:/programmi/atmel/atmel toolchain/arm gcc/native/4.7.1416/arm-gnu-toolchain/bin/../lib/gcc/arm-none-eabi/4.7.4/armv7-m/crtbegin.o
_PathLocale                                       c:/programmi/atmel/atmel toolchain/arm gcc/native/4.7.1416/arm-gnu-toolchain/bin/../lib/gcc/arm-none-eabi/4.7.4/../../../../arm-none-eabi/lib/armv7-m\libc.a(lib_a-locale.o)
__TMC_END__                                       c:/programmi/atmel/atmel toolchain/arm gcc/native/4.7.1416/arm-gnu-toolchain/bin/../lib/gcc/arm-none-eabi/4.7.4/armv7-m/crtend.o
                                                  c:/programmi/atmel/atmel toolchain/arm gcc/native/4.7.1416/arm-gnu-toolchain/bin/../lib/gcc/arm-none-eabi/4.7.4/armv7-m/crtbegin.o
__aeabi_idiv0                                     c:/programmi/atmel/atmel toolchain/arm gcc/native/4.7.1416/arm-gnu-toolchain/bin/../lib/gcc/arm-none-eabi/4.7.4/armv7-m\libgcc.a(_dvmd_tls.o)
__aeabi_ldiv0                                     c:/programmi/atmel/atmel toolchain/arm gcc/native/4.7.1416/arm-gnu-toolchain/bin/../lib/gcc/arm-none-eabi/4.7.4/armv7-m\libgcc.a(_dvmd_tls.o)
                                                  c:/programmi/atmel/atmel toolchain/arm gcc/native/4.7.1416/arm-gnu-toolchain/bin/../lib/gcc/arm-none-eabi/4.7.4/armv7-m\libgcc.a(_aeabi_uldivmod.o)
__aeabi_uldivmod                                  c:/programmi/atmel/atmel toolchain/arm gcc/native/4.7.1416/arm-gnu-toolchain/bin/../lib/gcc/arm-none-eabi/4.7.4/armv7-m\libgcc.a(_aeabi_uldivmod.o)
                                                  c:/programmi/atmel/atmel toolchain/arm gcc/native/4.7.1416/arm-gnu-toolchain/bin/../lib/gcc/arm-none-eabi/4.7.4/../../../../arm-none-eabi/lib/armv7-m\libc.a(lib_a-vfiprintf.o)
__ascii_wctomb                                    c:/programmi/atmel/atmel toolchain/arm gcc/native/4.7.1416/arm-gnu-toolchain/bin/../lib/gcc/arm-none-eabi/4.7.4/../../../../arm-none-eabi/lib/armv7-m\libc.a(lib_a-wctomb_r.o)
__bss_end__                                       c:/programmi/atmel/atmel toolchain/arm gcc/native/4.7.1416/arm-gnu-toolchain/bin/../lib/gcc/arm-none-eabi/4.7.4/../../../../arm-none-eabi/lib/armv7-m/crt0.o
__bss_start__                                     c:/programmi/atmel/atmel toolchain/arm gcc/native/4.7.1416/arm-gnu-toolchain/bin/../lib/gcc/arm-none-eabi/4.7.4/../../../../arm-none-eabi/lib/armv7-m/crt0.o
__call_exitprocs                                  c:/programmi/atmel/atmel toolchain/arm gcc/native/4.7.1416/arm-gnu-toolchain/bin/../lib/gcc/arm-none-eabi/4.7.4/../../../../arm-none-eabi/lib/armv7-m\libc.a(lib_a-__call_atexit.o)
                                                  c:/programmi/atmel/atmel toolchain/arm gcc/native/4.7.1416/arm-gnu-toolchain/bin/../lib/gcc/arm-none-eabi/4.7.4/../../../../arm-none-eabi/lib/armv7-m\libc.a(lib_a-exit.o)
__deregister_frame_info                           c:/programmi/atmel/atmel toolchain/arm gcc/native/4.7.1416/arm-gnu-toolchain/bin/../lib/gcc/arm-none-eabi/4.7.4/armv7-m/crtbegin.o
__divdi3                                          c:/programmi/atmel/atmel toolchain/arm gcc/native/4.7.1416/arm-gnu-toolchain/bin/../lib/gcc/arm-none-eabi/4.7.4/armv7-m\libgcc.a(_divdi3.o)
                                                  c:/programmi/atmel/atmel toolchain/arm gcc/native/4.7.1416/arm-gnu-toolchain/bin/../lib/gcc/arm-none-eabi/4.7.4/armv7-m\libgcc.a(bpabi.o)
__dso_handle                                      c:/programmi/atmel/atmel toolchain/arm gcc/native/4.7.1416/arm-gnu-toolchain/bin/../lib/gcc/arm-none-eabi/4.7.4/armv7-m/crtbegin.o
__fini_array_end                                  c:/programmi/atmel/atmel toolchain/arm gcc/native/4.7.1416/arm-gnu-toolchain/bin/../lib/gcc/arm-none-eabi/4.7.4/../../../../arm-none-eabi/lib/armv7-m\libc.a(lib_a-fini.o)
__fini_array_start                                c:/programmi/atmel/atmel toolchain/arm gcc/native/4.7.1416/arm-gnu-toolchain/bin/../lib/gcc/arm-none-eabi/4.7.4/../../../../arm-none-eabi/lib/armv7-m\libc.a(lib_a-fini.o)
__fp_lock_all                                     c:/programmi/atmel/atmel toolchain/arm gcc/native/4.7.1416/arm-gnu-toolchain/bin/../lib/gcc/arm-none-eabi/4.7.4/../../../../arm-none-eabi/lib/armv7-m\libc.a(lib_a-findfp.o)
__fp_unlock_all                                   c:/programmi/atmel/atmel toolchain/arm gcc/native/4.7.1416/arm-gnu-toolchain/bin/../lib/gcc/arm-none-eabi/4.7.4/../../../../arm-none-eabi/lib/armv7-m\libc.a(lib_a-findfp.o)
__gnu_ldivmod_helper                              c:/programmi/atmel/atmel toolchain/arm gcc/native/4.7.1416/arm-gnu-toolchain/bin/../lib/gcc/arm-none-eabi/4.7.4/armv7-m\libgcc.a(bpabi.o)
__gnu_uldivmod_helper                             c:/programmi/atmel/atmel toolchain/arm gcc/native/4.7.1416/arm-gnu-toolchain/bin/../lib/gcc/arm-none-eabi/4.7.4/armv7-m\libgcc.a(bpabi.o)
                                                  c:/programmi/atmel/atmel toolchain/arm gcc/native/4.7.1416/arm-gnu-toolchain/bin/../lib/gcc/arm-none-eabi/4.7.4/armv7-m\libgcc.a(_aeabi_uldivmod.o)
__init_array_end                                  c:/programmi/atmel/atmel toolchain/arm gcc/native/4.7.1416/arm-gnu-toolchain/bin/../lib/gcc/arm-none-eabi/4.7.4/../../../../arm-none-eabi/lib/armv7-m\libc.a(lib_a-init.o)
__init_array_start                                c:/programmi/atmel/atmel toolchain/arm gcc/native/4.7.1416/arm-gnu-toolchain/bin/../lib/gcc/arm-none-eabi/4.7.4/../../../../arm-none-eabi/lib/armv7-m\libc.a(lib_a-init.o)
__libc_fini                                       c:/programmi/atmel/atmel toolchain/arm gcc/native/4.7.1416/arm-gnu-toolchain/bin/../lib/gcc/arm-none-eabi/4.7.4/../../../../arm-none-eabi/lib/armv7-m\libc.a(lib_a-__call_atexit.o)
__libc_fini_array                                 c:/programmi/atmel/atmel toolchain/arm gcc/native/4.7.1416/arm-gnu-toolchain/bin/../lib/gcc/arm-none-eabi/4.7.4/../../../../arm-none-eabi/lib/armv7-m\libc.a(lib_a-fini.o)
                                                  c:/programmi/atmel/atmel toolchain/arm gcc/native/4.7.1416/arm-gnu-toolchain/bin/../lib/gcc/arm-none-eabi/4.7.4/../../../../arm-none-eabi/lib/armv7-m\libc.a(lib_a-__call_atexit.o)
                                                  c:/programmi/atmel/atmel toolchain/arm gcc/native/4.7.1416/arm-gnu-toolchain/bin/../lib/gcc/arm-none-eabi/4.7.4/../../../../arm-none-eabi/lib/armv7-m/crt0.o
__libc_init_array                                 c:/programmi/atmel/atmel toolchain/arm gcc/native/4.7.1416/arm-gnu-toolchain/bin/../lib/gcc/arm-none-eabi/4.7.4/../../../../arm-none-eabi/lib/armv7-m\libc.a(lib_a-init.o)
                                                  src/ASF/sam/utils/cmsis/sam3x/source/templates/gcc/startup_sam3x.o
                                                  c:/programmi/atmel/atmel toolchain/arm gcc/native/4.7.1416/arm-gnu-toolchain/bin/../lib/gcc/arm-none-eabi/4.7.4/../../../../arm-none-eabi/lib/armv7-m/crt0.o
__locale_charset                                  c:/programmi/atmel/atmel toolchain/arm gcc/native/4.7.1416/arm-gnu-toolchain/bin/../lib/gcc/arm-none-eabi/4.7.4/../../../../arm-none-eabi/lib/armv7-m\libc.a(lib_a-locale.o)
                                                  c:/programmi/atmel/atmel toolchain/arm gcc/native/4.7.1416/arm-gnu-toolchain/bin/../lib/gcc/arm-none-eabi/4.7.4/../../../../arm-none-eabi/lib/armv7-m\libc.a(lib_a-wctomb_r.o)
                                                  c:/programmi/atmel/atmel toolchain/arm gcc/native/4.7.1416/arm-gnu-toolchain/bin/../lib/gcc/arm-none-eabi/4.7.4/../../../../arm-none-eabi/lib/armv7-m\libc.a(lib_a-wcrtomb.o)
__locale_cjk_lang                                 c:/programmi/atmel/atmel toolchain/arm gcc/native/4.7.1416/arm-gnu-toolchain/bin/../lib/gcc/arm-none-eabi/4.7.4/../../../../arm-none-eabi/lib/armv7-m\libc.a(lib_a-locale.o)
__locale_mb_cur_max                               c:/programmi/atmel/atmel toolchain/arm gcc/native/4.7.1416/arm-gnu-toolchain/bin/../lib/gcc/arm-none-eabi/4.7.4/../../../../arm-none-eabi/lib/armv7-m\libc.a(lib_a-locale.o)
                                                  c:/programmi/atmel/atmel toolchain/arm gcc/native/4.7.1416/arm-gnu-toolchain/bin/../lib/gcc/arm-none-eabi/4.7.4/../../../../arm-none-eabi/lib/armv7-m\libc.a(lib_a-fputwc.o)
__locale_msgcharset                               c:/programmi/atmel/atmel toolchain/arm gcc/native/4.7.1416/arm-gnu-toolchain/bin/../lib/gcc/arm-none-eabi/4.7.4/../../../../arm-none-eabi/lib/armv7-m\libc.a(lib_a-locale.o)
__malloc_av_                                      c:/programmi/atmel/atmel toolchain/arm gcc/native/4.7.1416/arm-gnu-toolchain/bin/../lib/gcc/arm-none-eabi/4.7.4/../../../../arm-none-eabi/lib/armv7-m\libc.a(lib_a-mallocr.o)
                                                  c:/programmi/atmel/atmel toolchain/arm gcc/native/4.7.1416/arm-gnu-toolchain/bin/../lib/gcc/arm-none-eabi/4.7.4/../../../../arm-none-eabi/lib/armv7-m\libc.a(lib_a-reallocr.o)
                                                  c:/programmi/atmel/atmel toolchain/arm gcc/native/4.7.1416/arm-gnu-toolchain/bin/../lib/gcc/arm-none-eabi/4.7.4/../../../../arm-none-eabi/lib/armv7-m\libc.a(lib_a-freer.o)
__malloc_current_mallinfo                         c:/programmi/atmel/atmel toolchain/arm gcc/native/4.7.1416/arm-gnu-toolchain/bin/../lib/gcc/arm-none-eabi/4.7.4/../../../../arm-none-eabi/lib/armv7-m\libc.a(lib_a-mallocr.o)
                                                  c:/programmi/atmel/atmel toolchain/arm gcc/native/4.7.1416/arm-gnu-toolchain/bin/../lib/gcc/arm-none-eabi/4.7.4/../../../../arm-none-eabi/lib/armv7-m\libc.a(lib_a-freer.o)
__malloc_lock                                     c:/programmi/atmel/atmel toolchain/arm gcc/native/4.7.1416/arm-gnu-toolchain/bin/../lib/gcc/arm-none-eabi/4.7.4/../../../../arm-none-eabi/lib/armv7-m\libc.a(lib_a-mlock.o)
                                                  c:/programmi/atmel/atmel toolchain/arm gcc/native/4.7.1416/arm-gnu-toolchain/bin/../lib/gcc/arm-none-eabi/4.7.4/../../../../arm-none-eabi/lib/armv7-m\libc.a(lib_a-reallocr.o)
                                                  c:/programmi/atmel/atmel toolchain/arm gcc/native/4.7.1416/arm-gnu-toolchain/bin/../lib/gcc/arm-none-eabi/4.7.4/../../../../arm-none-eabi/lib/armv7-m\libc.a(lib_a-mallocr.o)
                                                  c:/programmi/atmel/atmel toolchain/arm gcc/native/4.7.1416/arm-gnu-toolchain/bin/../lib/gcc/arm-none-eabi/4.7.4/../../../../arm-none-eabi/lib/armv7-m\libc.a(lib_a-freer.o)
__malloc_max_sbrked_mem                           c:/programmi/atmel/atmel toolchain/arm gcc/native/4.7.1416/arm-gnu-toolchain/bin/../lib/gcc/arm-none-eabi/4.7.4/../../../../arm-none-eabi/lib/armv7-m\libc.a(lib_a-mallocr.o)
__malloc_max_total_mem                            c:/programmi/atmel/atmel toolchain/arm gcc/native/4.7.1416/arm-gnu-toolchain/bin/../lib/gcc/arm-none-eabi/4.7.4/../../../../arm-none-eabi/lib/armv7-m\libc.a(lib_a-mallocr.o)
__malloc_sbrk_base                                c:/programmi/atmel/atmel toolchain/arm gcc/native/4.7.1416/arm-gnu-toolchain/bin/../lib/gcc/arm-none-eabi/4.7.4/../../../../arm-none-eabi/lib/armv7-m\libc.a(lib_a-mallocr.o)
                                                  c:/programmi/atmel/atmel toolchain/arm gcc/native/4.7.1416/arm-gnu-toolchain/bin/../lib/gcc/arm-none-eabi/4.7.4/../../../../arm-none-eabi/lib/armv7-m\libc.a(lib_a-freer.o)
__malloc_top_pad                                  c:/programmi/atmel/atmel toolchain/arm gcc/native/4.7.1416/arm-gnu-toolchain/bin/../lib/gcc/arm-none-eabi/4.7.4/../../../../arm-none-eabi/lib/armv7-m\libc.a(lib_a-mallocr.o)
                                                  c:/programmi/atmel/atmel toolchain/arm gcc/native/4.7.1416/arm-gnu-toolchain/bin/../lib/gcc/arm-none-eabi/4.7.4/../../../../arm-none-eabi/lib/armv7-m\libc.a(lib_a-freer.o)
__malloc_trim_threshold                           c:/programmi/atmel/atmel toolchain/arm gcc/native/4.7.1416/arm-gnu-toolchain/bin/../lib/gcc/arm-none-eabi/4.7.4/../../../../arm-none-eabi/lib/armv7-m\libc.a(lib_a-mallocr.o)
                                                  c:/programmi/atmel/atmel toolchain/arm gcc/native/4.7.1416/arm-gnu-toolchain/bin/../lib/gcc/arm-none-eabi/4.7.4/../../../../arm-none-eabi/lib/armv7-m\libc.a(lib_a-freer.o)
__malloc_unlock                                   c:/programmi/atmel/atmel toolchain/arm gcc/native/4.7.1416/arm-gnu-toolchain/bin/../lib/gcc/arm-none-eabi/4.7.4/../../../../arm-none-eabi/lib/armv7-m\libc.a(lib_a-mlock.o)
                                                  c:/programmi/atmel/atmel toolchain/arm gcc/native/4.7.1416/arm-gnu-toolchain/bin/../lib/gcc/arm-none-eabi/4.7.4/../../../../arm-none-eabi/lib/armv7-m\libc.a(lib_a-reallocr.o)
                                                  c:/programmi/atmel/atmel toolchain/arm gcc/native/4.7.1416/arm-gnu-toolchain/bin/../lib/gcc/arm-none-eabi/4.7.4/../../../../arm-none-eabi/lib/armv7-m\libc.a(lib_a-mallocr.o)
                                                  c:/programmi/atmel/atmel toolchain/arm gcc/native/4.7.1416/arm-gnu-toolchain/bin/../lib/gcc/arm-none-eabi/4.7.4/../../../../arm-none-eabi/lib/armv7-m\libc.a(lib_a-freer.o)
__mb_cur_max                                      c:/programmi/atmel/atmel toolchain/arm gcc/native/4.7.1416/arm-gnu-toolchain/bin/../lib/gcc/arm-none-eabi/4.7.4/../../../../arm-none-eabi/lib/armv7-m\libc.a(lib_a-locale.o)
__mlocale_changed                                 c:/programmi/atmel/atmel toolchain/arm gcc/native/4.7.1416/arm-gnu-toolchain/bin/../lib/gcc/arm-none-eabi/4.7.4/../../../../arm-none-eabi/lib/armv7-m\libc.a(lib_a-locale.o)
__nlocale_changed                                 c:/programmi/atmel/atmel toolchain/arm gcc/native/4.7.1416/arm-gnu-toolchain/bin/../lib/gcc/arm-none-eabi/4.7.4/../../../../arm-none-eabi/lib/armv7-m\libc.a(lib_a-locale.o)
__preinit_array_end                               c:/programmi/atmel/atmel toolchain/arm gcc/native/4.7.1416/arm-gnu-toolchain/bin/../lib/gcc/arm-none-eabi/4.7.4/../../../../arm-none-eabi/lib/armv7-m\libc.a(lib_a-init.o)
__preinit_array_start                             c:/programmi/atmel/atmel toolchain/arm gcc/native/4.7.1416/arm-gnu-toolchain/bin/../lib/gcc/arm-none-eabi/4.7.4/../../../../arm-none-eabi/lib/armv7-m\libc.a(lib_a-init.o)
__register_exitproc                               c:/programmi/atmel/atmel toolchain/arm gcc/native/4.7.1416/arm-gnu-toolchain/bin/../lib/gcc/arm-none-eabi/4.7.4/../../../../arm-none-eabi/lib/armv7-m\libc.a(lib_a-__atexit.o)
                                                  c:/programmi/atmel/atmel toolchain/arm gcc/native/4.7.1416/arm-gnu-toolchain/bin/../lib/gcc/arm-none-eabi/4.7.4/../../../../arm-none-eabi/lib/armv7-m\libc.a(lib_a-atexit.o)
                                                  c:/programmi/atmel/atmel toolchain/arm gcc/native/4.7.1416/arm-gnu-toolchain/bin/../lib/gcc/arm-none-eabi/4.7.4/../../../../arm-none-eabi/lib/armv7-m/crt0.o
__register_frame_info                             c:/programmi/atmel/atmel toolchain/arm gcc/native/4.7.1416/arm-gnu-toolchain/bin/../lib/gcc/arm-none-eabi/4.7.4/armv7-m/crtbegin.o
__sclose                                          c:/programmi/atmel/atmel toolchain/arm gcc/native/4.7.1416/arm-gnu-toolchain/bin/../lib/gcc/arm-none-eabi/4.7.4/../../../../arm-none-eabi/lib/armv7-m\libc.a(lib_a-stdio.o)
                                                  c:/programmi/atmel/atmel toolchain/arm gcc/native/4.7.1416/arm-gnu-toolchain/bin/../lib/gcc/arm-none-eabi/4.7.4/../../../../arm-none-eabi/lib/armv7-m\libc.a(lib_a-findfp.o)
__seofread                                        c:/programmi/atmel/atmel toolchain/arm gcc/native/4.7.1416/arm-gnu-toolchain/bin/../lib/gcc/arm-none-eabi/4.7.4/../../../../arm-none-eabi/lib/armv7-m\libc.a(lib_a-stdio.o)
__sfmoreglue                                      c:/programmi/atmel/atmel toolchain/arm gcc/native/4.7.1416/arm-gnu-toolchain/bin/../lib/gcc/arm-none-eabi/4.7.4/../../../../arm-none-eabi/lib/armv7-m\libc.a(lib_a-findfp.o)
__sfp                                             c:/programmi/atmel/atmel toolchain/arm gcc/native/4.7.1416/arm-gnu-toolchain/bin/../lib/gcc/arm-none-eabi/4.7.4/../../../../arm-none-eabi/lib/armv7-m\libc.a(lib_a-findfp.o)
__sfp_lock_acquire                                c:/programmi/atmel/atmel toolchain/arm gcc/native/4.7.1416/arm-gnu-toolchain/bin/../lib/gcc/arm-none-eabi/4.7.4/../../../../arm-none-eabi/lib/armv7-m\libc.a(lib_a-findfp.o)
                                                  c:/programmi/atmel/atmel toolchain/arm gcc/native/4.7.1416/arm-gnu-toolchain/bin/../lib/gcc/arm-none-eabi/4.7.4/../../../../arm-none-eabi/lib/armv7-m\libc.a(lib_a-fclose.o)
                                                  c:/programmi/atmel/atmel toolchain/arm gcc/native/4.7.1416/arm-gnu-toolchain/bin/../lib/gcc/arm-none-eabi/4.7.4/../../../../arm-none-eabi/lib/armv7-m\libc.a(lib_a-fwalk.o)
__sfp_lock_release                                c:/programmi/atmel/atmel toolchain/arm gcc/native/4.7.1416/arm-gnu-toolchain/bin/../lib/gcc/arm-none-eabi/4.7.4/../../../../arm-none-eabi/lib/armv7-m\libc.a(lib_a-findfp.o)
                                                  c:/programmi/atmel/atmel toolchain/arm gcc/native/4.7.1416/arm-gnu-toolchain/bin/../lib/gcc/arm-none-eabi/4.7.4/../../../../arm-none-eabi/lib/armv7-m\libc.a(lib_a-fclose.o)
                                                  c:/programmi/atmel/atmel toolchain/arm gcc/native/4.7.1416/arm-gnu-toolchain/bin/../lib/gcc/arm-none-eabi/4.7.4/../../../../arm-none-eabi/lib/armv7-m\libc.a(lib_a-fwalk.o)
__sfvwrite_r                                      c:/programmi/atmel/atmel toolchain/arm gcc/native/4.7.1416/arm-gnu-toolchain/bin/../lib/gcc/arm-none-eabi/4.7.4/../../../../arm-none-eabi/lib/armv7-m\libc.a(lib_a-fvwrite.o)
                                                  c:/programmi/atmel/atmel toolchain/arm gcc/native/4.7.1416/arm-gnu-toolchain/bin/../lib/gcc/arm-none-eabi/4.7.4/../../../../arm-none-eabi/lib/armv7-m\libc.a(lib_a-vfiprintf.o)
                                                  c:/programmi/atmel/atmel toolchain/arm gcc/native/4.7.1416/arm-gnu-toolchain/bin/../lib/gcc/arm-none-eabi/4.7.4/../../../../arm-none-eabi/lib/armv7-m\libc.a(lib_a-puts.o)
__sinit                                           c:/programmi/atmel/atmel toolchain/arm gcc/native/4.7.1416/arm-gnu-toolchain/bin/../lib/gcc/arm-none-eabi/4.7.4/../../../../arm-none-eabi/lib/armv7-m\libc.a(lib_a-findfp.o)
                                                  c:/programmi/atmel/atmel toolchain/arm gcc/native/4.7.1416/arm-gnu-toolchain/bin/../lib/gcc/arm-none-eabi/4.7.4/../../../../arm-none-eabi/lib/armv7-m\libc.a(lib_a-fclose.o)
                                                  c:/programmi/atmel/atmel toolchain/arm gcc/native/4.7.1416/arm-gnu-toolchain/bin/../lib/gcc/arm-none-eabi/4.7.4/../../../../arm-none-eabi/lib/armv7-m\libc.a(lib_a-wbuf.o)
                                                  c:/programmi/atmel/atmel toolchain/arm gcc/native/4.7.1416/arm-gnu-toolchain/bin/../lib/gcc/arm-none-eabi/4.7.4/../../../../arm-none-eabi/lib/armv7-m\libc.a(lib_a-fputwc.o)
                                                  c:/programmi/atmel/atmel toolchain/arm gcc/native/4.7.1416/arm-gnu-toolchain/bin/../lib/gcc/arm-none-eabi/4.7.4/../../../../arm-none-eabi/lib/armv7-m\libc.a(lib_a-fflush.o)
                                                  c:/programmi/atmel/atmel toolchain/arm gcc/native/4.7.1416/arm-gnu-toolchain/bin/../lib/gcc/arm-none-eabi/4.7.4/../../../../arm-none-eabi/lib/armv7-m\libc.a(lib_a-wsetup.o)
                                                  c:/programmi/atmel/atmel toolchain/arm gcc/native/4.7.1416/arm-gnu-toolchain/bin/../lib/gcc/arm-none-eabi/4.7.4/../../../../arm-none-eabi/lib/armv7-m\libc.a(lib_a-vfiprintf.o)
__sinit_lock_acquire                              c:/programmi/atmel/atmel toolchain/arm gcc/native/4.7.1416/arm-gnu-toolchain/bin/../lib/gcc/arm-none-eabi/4.7.4/../../../../arm-none-eabi/lib/armv7-m\libc.a(lib_a-findfp.o)
__sinit_lock_release                              c:/programmi/atmel/atmel toolchain/arm gcc/native/4.7.1416/arm-gnu-toolchain/bin/../lib/gcc/arm-none-eabi/4.7.4/../../../../arm-none-eabi/lib/armv7-m\libc.a(lib_a-findfp.o)
__smakebuf_r                                      c:/programmi/atmel/atmel toolchain/arm gcc/native/4.7.1416/arm-gnu-toolchain/bin/../lib/gcc/arm-none-eabi/4.7.4/../../../../arm-none-eabi/lib/armv7-m\libc.a(lib_a-makebuf.o)
                                                  c:/programmi/atmel/atmel toolchain/arm gcc/native/4.7.1416/arm-gnu-toolchain/bin/../lib/gcc/arm-none-eabi/4.7.4/../../../../arm-none-eabi/lib/armv7-m\libc.a(lib_a-wsetup.o)
__sprint_r                                        c:/programmi/atmel/atmel toolchain/arm gcc/native/4.7.1416/arm-gnu-toolchain/bin/../lib/gcc/arm-none-eabi/4.7.4/../../../../arm-none-eabi/lib/armv7-m\libc.a(lib_a-vfiprintf.o)
__sread                                           c:/programmi/atmel/atmel toolchain/arm gcc/native/4.7.1416/arm-gnu-toolchain/bin/../lib/gcc/arm-none-eabi/4.7.4/../../../../arm-none-eabi/lib/armv7-m\libc.a(lib_a-stdio.o)
                                                  c:/programmi/atmel/atmel toolchain/arm gcc/native/4.7.1416/arm-gnu-toolchain/bin/../lib/gcc/arm-none-eabi/4.7.4/../../../../arm-none-eabi/lib/armv7-m\libc.a(lib_a-findfp.o)
__sseek                                           c:/programmi/atmel/atmel toolchain/arm gcc/native/4.7.1416/arm-gnu-toolchain/bin/../lib/gcc/arm-none-eabi/4.7.4/../../../../arm-none-eabi/lib/armv7-m\libc.a(lib_a-stdio.o)
                                                  c:/programmi/atmel/atmel toolchain/arm gcc/native/4.7.1416/arm-gnu-toolchain/bin/../lib/gcc/arm-none-eabi/4.7.4/../../../../arm-none-eabi/lib/armv7-m\libc.a(lib_a-makebuf.o)
                                                  c:/programmi/atmel/atmel toolchain/arm gcc/native/4.7.1416/arm-gnu-toolchain/bin/../lib/gcc/arm-none-eabi/4.7.4/../../../../arm-none-eabi/lib/armv7-m\libc.a(lib_a-findfp.o)
__stack                                           c:/programmi/atmel/atmel toolchain/arm gcc/native/4.7.1416/arm-gnu-toolchain/bin/../lib/gcc/arm-none-eabi/4.7.4/../../../../arm-none-eabi/lib/armv7-m/crt0.o
__swbuf                                           c:/programmi/atmel/atmel toolchain/arm gcc/native/4.7.1416/arm-gnu-toolchain/bin/../lib/gcc/arm-none-eabi/4.7.4/../../../../arm-none-eabi/lib/armv7-m\libc.a(lib_a-wbuf.o)